Archive member included to satisfy reference by file (symbol)

/opt/gcc-arm-none-eabi-9-2020-q2-update/bin/../lib/gcc/arm-none-eabi/9.3.1/thumb/v6-m/nofp/libgcc.a(_thumb1_case_uqi.o)
                              CMakeFiles/bootloader.dir/main.c.obj (__gnu_thumb1_case_uqi)
/opt/gcc-arm-none-eabi-9-2020-q2-update/bin/../lib/gcc/arm-none-eabi/9.3.1/thumb/v6-m/nofp/libgcc.a(_thumb1_case_shi.o)
                              CMakeFiles/bootloader.dir/home/w0x7ce/pico-sdk/src/rp2_common/pico_printf/printf.c.obj (__gnu_thumb1_case_shi)
/opt/gcc-arm-none-eabi-9-2020-q2-update/bin/../lib/gcc/arm-none-eabi/9.3.1/thumb/v6-m/nofp/libgcc.a(_dvmd_tls.o)
                              CMakeFiles/bootloader.dir/home/w0x7ce/pico-sdk/src/rp2_common/pico_divider/divider.S.obj (__aeabi_idiv0)
/opt/gcc-arm-none-eabi-9-2020-q2-update/bin/../lib/gcc/arm-none-eabi/9.3.1/thumb/v6-m/nofp/libgcc.a(_lshrdi3.o)
                              CMakeFiles/bootloader.dir/home/w0x7ce/pico-sdk/src/rp2_common/pico_double/double_math.c.obj (__aeabi_llsr)
/opt/gcc-arm-none-eabi-9-2020-q2-update/bin/../lib/gcc/arm-none-eabi/9.3.1/thumb/v6-m/nofp/libgcc.a(_ashldi3.o)
                              CMakeFiles/bootloader.dir/home/w0x7ce/pico-sdk/src/rp2_common/pico_double/double_math.c.obj (__aeabi_llsl)
/opt/gcc-arm-none-eabi-9-2020-q2-update/bin/../lib/gcc/arm-none-eabi/9.3.1/../../../../arm-none-eabi/lib/thumb/v6-m/nofp/libc.a(lib_a-calloc.o)
                              CMakeFiles/bootloader.dir/home/w0x7ce/pico-sdk/src/rp2_common/pico_malloc/pico_malloc.c.obj (calloc)
/opt/gcc-arm-none-eabi-9-2020-q2-update/bin/../lib/gcc/arm-none-eabi/9.3.1/../../../../arm-none-eabi/lib/thumb/v6-m/nofp/libc.a(lib_a-callocr.o)
                              /opt/gcc-arm-none-eabi-9-2020-q2-update/bin/../lib/gcc/arm-none-eabi/9.3.1/../../../../arm-none-eabi/lib/thumb/v6-m/nofp/libc.a(lib_a-calloc.o) (_calloc_r)
/opt/gcc-arm-none-eabi-9-2020-q2-update/bin/../lib/gcc/arm-none-eabi/9.3.1/../../../../arm-none-eabi/lib/thumb/v6-m/nofp/libc.a(lib_a-impure.o)
                              /opt/gcc-arm-none-eabi-9-2020-q2-update/bin/../lib/gcc/arm-none-eabi/9.3.1/../../../../arm-none-eabi/lib/thumb/v6-m/nofp/libc.a(lib_a-calloc.o) (_impure_ptr)
/opt/gcc-arm-none-eabi-9-2020-q2-update/bin/../lib/gcc/arm-none-eabi/9.3.1/../../../../arm-none-eabi/lib/thumb/v6-m/nofp/libc.a(lib_a-init.o)
                              /opt/gcc-arm-none-eabi-9-2020-q2-update/bin/../lib/gcc/arm-none-eabi/9.3.1/../../../../arm-none-eabi/lib/thumb/v6-m/nofp/crt0.o (__libc_init_array)
/opt/gcc-arm-none-eabi-9-2020-q2-update/bin/../lib/gcc/arm-none-eabi/9.3.1/../../../../arm-none-eabi/lib/thumb/v6-m/nofp/libc.a(lib_a-malloc.o)
                              CMakeFiles/bootloader.dir/home/w0x7ce/pico-sdk/src/rp2_common/pico_malloc/pico_malloc.c.obj (malloc)
/opt/gcc-arm-none-eabi-9-2020-q2-update/bin/../lib/gcc/arm-none-eabi/9.3.1/../../../../arm-none-eabi/lib/thumb/v6-m/nofp/libc.a(lib_a-mallocr.o)
                              /opt/gcc-arm-none-eabi-9-2020-q2-update/bin/../lib/gcc/arm-none-eabi/9.3.1/../../../../arm-none-eabi/lib/thumb/v6-m/nofp/libc.a(lib_a-callocr.o) (_malloc_r)
/opt/gcc-arm-none-eabi-9-2020-q2-update/bin/../lib/gcc/arm-none-eabi/9.3.1/../../../../arm-none-eabi/lib/thumb/v6-m/nofp/libc.a(lib_a-memcmp.o)
                              CMakeFiles/bootloader.dir/main.c.obj (memcmp)
/opt/gcc-arm-none-eabi-9-2020-q2-update/bin/../lib/gcc/arm-none-eabi/9.3.1/../../../../arm-none-eabi/lib/thumb/v6-m/nofp/libc.a(lib_a-mlock.o)
                              /opt/gcc-arm-none-eabi-9-2020-q2-update/bin/../lib/gcc/arm-none-eabi/9.3.1/../../../../arm-none-eabi/lib/thumb/v6-m/nofp/libc.a(lib_a-mallocr.o) (__malloc_lock)
/opt/gcc-arm-none-eabi-9-2020-q2-update/bin/../lib/gcc/arm-none-eabi/9.3.1/../../../../arm-none-eabi/lib/thumb/v6-m/nofp/libc.a(lib_a-realloc.o)
                              CMakeFiles/bootloader.dir/home/w0x7ce/pico-sdk/src/rp2_common/pico_malloc/pico_malloc.c.obj (realloc)
/opt/gcc-arm-none-eabi-9-2020-q2-update/bin/../lib/gcc/arm-none-eabi/9.3.1/../../../../arm-none-eabi/lib/thumb/v6-m/nofp/libc.a(lib_a-reallocr.o)
                              /opt/gcc-arm-none-eabi-9-2020-q2-update/bin/../lib/gcc/arm-none-eabi/9.3.1/../../../../arm-none-eabi/lib/thumb/v6-m/nofp/libc.a(lib_a-realloc.o) (_realloc_r)
/opt/gcc-arm-none-eabi-9-2020-q2-update/bin/../lib/gcc/arm-none-eabi/9.3.1/../../../../arm-none-eabi/lib/thumb/v6-m/nofp/libc.a(lib_a-sbrkr.o)
                              /opt/gcc-arm-none-eabi-9-2020-q2-update/bin/../lib/gcc/arm-none-eabi/9.3.1/../../../../arm-none-eabi/lib/thumb/v6-m/nofp/libc.a(lib_a-mallocr.o) (_sbrk_r)
/opt/gcc-arm-none-eabi-9-2020-q2-update/bin/../lib/gcc/arm-none-eabi/9.3.1/../../../../arm-none-eabi/lib/thumb/v6-m/nofp/libc.a(lib_a-strlen-stub.o)
                              CMakeFiles/bootloader.dir/home/w0x7ce/pico-sdk/src/rp2_common/pico_stdio/stdio.c.obj (strlen)
[...]
Memory Configuration

Name             Origin             Length             Attributes
FLASH            0x0000000010000000 0x0000000000003000 xr
RAM              0x0000000020000000 0x0000000000040000 xrw
SCRATCH_X        0x0000000020040000 0x0000000000001000 xrw
SCRATCH_Y        0x0000000020041000 0x0000000000001000 xrw
*default*        0x0000000000000000 0xffffffffffffffff

Linker script and memory map

LOAD /opt/gcc-arm-none-eabi-9-2020-q2-update/bin/../lib/gcc/arm-none-eabi/9.3.1/thumb/v6-m/nofp/crti.o
LOAD /opt/gcc-arm-none-eabi-9-2020-q2-update/bin/../lib/gcc/arm-none-eabi/9.3.1/thumb/v6-m/nofp/crtbegin.o
LOAD /opt/gcc-arm-none-eabi-9-2020-q2-update/bin/../lib/gcc/arm-none-eabi/9.3.1/../../../../arm-none-eabi/lib/thumb/v6-m/nofp/crt0.o

.flash_begin    0x0000000010000000        0x0
                0x0000000010000000                __flash_binary_start = .

.boot2          0x0000000010000000      0x100
                0x0000000010000000                __boot2_start__ = .
 *(.boot2)
 .boot2         0x0000000010000000      0x100 /tmp/cc9kMRYE.o
                0x0000000010000100                __boot2_end__ = .
                0x0000000000000001                ASSERT (((__boot2_end__ - __boot2_start__) == 0x100), ERROR: Pico second stage bootloader must be 256 bytes in size)

.flashtext      0x0000000010000100      0x1d8
                0x0000000010000100                __logical_binary_start = .
 *(.vectors)
 .vectors       0x0000000010000100       0xd4 CMakeFiles/bootloader.dir/home/w0x7ce/pico-sdk/src/rp2_common/pico_standard_link/crt0.S.obj
                0x0000000010000100                __vectors
                0x0000000010000100                __VECTOR_TABLE
                0x00000000100001c0                isr_invalid
                0x00000000100001c0                __default_isrs_start
                0x00000000100001c2                NMI_Handler
                0x00000000100001c4                HardFault_Handler
                0x00000000100001c6                SVC_Handler
                0x00000000100001c8                PendSV_Handler
                0x00000000100001ca                SysTick_Handler
                0x00000000100001cc                TIMER_IRQ_1_Handler
                0x00000000100001cc                TIMER_IRQ_3_Handler
                0x00000000100001cc                isr_irq30
                0x00000000100001cc                UART0_IRQ_Handler
                0x00000000100001cc                __unhandled_user_irq
                0x00000000100001cc                IO_IRQ_BANK0_Handler
                0x00000000100001cc                PIO0_IRQ_0_Handler
                0x00000000100001cc                USBCTRL_IRQ_Handler
                0x00000000100001cc                SPI1_IRQ_Handler
                0x00000000100001cc                isr_irq27
                0x00000000100001cc                isr_irq31
                0x00000000100001cc                PIO1_IRQ_1_Handler
                0x00000000100001cc                DMA_IRQ_1_Handler
                0x00000000100001cc                I2C1_IRQ_Handler
                0x00000000100001cc                SPI0_IRQ_Handler
                0x00000000100001cc                isr_irq28
                0x00000000100001cc                PIO0_IRQ_1_Handler
                0x00000000100001cc                I2C0_IRQ_Handler
                0x00000000100001cc                SIO_IRQ_PROC1_Handler
                0x00000000100001cc                TIMER_IRQ_0_Handler
                0x00000000100001cc                UART1_IRQ_Handler
                0x00000000100001cc                DMA_IRQ_0_Handler
                0x00000000100001cc                RTC_IRQ_Handler
                0x00000000100001cc                TIMER_IRQ_2_Handler
                0x00000000100001cc                CLOCKS_IRQ_Handler
                0x00000000100001cc                PIO1_IRQ_0_Handler
                0x00000000100001cc                ADC_IRQ_FIFO_Handler
                0x00000000100001cc                IO_IRQ_QSPI_Handler
                0x00000000100001cc                SIO_IRQ_PROC0_Handler
                0x00000000100001cc                XIP_IRQ_Handler
                0x00000000100001cc                isr_irq29
                0x00000000100001cc                isr_irq26
                0x00000000100001cc                __default_isrs_end
                0x00000000100001cc                PWM_IRQ_WRAP_Handler
                0x00000000100001d2                unhandled_user_irq_num_in_r0
 *(.binary_info_header)
 .binary_info_header
                0x00000000100001d4       0x14 CMakeFiles/bootloader.dir/home/w0x7ce/pico-sdk/src/rp2_common/pico_standard_link/crt0.S.obj
                0x00000000100001e8                __binary_info_header_end = .
 *(.reset)
 .reset         0x00000000100001e8       0xac CMakeFiles/bootloader.dir/home/w0x7ce/pico-sdk/src/rp2_common/pico_standard_link/crt0.S.obj
                0x00000000100001e8                _entry_point
 *fill*         0x0000000010000294        0x4 
 .reset.__stub  0x0000000010000298       0x10 linker stubs
 .reset         0x00000000100002a8       0x30 CMakeFiles/bootloader.dir/home/w0x7ce/pico-sdk/src/rp2_common/pico_standard_link/binary_info.c.obj

.rodata         0x00000000100002d8        0x0
 *(SORT_BY_ALIGNMENT(SORT_BY_NAME(.flashdata*)))
                0x00000000100002d8                . = ALIGN (0x4)

.ARM.extab
 *(.ARM.extab* .gnu.linkonce.armextab.*)
                0x00000000100002d8                __exidx_start = .

.ARM.exidx
 *(.ARM.exidx* .gnu.linkonce.armexidx.*)
                0x00000000100002d8                __exidx_end = .
                0x00000000100002d8                . = ALIGN (0x4)
                0x00000000100002d8                __binary_info_start = .

.binary_info    0x00000000100002d8       0x1c
 *(.binary_info.keep.*)
 .binary_info.keep.__bi_ptr22
                0x00000000100002d8        0x4 CMakeFiles/bootloader.dir/home/w0x7ce/pico-sdk/src/rp2_common/pico_standard_link/binary_info.c.obj
 .binary_info.keep.__bi_ptr30
                0x00000000100002dc        0x4 CMakeFiles/bootloader.dir/home/w0x7ce/pico-sdk/src/rp2_common/pico_standard_link/binary_info.c.obj
 .binary_info.keep.__bi_ptr38
                0x00000000100002e0        0x4 CMakeFiles/bootloader.dir/home/w0x7ce/pico-sdk/src/rp2_common/pico_standard_link/binary_info.c.obj
 .binary_info.keep.__bi_ptr44
                0x00000000100002e4        0x4 CMakeFiles/bootloader.dir/home/w0x7ce/pico-sdk/src/rp2_common/pico_standard_link/binary_info.c.obj
 .binary_info.keep.__bi_ptr50
                0x00000000100002e8        0x4 CMakeFiles/bootloader.dir/home/w0x7ce/pico-sdk/src/rp2_common/pico_standard_link/binary_info.c.obj
 .binary_info.keep.__bi_ptr75
                0x00000000100002ec        0x4 CMakeFiles/bootloader.dir/home/w0x7ce/pico-sdk/src/rp2_common/pico_standard_link/binary_info.c.obj
 .binary_info.keep.__bi_ptr81
                0x00000000100002f0        0x4 CMakeFiles/bootloader.dir/home/w0x7ce/pico-sdk/src/rp2_common/pico_standard_link/binary_info.c.obj
 *(.binary_info.*)
                0x00000000100002f4                __binary_info_end = .
                0x00000000100002f4                . = ALIGN (0x4)

.ram_vector_table
                0x0000000020000000       0xc0
 *(.ram_vector_table)
 .ram_vector_table
                0x0000000020000000       0xc0 CMakeFiles/bootloader.dir/home/w0x7ce/pico-sdk/src/rp2_common/pico_runtime/runtime.c.obj
                0x0000000020000000                ram_vector_table

.text           0x00000000200000c0     0x24b0 load address 0x00000000100002f4
                0x00000000200000c0                __ram_text_start__ = .
 *(.init)
 .init          0x00000000200000c0        0x4 /opt/gcc-arm-none-eabi-9-2020-q2-update/bin/../lib/gcc/arm-none-eabi/9.3.1/thumb/v6-m/nofp/crti.o
                0x00000000200000c0                _init
 *(.text*)
 .text          0x00000000200000c4       0x48 /opt/gcc-arm-none-eabi-9-2020-q2-update/bin/../lib/gcc/arm-none-eabi/9.3.1/thumb/v6-m/nofp/crtbegin.o
 .text.handle_sync
                0x000000002000010c        0x8 CMakeFiles/bootloader.dir/main.c.obj
 .text.size_read
                0x0000000020000114       0x20 CMakeFiles/bootloader.dir/main.c.obj
 .text.size_csum
                0x0000000020000134       0x24 CMakeFiles/bootloader.dir/main.c.obj
 .text.size_crc
                0x0000000020000158        0x8 CMakeFiles/bootloader.dir/main.c.obj
 .text.size_write
                0x0000000020000160       0x40 CMakeFiles/bootloader.dir/main.c.obj
 .text.handle_info
                0x00000000200001a0       0x28 CMakeFiles/bootloader.dir/main.c.obj
 .text.size_reboot
                0x00000000200001c8       0x10 CMakeFiles/bootloader.dir/main.c.obj
 .text.handle_reboot
                0x00000000200001d8       0x3c CMakeFiles/bootloader.dir/main.c.obj
 .text.handle_erase
                0x0000000020000214       0x40 CMakeFiles/bootloader.dir/main.c.obj
 .text.handle_read
                0x0000000020000254       0x14 CMakeFiles/bootloader.dir/main.c.obj
 .text.uart_read_blocking.constprop.0
                0x0000000020000268       0x20 CMakeFiles/bootloader.dir/main.c.obj
 .text.dma_channel_get_default_config
                0x0000000020000288       0x14 CMakeFiles/bootloader.dir/main.c.obj
 .text.calc_crc32
                0x000000002000029c       0xb4 CMakeFiles/bootloader.dir/main.c.obj
 .text.image_header_ok
                0x0000000020000350       0x38 CMakeFiles/bootloader.dir/main.c.obj
 .text.handle_seal
                0x0000000020000388       0x74 CMakeFiles/bootloader.dir/main.c.obj
 .text.handle_write
                0x00000000200003fc       0x24 CMakeFiles/bootloader.dir/main.c.obj
 .text.handle_crc
                0x0000000020000420       0x14 CMakeFiles/bootloader.dir/main.c.obj
 .text.handle_csum
                0x0000000020000434       0xb0 CMakeFiles/bootloader.dir/main.c.obj
 .text.handle_go
                0x00000000200004e4       0x4c CMakeFiles/bootloader.dir/main.c.obj
 .text.startup.main
                0x0000000020000530      0x268 CMakeFiles/bootloader.dir/main.c.obj
                0x0000000020000530                main
 .text.gpio_set_function
                0x0000000020000798       0x2c CMakeFiles/bootloader.dir/home/w0x7ce/pico-sdk/src/rp2_common/hardware_gpio/gpio.c.obj
                0x0000000020000798                gpio_set_function
 .text.gpio_set_pulls
                0x00000000200007c4       0x2c CMakeFiles/bootloader.dir/home/w0x7ce/pico-sdk/src/rp2_common/hardware_gpio/gpio.c.obj
                0x00000000200007c4                gpio_set_pulls
 .text.gpio_init
                0x00000000200007f0       0x16 CMakeFiles/bootloader.dir/home/w0x7ce/pico-sdk/src/rp2_common/hardware_gpio/gpio.c.obj
                0x00000000200007f0                gpio_init
 *fill*         0x0000000020000806        0x2 
 .text.running_on_fpga
                0x0000000020000808       0x10 CMakeFiles/bootloader.dir/home/w0x7ce/pico-sdk/src/rp2_common/pico_platform/platform.c.obj
                0x0000000020000808                running_on_fpga
 .text.hw_claim_lock
                0x0000000020000818       0x18 CMakeFiles/bootloader.dir/home/w0x7ce/pico-sdk/src/rp2_common/hardware_claim/claim.c.obj
                0x0000000020000818                hw_claim_lock
 .text.hw_claim_unlock
                0x0000000020000830       0x14 CMakeFiles/bootloader.dir/home/w0x7ce/pico-sdk/src/rp2_common/hardware_claim/claim.c.obj
                0x0000000020000830                hw_claim_unlock
 .text.hw_is_claimed
                0x0000000020000844       0x16 CMakeFiles/bootloader.dir/home/w0x7ce/pico-sdk/src/rp2_common/hardware_claim/claim.c.obj
                0x0000000020000844                hw_is_claimed
 .text.hw_claim_or_assert
                0x000000002000085a       0x3a CMakeFiles/bootloader.dir/home/w0x7ce/pico-sdk/src/rp2_common/hardware_claim/claim.c.obj
                0x000000002000085a                hw_claim_or_assert
 .text.hw_claim_unused_from_range
                0x0000000020000894       0x54 CMakeFiles/bootloader.dir/home/w0x7ce/pico-sdk/src/rp2_common/hardware_claim/claim.c.obj
                0x0000000020000894                hw_claim_unused_from_range
 .text.hw_claim_clear
                0x00000000200008e8       0x20 CMakeFiles/bootloader.dir/home/w0x7ce/pico-sdk/src/rp2_common/hardware_claim/claim.c.obj
                0x00000000200008e8                hw_claim_clear
 .text.spin_locks_reset
                0x0000000020000908       0x1c CMakeFiles/bootloader.dir/home/w0x7ce/pico-sdk/src/rp2_common/hardware_sync/sync.c.obj
                0x0000000020000908                spin_locks_reset
 .text.next_striped_spin_lock_num
                0x0000000020000924       0x18 CMakeFiles/bootloader.dir/home/w0x7ce/pico-sdk/src/rp2_common/hardware_sync/sync.c.obj
                0x0000000020000924                next_striped_spin_lock_num
 .text.set_raw_irq_handler_and_unlock
                0x000000002000093c       0x28 CMakeFiles/bootloader.dir/home/w0x7ce/pico-sdk/src/rp2_common/hardware_irq/irq.c.obj
 .text.irq_is_enabled
                0x0000000020000964       0x18 CMakeFiles/bootloader.dir/home/w0x7ce/pico-sdk/src/rp2_common/hardware_irq/irq.c.obj
                0x0000000020000964                irq_is_enabled
 .text.irq_set_mask_enabled
                0x000000002000097c       0x20 CMakeFiles/bootloader.dir/home/w0x7ce/pico-sdk/src/rp2_common/hardware_irq/irq.c.obj
                0x000000002000097c                irq_set_mask_enabled
 .text.irq_set_enabled
                0x000000002000099c        0xe CMakeFiles/bootloader.dir/home/w0x7ce/pico-sdk/src/rp2_common/hardware_irq/irq.c.obj
                0x000000002000099c                irq_set_enabled
 *fill*         0x00000000200009aa        0x2 
 .text.irq_get_vtable_handler
                0x00000000200009ac       0x10 CMakeFiles/bootloader.dir/home/w0x7ce/pico-sdk/src/rp2_common/hardware_irq/irq.c.obj
                0x00000000200009ac                irq_get_vtable_handler
 .text.irq_set_exclusive_handler
                0x00000000200009bc       0x40 CMakeFiles/bootloader.dir/home/w0x7ce/pico-sdk/src/rp2_common/hardware_irq/irq.c.obj
                0x00000000200009bc                irq_set_exclusive_handler
 .text.irq_remove_handler
                0x00000000200009fc      0x160 CMakeFiles/bootloader.dir/home/w0x7ce/pico-sdk/src/rp2_common/hardware_irq/irq.c.obj
                0x00000000200009fc                irq_remove_handler
 .text.irq_add_tail_to_free_list
                0x0000000020000b5c       0x98 CMakeFiles/bootloader.dir/home/w0x7ce/pico-sdk/src/rp2_common/hardware_irq/irq.c.obj
                0x0000000020000b5c                irq_add_tail_to_free_list
 .text.irq_init_priorities
                0x0000000020000bf4       0x24 CMakeFiles/bootloader.dir/home/w0x7ce/pico-sdk/src/rp2_common/hardware_irq/irq.c.obj
                0x0000000020000bf4                irq_init_priorities
 .text.lock_init
                0x0000000020000c18       0x10 CMakeFiles/bootloader.dir/home/w0x7ce/pico-sdk/src/common/pico_sync/lock_core.c.obj
                0x0000000020000c18                lock_init
 .text.mutex_init
                0x0000000020000c28       0x1a CMakeFiles/bootloader.dir/home/w0x7ce/pico-sdk/src/common/pico_sync/mutex.c.obj
                0x0000000020000c28                mutex_init
 .text.recursive_mutex_init
                0x0000000020000c42       0x1a CMakeFiles/bootloader.dir/home/w0x7ce/pico-sdk/src/common/pico_sync/mutex.c.obj
                0x0000000020000c42                recursive_mutex_init
 .text.time_reached
                0x0000000020000c5c       0x28 CMakeFiles/bootloader.dir/home/w0x7ce/pico-sdk/src/common/pico_time/time.c.obj
 .text.ph_add_child_node
                0x0000000020000c84       0x24 CMakeFiles/bootloader.dir/home/w0x7ce/pico-sdk/src/common/pico_time/time.c.obj
 .text.timer_pool_entry_comparator
                0x0000000020000ca8       0x30 CMakeFiles/bootloader.dir/home/w0x7ce/pico-sdk/src/common/pico_time/time.c.obj
                0x0000000020000ca8                timer_pool_entry_comparator
 .text.alarm_pool_post_alloc_init
                0x0000000020000cd8       0x40 CMakeFiles/bootloader.dir/home/w0x7ce/pico-sdk/src/common/pico_time/time.c.obj
 .text.sleep_until_callback
                0x0000000020000d18       0x30 CMakeFiles/bootloader.dir/home/w0x7ce/pico-sdk/src/common/pico_time/time.c.obj
 .text.add_alarm_under_lock
                0x0000000020000d48       0xc8 CMakeFiles/bootloader.dir/home/w0x7ce/pico-sdk/src/common/pico_time/time.c.obj
 .text.alarm_pool_alarm_callback
                0x0000000020000e10      0x194 CMakeFiles/bootloader.dir/home/w0x7ce/pico-sdk/src/common/pico_time/time.c.obj
 .text.alarm_pool_init_default
                0x0000000020000fa4       0x3c CMakeFiles/bootloader.dir/home/w0x7ce/pico-sdk/src/common/pico_time/time.c.obj
                0x0000000020000fa4                alarm_pool_init_default
 .text.alarm_pool_add_alarm_at
                0x0000000020000fe0       0xc8 CMakeFiles/bootloader.dir/home/w0x7ce/pico-sdk/src/common/pico_time/time.c.obj
                0x0000000020000fe0                alarm_pool_add_alarm_at
 .text.alarm_pool_cancel_alarm
                0x00000000200010a8       0x6a CMakeFiles/bootloader.dir/home/w0x7ce/pico-sdk/src/common/pico_time/time.c.obj
                0x00000000200010a8                alarm_pool_cancel_alarm
 *fill*         0x0000000020001112        0x2 
 .text.sleep_until
                0x0000000020001114       0x98 CMakeFiles/bootloader.dir/home/w0x7ce/pico-sdk/src/common/pico_time/time.c.obj
                0x0000000020001114                sleep_until
 .text.sleep_us
                0x00000000200011ac       0x24 CMakeFiles/bootloader.dir/home/w0x7ce/pico-sdk/src/common/pico_time/time.c.obj
                0x00000000200011ac                sleep_us
 .text.sleep_ms
                0x00000000200011d0       0x14 CMakeFiles/bootloader.dir/home/w0x7ce/pico-sdk/src/common/pico_time/time.c.obj
                0x00000000200011d0                sleep_ms
 .text.best_effort_wfe_or_timeout
                0x00000000200011e4       0x44 CMakeFiles/bootloader.dir/home/w0x7ce/pico-sdk/src/common/pico_time/time.c.obj
                0x00000000200011e4                best_effort_wfe_or_timeout
 .text.hardware_alarm_irq_handler
                0x0000000020001228       0x94 CMakeFiles/bootloader.dir/home/w0x7ce/pico-sdk/src/rp2_common/hardware_timer/timer.c.obj
 .text.hardware_alarm_claim
                0x00000000200012bc       0x18 CMakeFiles/bootloader.dir/home/w0x7ce/pico-sdk/src/rp2_common/hardware_timer/timer.c.obj
                0x00000000200012bc                hardware_alarm_claim
 .text.time_us_64
                0x00000000200012d4       0x14 CMakeFiles/bootloader.dir/home/w0x7ce/pico-sdk/src/rp2_common/hardware_timer/timer.c.obj
                0x00000000200012d4                time_us_64
 .text.busy_wait_until
                0x00000000200012e8       0x1c CMakeFiles/bootloader.dir/home/w0x7ce/pico-sdk/src/rp2_common/hardware_timer/timer.c.obj
                0x00000000200012e8                busy_wait_until
 .text.busy_wait_us
                0x0000000020001304       0x2c CMakeFiles/bootloader.dir/home/w0x7ce/pico-sdk/src/rp2_common/hardware_timer/timer.c.obj
                0x0000000020001304                busy_wait_us
 .text.hardware_alarm_set_callback
                0x0000000020001330       0x94 CMakeFiles/bootloader.dir/home/w0x7ce/pico-sdk/src/rp2_common/hardware_timer/timer.c.obj
                0x0000000020001330                hardware_alarm_set_callback
 .text.hardware_alarm_set_target
                0x00000000200013c4       0xbc CMakeFiles/bootloader.dir/home/w0x7ce/pico-sdk/src/rp2_common/hardware_timer/timer.c.obj
                0x00000000200013c4                hardware_alarm_set_target
 .text.hardware_alarm_cancel
                0x0000000020001480       0x40 CMakeFiles/bootloader.dir/home/w0x7ce/pico-sdk/src/rp2_common/hardware_timer/timer.c.obj
                0x0000000020001480                hardware_alarm_cancel
 .text.ph_add_child_node
                0x00000000200014c0       0x24 CMakeFiles/bootloader.dir/home/w0x7ce/pico-sdk/src/common/pico_util/pheap.c.obj
 .text.ph_merge_nodes.part.0
                0x00000000200014e4       0x2e CMakeFiles/bootloader.dir/home/w0x7ce/pico-sdk/src/common/pico_util/pheap.c.obj
 .text.ph_clear
                0x0000000020001512       0x34 CMakeFiles/bootloader.dir/home/w0x7ce/pico-sdk/src/common/pico_util/pheap.c.obj
                0x0000000020001512                ph_clear
 .text.ph_post_alloc_init
                0x0000000020001546        0xe CMakeFiles/bootloader.dir/home/w0x7ce/pico-sdk/src/common/pico_util/pheap.c.obj
                0x0000000020001546                ph_post_alloc_init
 .text.ph_merge_two_pass
                0x0000000020001554       0x52 CMakeFiles/bootloader.dir/home/w0x7ce/pico-sdk/src/common/pico_util/pheap.c.obj
                0x0000000020001554                ph_merge_two_pass
 .text.ph_remove_any_head
                0x00000000200015a6       0x52 CMakeFiles/bootloader.dir/home/w0x7ce/pico-sdk/src/common/pico_util/pheap.c.obj
 .text.ph_remove_head
                0x00000000200015f8       0x14 CMakeFiles/bootloader.dir/home/w0x7ce/pico-sdk/src/common/pico_util/pheap.c.obj
                0x00000000200015f8                ph_remove_head
 .text.ph_remove_and_free_node
                0x000000002000160c       0x7c CMakeFiles/bootloader.dir/home/w0x7ce/pico-sdk/src/common/pico_util/pheap.c.obj
                0x000000002000160c                ph_remove_and_free_node
 .text.uart_write_lcr_bits_masked
                0x0000000020001688       0x64 CMakeFiles/bootloader.dir/home/w0x7ce/pico-sdk/src/rp2_common/hardware_uart/uart.c.obj
 .text.uart_set_baudrate
                0x00000000200016ec       0x58 CMakeFiles/bootloader.dir/home/w0x7ce/pico-sdk/src/rp2_common/hardware_uart/uart.c.obj
                0x00000000200016ec                uart_set_baudrate
 .text.uart_init
                0x0000000020001744       0x90 CMakeFiles/bootloader.dir/home/w0x7ce/pico-sdk/src/rp2_common/hardware_uart/uart.c.obj
                0x0000000020001744                uart_init
 .text.clock_configure
                0x00000000200017d4       0xe0 CMakeFiles/bootloader.dir/home/w0x7ce/pico-sdk/src/rp2_common/hardware_clocks/clocks.c.obj
                0x00000000200017d4                clock_configure
 .text.clocks_init
                0x00000000200018b4       0xf4 CMakeFiles/bootloader.dir/home/w0x7ce/pico-sdk/src/rp2_common/hardware_clocks/clocks.c.obj
                0x00000000200018b4                clocks_init
 .text.clock_get_hz
                0x00000000200019a8        0xc CMakeFiles/bootloader.dir/home/w0x7ce/pico-sdk/src/rp2_common/hardware_clocks/clocks.c.obj
                0x00000000200019a8                clock_get_hz
 .text.pll_init
                0x00000000200019b4       0x9c CMakeFiles/bootloader.dir/home/w0x7ce/pico-sdk/src/rp2_common/hardware_pll/pll.c.obj
                0x00000000200019b4                pll_init
 .text.watchdog_start_tick
                0x0000000020001a50       0x10 CMakeFiles/bootloader.dir/home/w0x7ce/pico-sdk/src/rp2_common/hardware_watchdog/watchdog.c.obj
                0x0000000020001a50                watchdog_start_tick
 .text.watchdog_update
                0x0000000020001a60       0x14 CMakeFiles/bootloader.dir/home/w0x7ce/pico-sdk/src/rp2_common/hardware_watchdog/watchdog.c.obj
                0x0000000020001a60                watchdog_update
 .text._watchdog_enable
                0x0000000020001a74       0x68 CMakeFiles/bootloader.dir/home/w0x7ce/pico-sdk/src/rp2_common/hardware_watchdog/watchdog.c.obj
                0x0000000020001a74                _watchdog_enable
 .text.watchdog_reboot
                0x0000000020001adc       0x44 CMakeFiles/bootloader.dir/home/w0x7ce/pico-sdk/src/rp2_common/hardware_watchdog/watchdog.c.obj
                0x0000000020001adc                watchdog_reboot
 .text.xosc_init
                0x0000000020001b20       0x28 CMakeFiles/bootloader.dir/home/w0x7ce/pico-sdk/src/rp2_common/hardware_xosc/xosc.c.obj
                0x0000000020001b20                xosc_init
 .text.runtime_init
                0x0000000020001b48       0xcc CMakeFiles/bootloader.dir/home/w0x7ce/pico-sdk/src/rp2_common/pico_runtime/runtime.c.obj
                0x0000000020001b48                runtime_init
 .text._exit    0x0000000020001c14        0x4 CMakeFiles/bootloader.dir/home/w0x7ce/pico-sdk/src/rp2_common/pico_runtime/runtime.c.obj
                0x0000000020001c14                _exit
 .text.exit     0x0000000020001c18        0x6 CMakeFiles/bootloader.dir/home/w0x7ce/pico-sdk/src/rp2_common/pico_runtime/runtime.c.obj
                0x0000000020001c18                exit
 *fill*         0x0000000020001c1e        0x2 
 .text.panic    0x0000000020001c20       0x30 CMakeFiles/bootloader.dir/home/w0x7ce/pico-sdk/src/rp2_common/pico_runtime/runtime.c.obj
                0x0000000020001c20                panic
 .text.hard_assertion_failure
                0x0000000020001c50        0xc CMakeFiles/bootloader.dir/home/w0x7ce/pico-sdk/src/rp2_common/pico_runtime/runtime.c.obj
                0x0000000020001c50                hard_assertion_failure
 .text._out_char
                0x0000000020001c5c        0xc CMakeFiles/bootloader.dir/home/w0x7ce/pico-sdk/src/rp2_common/pico_printf/printf.c.obj
 .text.weak_raw_vprintf
                0x0000000020001c68       0x30 CMakeFiles/bootloader.dir/home/w0x7ce/pico-sdk/src/rp2_common/pico_printf/printf.c.obj
                0x0000000020001c68                weak_raw_vprintf
 .text          0x0000000020001c98       0x10 CMakeFiles/bootloader.dir/home/w0x7ce/pico-sdk/src/rp2_common/pico_bit_ops/bit_ops_aeabi.S.obj
 .text.rom_func_lookup
                0x0000000020001ca8       0x10 CMakeFiles/bootloader.dir/home/w0x7ce/pico-sdk/src/rp2_common/pico_bootrom/bootrom.c.obj
                0x0000000020001ca8                rom_func_lookup
 .text.rom_data_lookup
                0x0000000020001cb8       0x10 CMakeFiles/bootloader.dir/home/w0x7ce/pico-sdk/src/rp2_common/pico_bootrom/bootrom.c.obj
                0x0000000020001cb8                rom_data_lookup
 .text.rom_funcs_lookup
                0x0000000020001cc8       0x24 CMakeFiles/bootloader.dir/home/w0x7ce/pico-sdk/src/rp2_common/pico_bootrom/bootrom.c.obj
                0x0000000020001cc8                rom_funcs_lookup
 .text.__wrap___aeabi_uidiv
                0x0000000020001cec       0x4c CMakeFiles/bootloader.dir/home/w0x7ce/pico-sdk/src/rp2_common/pico_divider/divider.S.obj
                0x0000000020001cec                __wrap___aeabi_uidiv
                0x0000000020001cec                __wrap___aeabi_uidivmod
                0x0000000020001cec                div_u32u32
                0x0000000020001cec                divmod_u32u32
                0x0000000020001cf4                divmod_u32u32_unsafe
                0x0000000020001d1c                divmod_u32u32_savestate
 .text.__wrap___aeabi_ldiv
                0x0000000020001d38      0x424 CMakeFiles/bootloader.dir/home/w0x7ce/pico-sdk/src/rp2_common/pico_divider/divider.S.obj
                0x0000000020001d38                div_s64s64
                0x0000000020001d38                divmod_s64s64
                0x0000000020001d38                __wrap___aeabi_ldivmod
                0x0000000020001d68                div_u64u64
                0x0000000020001d68                divmod_u64u64
                0x0000000020001d68                __wrap___aeabi_uldivmod
                0x0000000020001d78                divmod_u64u64_savestate
                0x0000000020001d98                divmod_s64s64_unsafe
                0x0000000020001e20                divmod_u64u64_unsafe
 .text.__aeabi_double_init
                0x000000002000215c       0x58 CMakeFiles/bootloader.dir/home/w0x7ce/pico-sdk/src/rp2_common/pico_double/double_init_rom.c.obj
                0x000000002000215c                __aeabi_double_init
 .text.double_table_shim_on_use_helper
                0x00000000200021b4       0x2c CMakeFiles/bootloader.dir/home/w0x7ce/pico-sdk/src/rp2_common/pico_double/double_v1_rom_shim.S.obj
                0x00000000200021b4                double_table_shim_on_use_helper
 .text.__aeabi_lmul
                0x00000000200021e0       0x32 CMakeFiles/bootloader.dir/home/w0x7ce/pico-sdk/src/rp2_common/pico_int64_ops/pico_int64_ops_aeabi.S.obj
                0x00000000200021e0                __wrap___aeabi_lmul
 *fill*         0x0000000020002212        0x2 
 .text.__aeabi_float_init
                0x0000000020002214       0x5c CMakeFiles/bootloader.dir/home/w0x7ce/pico-sdk/src/rp2_common/pico_float/float_init_rom.c.obj
                0x0000000020002214                __aeabi_float_init
 .text.float_table_shim_on_use_helper
                0x0000000020002270       0x2c CMakeFiles/bootloader.dir/home/w0x7ce/pico-sdk/src/rp2_common/pico_float/float_v1_rom_shim.S.obj
                0x0000000020002270                float_table_shim_on_use_helper
 .text          0x000000002000229c       0x10 CMakeFiles/bootloader.dir/home/w0x7ce/pico-sdk/src/rp2_common/pico_mem_ops/mem_ops_aeabi.S.obj
                0x000000002000229c                __aeabi_mem_init
 .text.memset   0x00000000200022ac        0xc CMakeFiles/bootloader.dir/home/w0x7ce/pico-sdk/src/rp2_common/pico_mem_ops/mem_ops_aeabi.S.obj
                0x00000000200022ac                __wrap_memset
 .text.memcpy   0x00000000200022b8        0xc CMakeFiles/bootloader.dir/home/w0x7ce/pico-sdk/src/rp2_common/pico_mem_ops/mem_ops_aeabi.S.obj
                0x00000000200022b8                __wrap___aeabi_memcpy
                0x00000000200022b8                __wrap_memcpy
 .text.stdio_out_chars_no_crlf
                0x00000000200022c4        0xe CMakeFiles/bootloader.dir/home/w0x7ce/pico-sdk/src/rp2_common/pico_stdio/stdio.c.obj
 *fill*         0x00000000200022d2        0x2 
 .text.stdio_out_chars_crlf
                0x00000000200022d4       0x80 CMakeFiles/bootloader.dir/home/w0x7ce/pico-sdk/src/rp2_common/pico_stdio/stdio.c.obj
 .text.stdout_serialize_begin
                0x0000000020002354       0x2c CMakeFiles/bootloader.dir/home/w0x7ce/pico-sdk/src/rp2_common/pico_stdio/stdio.c.obj
                0x0000000020002354                stdout_serialize_begin
 .text.stdout_serialize_end
                0x0000000020002380       0x10 CMakeFiles/bootloader.dir/home/w0x7ce/pico-sdk/src/rp2_common/pico_stdio/stdio.c.obj
                0x0000000020002380                stdout_serialize_end
 .text.stdio_put_string
                0x0000000020002390       0x84 CMakeFiles/bootloader.dir/home/w0x7ce/pico-sdk/src/rp2_common/pico_stdio/stdio.c.obj
 .text.__wrap_putchar
                0x0000000020002414       0x18 CMakeFiles/bootloader.dir/home/w0x7ce/pico-sdk/src/rp2_common/pico_stdio/stdio.c.obj
                0x0000000020002414                __wrap_putchar
 .text.stdio_flush
                0x000000002000242c       0x1c CMakeFiles/bootloader.dir/home/w0x7ce/pico-sdk/src/rp2_common/pico_stdio/stdio.c.obj
                0x000000002000242c                stdio_flush
 .text.__wrap_puts
                0x0000000020002448       0x1e CMakeFiles/bootloader.dir/home/w0x7ce/pico-sdk/src/rp2_common/pico_stdio/stdio.c.obj
                0x0000000020002448                __wrap_puts
 *fill*         0x0000000020002466        0x2 
 .text.dma_channel_unclaim
                0x0000000020002468       0x10 CMakeFiles/bootloader.dir/home/w0x7ce/pico-sdk/src/rp2_common/hardware_dma/dma.c.obj
                0x0000000020002468                dma_channel_unclaim
 .text.dma_claim_unused_channel
                0x0000000020002478       0x1c CMakeFiles/bootloader.dir/home/w0x7ce/pico-sdk/src/rp2_common/hardware_dma/dma.c.obj
                0x0000000020002478                dma_claim_unused_channel
 .text.SystemCoreClockUpdate
                0x0000000020002494       0x14 CMakeFiles/bootloader.dir/home/w0x7ce/pico-sdk/src/rp2_common/cmsis/stub/CMSIS/Device/RaspberryPi/RP2040/Source/system_RP2040.c.obj
                0x0000000020002494                SystemCoreClockUpdate
 .text.startup.SystemInit
                0x00000000200024a8        0x8 CMakeFiles/bootloader.dir/home/w0x7ce/pico-sdk/src/rp2_common/cmsis/stub/CMSIS/Device/RaspberryPi/RP2040/Source/system_RP2040.c.obj
                0x00000000200024a8                SystemInit
 .text          0x00000000200024b0       0x14 /opt/gcc-arm-none-eabi-9-2020-q2-update/bin/../lib/gcc/arm-none-eabi/9.3.1/thumb/v6-m/nofp/libgcc.a(_thumb1_case_uqi.o)
                0x00000000200024b0                __gnu_thumb1_case_uqi
 .text          0x00000000200024c4        0x4 /opt/gcc-arm-none-eabi-9-2020-q2-update/bin/../lib/gcc/arm-none-eabi/9.3.1/thumb/v6-m/nofp/libgcc.a(_dvmd_tls.o)
                0x00000000200024c4                __aeabi_ldiv0
                0x00000000200024c4                __aeabi_idiv0
 .text.memcmp   0x00000000200024c8       0x48 /opt/gcc-arm-none-eabi-9-2020-q2-update/bin/../lib/gcc/arm-none-eabi/9.3.1/../../../../arm-none-eabi/lib/thumb/v6-m/nofp/libc.a(lib_a-memcmp.o)
                0x00000000200024c8                memcmp
 .text.strlen   0x0000000020002510       0x5c /opt/gcc-arm-none-eabi-9-2020-q2-update/bin/../lib/gcc/arm-none-eabi/9.3.1/../../../../arm-none-eabi/lib/thumb/v6-m/nofp/libc.a(lib_a-strlen-stub.o)
                0x0000000020002510                strlen
 *(.fini)
 .fini          0x000000002000256c        0x4 /opt/gcc-arm-none-eabi-9-2020-q2-update/bin/../lib/gcc/arm-none-eabi/9.3.1/thumb/v6-m/nofp/crti.o
                0x000000002000256c                _fini
 *crtbegin.o(.ctors)
 *crtbegin?.o(.ctors)
 *(EXCLUDE_FILE(*crtend.o *crtend?.o) .ctors)
 *(SORT_BY_NAME(.ctors.*))
 *(.ctors)
 *crtbegin.o(.dtors)
 *crtbegin?.o(.dtors)
 *(EXCLUDE_FILE(*crtend.o *crtend?.o) .dtors)
 *(SORT_BY_NAME(.dtors.*))
 *(.dtors)
 *(.eh_frame*)
 .eh_frame      0x0000000020002570        0x0 /opt/gcc-arm-none-eabi-9-2020-q2-update/bin/../lib/gcc/arm-none-eabi/9.3.1/thumb/v6-m/nofp/crtbegin.o
                0x0000000020002570                . = ALIGN (0x4)
                0x0000000020002570                __ram_text_end__ = .
                0x00000000100002f4                __ram_text_source__ = LOADADDR (.text)

.glue_7         0x0000000020002570        0x0 load address 0x00000000100027a4
 .glue_7        0x0000000020002570        0x0 linker stubs

.glue_7t        0x0000000020002570        0x0 load address 0x00000000100027a4
 .glue_7t       0x0000000020002570        0x0 linker stubs

.vfp11_veneer   0x0000000020002570        0x0 load address 0x00000000100027a4
 .vfp11_veneer  0x0000000020002570        0x0 linker stubs

.v4_bx          0x0000000020002570        0x0 load address 0x00000000100027a4
 .v4_bx         0x0000000020002570        0x0 linker stubs

.iplt           0x0000000020002570        0x0 load address 0x00000000100027a4
 .iplt          0x0000000020002570        0x0 /opt/gcc-arm-none-eabi-9-2020-q2-update/bin/../lib/gcc/arm-none-eabi/9.3.1/thumb/v6-m/nofp/crtbegin.o

.rel.dyn        0x0000000020002570        0x0 load address 0x00000000100027a4
 .rel.iplt      0x0000000020002570        0x0 /opt/gcc-arm-none-eabi-9-2020-q2-update/bin/../lib/gcc/arm-none-eabi/9.3.1/thumb/v6-m/nofp/crtbegin.o

.data           0x0000000020002570      0x460 load address 0x00000000100027a4
                0x0000000020002570                __data_start__ = .
 *(vtable)
 *(.time_critical*)
 .time_critical.mutex_try_enter
                0x0000000020002570       0x42 CMakeFiles/bootloader.dir/home/w0x7ce/pico-sdk/src/common/pico_sync/mutex.c.obj
                0x0000000020002570                mutex_try_enter
 .time_critical.mutex_enter_block_until
                0x00000000200025b2       0x58 CMakeFiles/bootloader.dir/home/w0x7ce/pico-sdk/src/common/pico_sync/mutex.c.obj
                0x00000000200025b2                mutex_enter_block_until
 .time_critical.mutex_try_enter_block_until
                0x000000002000260a       0x2e CMakeFiles/bootloader.dir/home/w0x7ce/pico-sdk/src/common/pico_sync/mutex.c.obj
                0x000000002000260a                mutex_try_enter_block_until
 .time_critical.mutex_exit
                0x0000000020002638       0x28 CMakeFiles/bootloader.dir/home/w0x7ce/pico-sdk/src/common/pico_sync/mutex.c.obj
                0x0000000020002638                mutex_exit
 .time_critical.flash_init_boot2_copyout
                0x0000000020002660       0x30 CMakeFiles/bootloader.dir/home/w0x7ce/pico-sdk/src/rp2_common/hardware_flash/flash.c.obj
 .time_critical.flash_enable_xip_via_boot2
                0x0000000020002690       0x10 CMakeFiles/bootloader.dir/home/w0x7ce/pico-sdk/src/rp2_common/hardware_flash/flash.c.obj
 .time_critical.flash_range_erase
                0x00000000200026a0       0x78 CMakeFiles/bootloader.dir/home/w0x7ce/pico-sdk/src/rp2_common/hardware_flash/flash.c.obj
                0x00000000200026a0                flash_range_erase
 .time_critical.flash_range_program
                0x0000000020002718       0x74 CMakeFiles/bootloader.dir/home/w0x7ce/pico-sdk/src/rp2_common/hardware_flash/flash.c.obj
                0x0000000020002718                flash_range_program
                0x000000002000278c                . = ALIGN (0x4)
 *(.rodata*)
 .rodata.cmds   0x000000002000278c       0xc8 CMakeFiles/bootloader.dir/main.c.obj
                0x000000002000278c                cmds
 .rodata.hardware_alarm_claim.str1.1
                0x0000000020002854       0x22 CMakeFiles/bootloader.dir/home/w0x7ce/pico-sdk/src/rp2_common/hardware_timer/timer.c.obj
 .rodata.panic.str1.1
                0x0000000020002876       0x10 CMakeFiles/bootloader.dir/home/w0x7ce/pico-sdk/src/rp2_common/pico_runtime/runtime.c.obj
                                         0x12 (size before relaxing)
 .rodata.hard_assertion_failure.str1.1
                0x0000000020002886        0xc CMakeFiles/bootloader.dir/home/w0x7ce/pico-sdk/src/rp2_common/pico_runtime/runtime.c.obj
 .rodata.str1.1
                0x0000000020002892       0x38 CMakeFiles/bootloader.dir/home/w0x7ce/pico-sdk/src/rp2_common/pico_standard_link/binary_info.c.obj
 .rodata.__bi_44
                0x00000000200028ca        0xc CMakeFiles/bootloader.dir/home/w0x7ce/pico-sdk/src/rp2_common/pico_standard_link/binary_info.c.obj
 .rodata.__bi_75
                0x00000000200028d6        0xc CMakeFiles/bootloader.dir/home/w0x7ce/pico-sdk/src/rp2_common/pico_standard_link/binary_info.c.obj
 .rodata.__bi_81
                0x00000000200028e2        0xc CMakeFiles/bootloader.dir/home/w0x7ce/pico-sdk/src/rp2_common/pico_standard_link/binary_info.c.obj
 .rodata.crlf_str.6241
                0x00000000200028ee        0x2 CMakeFiles/bootloader.dir/home/w0x7ce/pico-sdk/src/rp2_common/pico_stdio/stdio.c.obj
 .rodata.dma_claim_unused_channel.str1.1
                0x00000000200028f0       0x1e CMakeFiles/bootloader.dir/home/w0x7ce/pico-sdk/src/rp2_common/hardware_dma/dma.c.obj
                0x0000000020002910                . = ALIGN (0x4)
 *fill*         0x000000002000290e        0x2 
 *(.data*)
 .data.striped_spin_lock_num
                0x0000000020002910        0x1 CMakeFiles/bootloader.dir/home/w0x7ce/pico-sdk/src/rp2_common/hardware_sync/sync.c.obj
 *fill*         0x0000000020002911        0x3 
 .data          0x0000000020002914       0x48 CMakeFiles/bootloader.dir/home/w0x7ce/pico-sdk/src/rp2_common/hardware_irq/irq_handler_chain.S.obj
                0x0000000020002914                irq_handler_chain_slots
                0x0000000020002944                irq_handler_chain_first_slot
                0x000000002000294e                irq_handler_chain_remove_tail
 .data.default_alarm_pool
                0x000000002000295c       0x18 CMakeFiles/bootloader.dir/home/w0x7ce/pico-sdk/src/common/pico_time/time.c.obj
 .data.default_alarm_pool_heap
                0x0000000020002974       0x10 CMakeFiles/bootloader.dir/home/w0x7ce/pico-sdk/src/common/pico_time/time.c.obj
 *fill*         0x0000000020002984        0xc 
 .data.aeabi_bits_funcs
                0x0000000020002990       0x10 CMakeFiles/bootloader.dir/home/w0x7ce/pico-sdk/src/rp2_common/pico_bit_ops/bit_ops_aeabi.S.obj
                0x0000000020002990                aeabi_bits_funcs
                0x00000000200029a0                aeabi_bits_funcs_end
 .data.aeabi_mem_funcs
                0x00000000200029a0       0x10 CMakeFiles/bootloader.dir/home/w0x7ce/pico-sdk/src/rp2_common/pico_mem_ops/mem_ops_aeabi.S.obj
                0x00000000200029a0                aeabi_mem_funcs
                0x00000000200029b0                aeabi_mem_funcs_end
                0x00000000200029b0                . = ALIGN (0x4)
 *(.after_data.*)
                0x00000000200029b0                . = ALIGN (0x4)
                0x00000000200029b0                PROVIDE (__mutex_array_start = .)
 *(SORT_BY_NAME(.mutex_array.*))
 *(.mutex_array)
 .mutex_array   0x00000000200029b0        0x8 CMakeFiles/bootloader.dir/home/w0x7ce/pico-sdk/src/rp2_common/pico_stdio/stdio.c.obj
                0x00000000200029b8                PROVIDE (__mutex_array_end = .)
                0x00000000200029b8                . = ALIGN (0x4)
                0x00000000200029b8                PROVIDE (__preinit_array_start = .)
 *(SORT_BY_NAME(.preinit_array.*))
 .preinit_array.00001
                0x00000000200029b8        0x4 CMakeFiles/bootloader.dir/home/w0x7ce/pico-sdk/src/rp2_common/pico_mem_ops/mem_ops_aeabi.S.obj
 .preinit_array.00010
                0x00000000200029bc        0x4 CMakeFiles/bootloader.dir/home/w0x7ce/pico-sdk/src/rp2_common/pico_bit_ops/bit_ops_aeabi.S.obj
 .preinit_array.00020
                0x00000000200029c0        0x4 CMakeFiles/bootloader.dir/home/w0x7ce/pico-sdk/src/rp2_common/pico_double/double_aeabi.S.obj
 .preinit_array.00020
                0x00000000200029c4        0x4 CMakeFiles/bootloader.dir/home/w0x7ce/pico-sdk/src/rp2_common/pico_float/float_aeabi.S.obj
 *(.preinit_array)
                0x00000000200029c8                PROVIDE (__preinit_array_end = .)
                0x00000000200029c8                . = ALIGN (0x4)
                0x00000000200029c8                PROVIDE (__init_array_start = .)
 *(SORT_BY_NAME(.init_array.*))
 *(.init_array)
 .init_array    0x00000000200029c8        0x4 /opt/gcc-arm-none-eabi-9-2020-q2-update/bin/../lib/gcc/arm-none-eabi/9.3.1/thumb/v6-m/nofp/crtbegin.o
 .init_array    0x00000000200029cc        0x4 CMakeFiles/bootloader.dir/home/w0x7ce/pico-sdk/src/rp2_common/cmsis/stub/CMSIS/Device/RaspberryPi/RP2040/Source/system_RP2040.c.obj
                0x00000000200029d0                PROVIDE (__init_array_end = .)
                0x00000000200029d0                . = ALIGN (0x4)
                [!provide]                        PROVIDE (__fini_array_start = .)
 *(SORT_BY_NAME(.fini_array.*))
 *(.fini_array)
                [!provide]                        PROVIDE (__fini_array_end = .)
 *(.jcr)
                0x00000000200029d0                . = ALIGN (0x4)
                0x00000000200029d0                __data_end__ = .
                0x00000000100027a4                __etext = LOADADDR (.data)

.igot.plt       0x00000000200029d0        0x0 load address 0x0000000010002c04
 .igot.plt      0x00000000200029d0        0x0 /opt/gcc-arm-none-eabi-9-2020-q2-update/bin/../lib/gcc/arm-none-eabi/9.3.1/thumb/v6-m/nofp/crtbegin.o

.uninitialized_data
                0x00000000200029d0        0x0 load address 0x0000000010002c04
                0x00000000200029d0                . = ALIGN (0x4)
 *(.uninitialized_data*)

.scratch_x      0x0000000020040000        0x0 load address 0x0000000010002c04
                0x0000000020040000                __scratch_x_start__ = .
 *(.scratch_x.*)
                0x0000000020040000                . = ALIGN (0x4)
                0x0000000020040000                __scratch_x_end__ = .
                0x0000000010002c04                __scratch_x_source__ = LOADADDR (.scratch_x)

.scratch_y      0x0000000020041000        0x0 load address 0x0000000010002c04
                0x0000000020041000                __scratch_y_start__ = .
 *(.scratch_y.*)
                0x0000000020041000                . = ALIGN (0x4)
                0x0000000020041000                __scratch_y_end__ = .
                0x0000000010002c04                __scratch_y_source__ = LOADADDR (.scratch_y)

.bss            0x00000000200029d0      0x4dc
                0x00000000200029d0                . = ALIGN (0x4)
                0x00000000200029d0                __bss_start__ = .
 *(SORT_BY_ALIGNMENT(SORT_BY_NAME(.bss*)))
 .bss.default_alarm_pool_entries
                0x00000000200029d0      0x100 CMakeFiles/bootloader.dir/home/w0x7ce/pico-sdk/src/common/pico_time/time.c.obj
 .bss           0x0000000020002ad0       0x1c /opt/gcc-arm-none-eabi-9-2020-q2-update/bin/../lib/gcc/arm-none-eabi/9.3.1/thumb/v6-m/nofp/crtbegin.o
 .bss.alarm_callbacks
                0x0000000020002aec       0x10 CMakeFiles/bootloader.dir/home/w0x7ce/pico-sdk/src/rp2_common/hardware_timer/timer.c.obj
 .bss.boot2_copyout
                0x0000000020002afc      0x100 CMakeFiles/bootloader.dir/home/w0x7ce/pico-sdk/src/rp2_common/hardware_flash/flash.c.obj
 .bss.configured_freq
                0x0000000020002bfc       0x28 CMakeFiles/bootloader.dir/home/w0x7ce/pico-sdk/src/rp2_common/hardware_clocks/clocks.c.obj
 .bss.drivers   0x0000000020002c24        0x4 CMakeFiles/bootloader.dir/home/w0x7ce/pico-sdk/src/rp2_common/pico_stdio/stdio.c.obj
 .bss.filter    0x0000000020002c28        0x4 CMakeFiles/bootloader.dir/home/w0x7ce/pico-sdk/src/rp2_common/pico_stdio/stdio.c.obj
 .bss.lazy_vsnprintf
                0x0000000020002c2c        0x4 CMakeFiles/bootloader.dir/home/w0x7ce/pico-sdk/src/rp2_common/pico_printf/printf.c.obj
 .bss.load_value
                0x0000000020002c30        0x4 CMakeFiles/bootloader.dir/home/w0x7ce/pico-sdk/src/rp2_common/hardware_watchdog/watchdog.c.obj
 .bss.pools     0x0000000020002c34       0x10 CMakeFiles/bootloader.dir/home/w0x7ce/pico-sdk/src/common/pico_time/time.c.obj
 .bss.sf_clz_func
                0x0000000020002c44        0x4 CMakeFiles/bootloader.dir/home/w0x7ce/pico-sdk/src/rp2_common/pico_double/double_init_rom.c.obj
                0x0000000020002c44                sf_clz_func
 .bss.sleep_notifier
                0x0000000020002c48        0x4 CMakeFiles/bootloader.dir/home/w0x7ce/pico-sdk/src/common/pico_time/time.c.obj
 .bss.target_hi
                0x0000000020002c4c       0x10 CMakeFiles/bootloader.dir/home/w0x7ce/pico-sdk/src/rp2_common/hardware_timer/timer.c.obj
 .bss._claimed  0x0000000020002c5c        0x2 CMakeFiles/bootloader.dir/home/w0x7ce/pico-sdk/src/rp2_common/hardware_dma/dma.c.obj
 .bss.boot2_copyout_valid
                0x0000000020002c5e        0x1 CMakeFiles/bootloader.dir/home/w0x7ce/pico-sdk/src/rp2_common/hardware_flash/flash.c.obj
 .bss.claimed   0x0000000020002c5f        0x1 CMakeFiles/bootloader.dir/home/w0x7ce/pico-sdk/src/rp2_common/hardware_timer/timer.c.obj
 .bss.default_alarm_pool_entry_ids_high
                0x0000000020002c60       0x10 CMakeFiles/bootloader.dir/home/w0x7ce/pico-sdk/src/common/pico_time/time.c.obj
 .bss.default_alarm_pool_heap_nodes
                0x0000000020002c70       0x30 CMakeFiles/bootloader.dir/home/w0x7ce/pico-sdk/src/common/pico_time/time.c.obj
 .bss.irq_hander_chain_free_slot_head
                0x0000000020002ca0        0x1 CMakeFiles/bootloader.dir/home/w0x7ce/pico-sdk/src/rp2_common/hardware_irq/irq.c.obj
 .bss.timer_callbacks_pending
                0x0000000020002ca1        0x1 CMakeFiles/bootloader.dir/home/w0x7ce/pico-sdk/src/rp2_common/hardware_timer/timer.c.obj
 *(COMMON)
 COMMON         0x0000000020002ca2        0x4 CMakeFiles/bootloader.dir/home/w0x7ce/pico-sdk/src/rp2_common/hardware_uart/uart.c.obj
                0x0000000020002ca2                uart_char_to_line_feed
 *fill*         0x0000000020002ca6        0x2 
 COMMON         0x0000000020002ca8      0x100 CMakeFiles/bootloader.dir/home/w0x7ce/pico-sdk/src/rp2_common/pico_double/double_init_rom.c.obj
                0x0000000020002ca8                sd_table
 COMMON         0x0000000020002da8      0x100 CMakeFiles/bootloader.dir/home/w0x7ce/pico-sdk/src/rp2_common/pico_float/float_init_rom.c.obj
                0x0000000020002da8                sf_table
 COMMON         0x0000000020002ea8        0x4 CMakeFiles/bootloader.dir/home/w0x7ce/pico-sdk/src/rp2_common/cmsis/stub/CMSIS/Device/RaspberryPi/RP2040/Source/system_RP2040.c.obj
                0x0000000020002ea8                SystemCoreClock
                0x0000000020002eac                . = ALIGN (0x4)
                0x0000000020002eac                __bss_end__ = .

.heap           0x0000000020002eac      0x800
                0x0000000020002eac                __end__ = .
                0x0000000020002eac                end = __end__
 *(.heap*)
 .heap          0x0000000020002eac      0x800 CMakeFiles/bootloader.dir/home/w0x7ce/pico-sdk/src/rp2_common/pico_standard_link/crt0.S.obj
                0x00000000200036ac                __HeapLimit = .

.stack1_dummy   0x0000000020040000        0x0
 *(.stack1*)

.stack_dummy    0x0000000020041000      0x800
 *(.stack*)
 .stack         0x0000000020041000      0x800 CMakeFiles/bootloader.dir/home/w0x7ce/pico-sdk/src/rp2_common/pico_standard_link/crt0.S.obj

.flash_end      0x0000000010002c04        0x0
                0x0000000010002c04                __flash_binary_end = .
                0x0000000020040000                __StackLimit = (ORIGIN (RAM) + LENGTH (RAM))
                0x0000000020041000                __StackOneTop = (ORIGIN (SCRATCH_X) + LENGTH (SCRATCH_X))
                0x0000000020042000                __StackTop = (ORIGIN (SCRATCH_Y) + LENGTH (SCRATCH_Y))
                0x0000000020041000                __StackOneBottom = (__StackOneTop - SIZEOF (.stack1_dummy))
                0x0000000020041800                __StackBottom = (__StackTop - SIZEOF (.stack_dummy))
                0x0000000020042000                PROVIDE (__stack = __StackTop)
                0x0000000000000001                ASSERT ((__StackLimit >= __HeapLimit), region RAM overflowed)
                0x0000000000000001                ASSERT (((__binary_info_header_end - __logical_binary_start) <= 0x100), Binary info must be in first 256 bytes of the binary)
LOAD CMakeFiles/bootloader.dir/main.c.obj
LOAD CMakeFiles/bootloader.dir/home/w0x7ce/pico-sdk/src/rp2_common/pico_stdlib/stdlib.c.obj
LOAD CMakeFiles/bootloader.dir/home/w0x7ce/pico-sdk/src/rp2_common/hardware_gpio/gpio.c.obj
LOAD CMakeFiles/bootloader.dir/home/w0x7ce/pico-sdk/src/rp2_common/pico_platform/platform.c.obj
LOAD CMakeFiles/bootloader.dir/home/w0x7ce/pico-sdk/src/rp2_common/hardware_claim/claim.c.obj
LOAD CMakeFiles/bootloader.dir/home/w0x7ce/pico-sdk/src/rp2_common/hardware_sync/sync.c.obj
LOAD CMakeFiles/bootloader.dir/home/w0x7ce/pico-sdk/src/rp2_common/hardware_irq/irq.c.obj
LOAD CMakeFiles/bootloader.dir/home/w0x7ce/pico-sdk/src/rp2_common/hardware_irq/irq_handler_chain.S.obj
LOAD CMakeFiles/bootloader.dir/home/w0x7ce/pico-sdk/src/common/pico_sync/sem.c.obj
LOAD CMakeFiles/bootloader.dir/home/w0x7ce/pico-sdk/src/common/pico_sync/lock_core.c.obj
LOAD CMakeFiles/bootloader.dir/home/w0x7ce/pico-sdk/src/common/pico_sync/mutex.c.obj
LOAD CMakeFiles/bootloader.dir/home/w0x7ce/pico-sdk/src/common/pico_sync/critical_section.c.obj
LOAD CMakeFiles/bootloader.dir/home/w0x7ce/pico-sdk/src/common/pico_time/time.c.obj
LOAD CMakeFiles/bootloader.dir/home/w0x7ce/pico-sdk/src/common/pico_time/timeout_helper.c.obj
LOAD CMakeFiles/bootloader.dir/home/w0x7ce/pico-sdk/src/rp2_common/hardware_timer/timer.c.obj
LOAD CMakeFiles/bootloader.dir/home/w0x7ce/pico-sdk/src/common/pico_util/datetime.c.obj
LOAD CMakeFiles/bootloader.dir/home/w0x7ce/pico-sdk/src/common/pico_util/pheap.c.obj
LOAD CMakeFiles/bootloader.dir/home/w0x7ce/pico-sdk/src/common/pico_util/queue.c.obj
LOAD CMakeFiles/bootloader.dir/home/w0x7ce/pico-sdk/src/rp2_common/hardware_uart/uart.c.obj
LOAD CMakeFiles/bootloader.dir/home/w0x7ce/pico-sdk/src/rp2_common/hardware_clocks/clocks.c.obj
LOAD CMakeFiles/bootloader.dir/home/w0x7ce/pico-sdk/src/rp2_common/hardware_pll/pll.c.obj
LOAD CMakeFiles/bootloader.dir/home/w0x7ce/pico-sdk/src/rp2_common/hardware_vreg/vreg.c.obj
LOAD CMakeFiles/bootloader.dir/home/w0x7ce/pico-sdk/src/rp2_common/hardware_watchdog/watchdog.c.obj
LOAD CMakeFiles/bootloader.dir/home/w0x7ce/pico-sdk/src/rp2_common/hardware_xosc/xosc.c.obj
LOAD CMakeFiles/bootloader.dir/home/w0x7ce/pico-sdk/src/rp2_common/hardware_divider/divider.S.obj
LOAD CMakeFiles/bootloader.dir/home/w0x7ce/pico-sdk/src/rp2_common/pico_runtime/runtime.c.obj
LOAD CMakeFiles/bootloader.dir/home/w0x7ce/pico-sdk/src/rp2_common/pico_printf/printf.c.obj
LOAD CMakeFiles/bootloader.dir/home/w0x7ce/pico-sdk/src/rp2_common/pico_bit_ops/bit_ops_aeabi.S.obj
LOAD CMakeFiles/bootloader.dir/home/w0x7ce/pico-sdk/src/rp2_common/pico_bootrom/bootrom.c.obj
LOAD CMakeFiles/bootloader.dir/home/w0x7ce/pico-sdk/src/rp2_common/pico_divider/divider.S.obj
LOAD CMakeFiles/bootloader.dir/home/w0x7ce/pico-sdk/src/rp2_common/pico_double/double_aeabi.S.obj
LOAD CMakeFiles/bootloader.dir/home/w0x7ce/pico-sdk/src/rp2_common/pico_double/double_init_rom.c.obj
LOAD CMakeFiles/bootloader.dir/home/w0x7ce/pico-sdk/src/rp2_common/pico_double/double_math.c.obj
LOAD CMakeFiles/bootloader.dir/home/w0x7ce/pico-sdk/src/rp2_common/pico_double/double_v1_rom_shim.S.obj
LOAD CMakeFiles/bootloader.dir/home/w0x7ce/pico-sdk/src/rp2_common/pico_int64_ops/pico_int64_ops_aeabi.S.obj
LOAD CMakeFiles/bootloader.dir/home/w0x7ce/pico-sdk/src/rp2_common/pico_float/float_aeabi.S.obj
LOAD CMakeFiles/bootloader.dir/home/w0x7ce/pico-sdk/src/rp2_common/pico_float/float_init_rom.c.obj
LOAD CMakeFiles/bootloader.dir/home/w0x7ce/pico-sdk/src/rp2_common/pico_float/float_math.c.obj
LOAD CMakeFiles/bootloader.dir/home/w0x7ce/pico-sdk/src/rp2_common/pico_float/float_v1_rom_shim.S.obj
LOAD CMakeFiles/bootloader.dir/home/w0x7ce/pico-sdk/src/rp2_common/pico_malloc/pico_malloc.c.obj
LOAD CMakeFiles/bootloader.dir/home/w0x7ce/pico-sdk/src/rp2_common/pico_mem_ops/mem_ops_aeabi.S.obj
LOAD CMakeFiles/bootloader.dir/home/w0x7ce/pico-sdk/src/rp2_common/pico_standard_link/crt0.S.obj
LOAD CMakeFiles/bootloader.dir/home/w0x7ce/pico-sdk/src/rp2_common/pico_standard_link/new_delete.cpp.obj
LOAD CMakeFiles/bootloader.dir/home/w0x7ce/pico-sdk/src/rp2_common/pico_standard_link/binary_info.c.obj
LOAD CMakeFiles/bootloader.dir/home/w0x7ce/pico-sdk/src/rp2_common/pico_stdio/stdio.c.obj
LOAD CMakeFiles/bootloader.dir/home/w0x7ce/pico-sdk/src/rp2_common/pico_stdio_uart/stdio_uart.c.obj
LOAD CMakeFiles/bootloader.dir/home/w0x7ce/pico-sdk/src/rp2_common/hardware_dma/dma.c.obj
LOAD CMakeFiles/bootloader.dir/home/w0x7ce/pico-sdk/src/rp2_common/hardware_flash/flash.c.obj
LOAD CMakeFiles/bootloader.dir/home/w0x7ce/pico-sdk/src/rp2_common/cmsis/stub/CMSIS/Device/RaspberryPi/RP2040/Source/system_RP2040.c.obj
LOAD /tmp/cc9kMRYE.o
LOAD /opt/gcc-arm-none-eabi-9-2020-q2-update/bin/../lib/gcc/arm-none-eabi/9.3.1/../../../../arm-none-eabi/lib/thumb/v6-m/nofp/libstdc++.a
LOAD /opt/gcc-arm-none-eabi-9-2020-q2-update/bin/../lib/gcc/arm-none-eabi/9.3.1/../../../../arm-none-eabi/lib/thumb/v6-m/nofp/libm.a
START GROUP
LOAD /opt/gcc-arm-none-eabi-9-2020-q2-update/bin/../lib/gcc/arm-none-eabi/9.3.1/thumb/v6-m/nofp/libgcc.a
LOAD /opt/gcc-arm-none-eabi-9-2020-q2-update/bin/../lib/gcc/arm-none-eabi/9.3.1/../../../../arm-none-eabi/lib/thumb/v6-m/nofp/libc.a
END GROUP
START GROUP
LOAD /opt/gcc-arm-none-eabi-9-2020-q2-update/bin/../lib/gcc/arm-none-eabi/9.3.1/thumb/v6-m/nofp/libgcc.a
LOAD /opt/gcc-arm-none-eabi-9-2020-q2-update/bin/../lib/gcc/arm-none-eabi/9.3.1/../../../../arm-none-eabi/lib/thumb/v6-m/nofp/libc.a
LOAD /opt/gcc-arm-none-eabi-9-2020-q2-update/bin/../lib/gcc/arm-none-eabi/9.3.1/../../../../arm-none-eabi/lib/thumb/v6-m/nofp/libnosys.a
END GROUP
LOAD /opt/gcc-arm-none-eabi-9-2020-q2-update/bin/../lib/gcc/arm-none-eabi/9.3.1/thumb/v6-m/nofp/crtend.o
LOAD /opt/gcc-arm-none-eabi-9-2020-q2-update/bin/../lib/gcc/arm-none-eabi/9.3.1/thumb/v6-m/nofp/crtn.o
OUTPUT(bootloader.elf elf32-littlearm)
LOAD linker stubs

.ARM.attributes
                0x0000000000000000       0x28
 .ARM.attributes
                0x0000000000000000       0x1e /opt/gcc-arm-none-eabi-9-2020-q2-update/bin/../lib/gcc/arm-none-eabi/9.3.1/thumb/v6-m/nofp/crti.o
 .ARM.attributes
                0x000000000000001e       0x2c /opt/gcc-arm-none-eabi-9-2020-q2-update/bin/../lib/gcc/arm-none-eabi/9.3.1/thumb/v6-m/nofp/crtbegin.o
 .ARM.attributes
                0x000000000000004a       0x2c CMakeFiles/bootloader.dir/main.c.obj
 .ARM.attributes
                0x0000000000000076       0x2c CMakeFiles/bootloader.dir/home/w0x7ce/pico-sdk/src/rp2_common/hardware_gpio/gpio.c.obj
 .ARM.attributes
                0x00000000000000a2       0x2c CMakeFiles/bootloader.dir/home/w0x7ce/pico-sdk/src/rp2_common/pico_platform/platform.c.obj
 .ARM.attributes
                0x00000000000000ce       0x2c CMakeFiles/bootloader.dir/home/w0x7ce/pico-sdk/src/rp2_common/hardware_claim/claim.c.obj
 .ARM.attributes
                0x00000000000000fa       0x2c CMakeFiles/bootloader.dir/home/w0x7ce/pico-sdk/src/rp2_common/hardware_sync/sync.c.obj
 .ARM.attributes
                0x0000000000000126       0x2c CMakeFiles/bootloader.dir/home/w0x7ce/pico-sdk/src/rp2_common/hardware_irq/irq.c.obj
 .ARM.attributes
                0x0000000000000152       0x22 CMakeFiles/bootloader.dir/home/w0x7ce/pico-sdk/src/rp2_common/hardware_irq/irq_handler_chain.S.obj
 .ARM.attributes
                0x0000000000000174       0x2c CMakeFiles/bootloader.dir/home/w0x7ce/pico-sdk/src/common/pico_sync/lock_core.c.obj
 .ARM.attributes
                0x00000000000001a0       0x2c CMakeFiles/bootloader.dir/home/w0x7ce/pico-sdk/src/common/pico_sync/mutex.c.obj
 .ARM.attributes
                0x00000000000001cc       0x2c CMakeFiles/bootloader.dir/home/w0x7ce/pico-sdk/src/common/pico_time/time.c.obj
 .ARM.attributes
                0x00000000000001f8       0x2c CMakeFiles/bootloader.dir/home/w0x7ce/pico-sdk/src/rp2_common/hardware_timer/timer.c.obj
 .ARM.attributes
                0x0000000000000224       0x2c CMakeFiles/bootloader.dir/home/w0x7ce/pico-sdk/src/common/pico_util/pheap.c.obj
 .ARM.attributes
                0x0000000000000250       0x2c CMakeFiles/bootloader.dir/home/w0x7ce/pico-sdk/src/rp2_common/hardware_uart/uart.c.obj
 .ARM.attributes
                0x000000000000027c       0x2c CMakeFiles/bootloader.dir/home/w0x7ce/pico-sdk/src/rp2_common/hardware_clocks/clocks.c.obj
 .ARM.attributes
                0x00000000000002a8       0x2c CMakeFiles/bootloader.dir/home/w0x7ce/pico-sdk/src/rp2_common/hardware_pll/pll.c.obj
 .ARM.attributes
                0x00000000000002d4       0x2c CMakeFiles/bootloader.dir/home/w0x7ce/pico-sdk/src/rp2_common/hardware_watchdog/watchdog.c.obj
 .ARM.attributes
                0x0000000000000300       0x2c CMakeFiles/bootloader.dir/home/w0x7ce/pico-sdk/src/rp2_common/hardware_xosc/xosc.c.obj
 .ARM.attributes
                0x000000000000032c       0x2c CMakeFiles/bootloader.dir/home/w0x7ce/pico-sdk/src/rp2_common/pico_runtime/runtime.c.obj
 .ARM.attributes
                0x0000000000000358       0x2c CMakeFiles/bootloader.dir/home/w0x7ce/pico-sdk/src/rp2_common/pico_printf/printf.c.obj
 .ARM.attributes
                0x0000000000000384       0x22 CMakeFiles/bootloader.dir/home/w0x7ce/pico-sdk/src/rp2_common/pico_bit_ops/bit_ops_aeabi.S.obj
 .ARM.attributes
                0x00000000000003a6       0x2c CMakeFiles/bootloader.dir/home/w0x7ce/pico-sdk/src/rp2_common/pico_bootrom/bootrom.c.obj
 .ARM.attributes
                0x00000000000003d2       0x22 CMakeFiles/bootloader.dir/home/w0x7ce/pico-sdk/src/rp2_common/pico_divider/divider.S.obj
 .ARM.attributes
                0x00000000000003f4       0x22 CMakeFiles/bootloader.dir/home/w0x7ce/pico-sdk/src/rp2_common/pico_double/double_aeabi.S.obj
 .ARM.attributes
                0x0000000000000416       0x2c CMakeFiles/bootloader.dir/home/w0x7ce/pico-sdk/src/rp2_common/pico_double/double_init_rom.c.obj
 .ARM.attributes
                0x0000000000000442       0x22 CMakeFiles/bootloader.dir/home/w0x7ce/pico-sdk/src/rp2_common/pico_double/double_v1_rom_shim.S.obj
 .ARM.attributes
                0x0000000000000464       0x22 CMakeFiles/bootloader.dir/home/w0x7ce/pico-sdk/src/rp2_common/pico_int64_ops/pico_int64_ops_aeabi.S.obj
 .ARM.attributes
                0x0000000000000486       0x22 CMakeFiles/bootloader.dir/home/w0x7ce/pico-sdk/src/rp2_common/pico_float/float_aeabi.S.obj
 .ARM.attributes
                0x00000000000004a8       0x2c CMakeFiles/bootloader.dir/home/w0x7ce/pico-sdk/src/rp2_common/pico_float/float_init_rom.c.obj
 .ARM.attributes
                0x00000000000004d4       0x22 CMakeFiles/bootloader.dir/home/w0x7ce/pico-sdk/src/rp2_common/pico_float/float_v1_rom_shim.S.obj
 .ARM.attributes
                0x00000000000004f6       0x22 CMakeFiles/bootloader.dir/home/w0x7ce/pico-sdk/src/rp2_common/pico_mem_ops/mem_ops_aeabi.S.obj
 .ARM.attributes
                0x0000000000000518       0x22 CMakeFiles/bootloader.dir/home/w0x7ce/pico-sdk/src/rp2_common/pico_standard_link/crt0.S.obj
 .ARM.attributes
                0x000000000000053a       0x32 CMakeFiles/bootloader.dir/home/w0x7ce/pico-sdk/src/rp2_common/pico_standard_link/binary_info.c.obj
 .ARM.attributes
                0x000000000000056c       0x2c CMakeFiles/bootloader.dir/home/w0x7ce/pico-sdk/src/rp2_common/pico_stdio/stdio.c.obj
 .ARM.attributes
                0x0000000000000598       0x2c CMakeFiles/bootloader.dir/home/w0x7ce/pico-sdk/src/rp2_common/hardware_dma/dma.c.obj
 .ARM.attributes
                0x00000000000005c4       0x2c CMakeFiles/bootloader.dir/home/w0x7ce/pico-sdk/src/rp2_common/hardware_flash/flash.c.obj
 .ARM.attributes
                0x00000000000005f0       0x2c CMakeFiles/bootloader.dir/home/w0x7ce/pico-sdk/src/rp2_common/cmsis/stub/CMSIS/Device/RaspberryPi/RP2040/Source/system_RP2040.c.obj
 .ARM.attributes
                0x000000000000061c       0x22 /tmp/cc9kMRYE.o
 .ARM.attributes
                0x000000000000063e       0x1e /opt/gcc-arm-none-eabi-9-2020-q2-update/bin/../lib/gcc/arm-none-eabi/9.3.1/thumb/v6-m/nofp/libgcc.a(_thumb1_case_uqi.o)
 .ARM.attributes
                0x000000000000065c       0x1e /opt/gcc-arm-none-eabi-9-2020-q2-update/bin/../lib/gcc/arm-none-eabi/9.3.1/thumb/v6-m/nofp/libgcc.a(_dvmd_tls.o)
 .ARM.attributes
                0x000000000000067a       0x2c /opt/gcc-arm-none-eabi-9-2020-q2-update/bin/../lib/gcc/arm-none-eabi/9.3.1/../../../../arm-none-eabi/lib/thumb/v6-m/nofp/libc.a(lib_a-memcmp.o)
 .ARM.attributes
                0x00000000000006a6       0x2c /opt/gcc-arm-none-eabi-9-2020-q2-update/bin/../lib/gcc/arm-none-eabi/9.3.1/../../../../arm-none-eabi/lib/thumb/v6-m/nofp/libc.a(lib_a-strlen-stub.o)

.comment        0x0000000000000000       0x4c
 .comment       0x0000000000000000       0x4c CMakeFiles/bootloader.dir/main.c.obj
                                         0x4d (size before relaxing)
 .comment       0x000000000000004c       0x4d CMakeFiles/bootloader.dir/home/w0x7ce/pico-sdk/src/rp2_common/hardware_gpio/gpio.c.obj
 .comment       0x000000000000004c       0x4d CMakeFiles/bootloader.dir/home/w0x7ce/pico-sdk/src/rp2_common/pico_platform/platform.c.obj
 .comment       0x000000000000004c       0x4d CMakeFiles/bootloader.dir/home/w0x7ce/pico-sdk/src/rp2_common/hardware_claim/claim.c.obj
 .comment       0x000000000000004c       0x4d CMakeFiles/bootloader.dir/home/w0x7ce/pico-sdk/src/rp2_common/hardware_sync/sync.c.obj
 .comment       0x000000000000004c       0x4d CMakeFiles/bootloader.dir/home/w0x7ce/pico-sdk/src/rp2_common/hardware_irq/irq.c.obj
 .comment       0x000000000000004c       0x4d CMakeFiles/bootloader.dir/home/w0x7ce/pico-sdk/src/common/pico_sync/lock_core.c.obj
 .comment       0x000000000000004c       0x4d CMakeFiles/bootloader.dir/home/w0x7ce/pico-sdk/src/common/pico_sync/mutex.c.obj
 .comment       0x000000000000004c       0x4d CMakeFiles/bootloader.dir/home/w0x7ce/pico-sdk/src/common/pico_time/time.c.obj
 .comment       0x000000000000004c       0x4d CMakeFiles/bootloader.dir/home/w0x7ce/pico-sdk/src/rp2_common/hardware_timer/timer.c.obj
 .comment       0x000000000000004c       0x4d CMakeFiles/bootloader.dir/home/w0x7ce/pico-sdk/src/common/pico_util/pheap.c.obj
 .comment       0x000000000000004c       0x4d CMakeFiles/bootloader.dir/home/w0x7ce/pico-sdk/src/rp2_common/hardware_uart/uart.c.obj
 .comment       0x000000000000004c       0x4d CMakeFiles/bootloader.dir/home/w0x7ce/pico-sdk/src/rp2_common/hardware_clocks/clocks.c.obj
 .comment       0x000000000000004c       0x4d CMakeFiles/bootloader.dir/home/w0x7ce/pico-sdk/src/rp2_common/hardware_pll/pll.c.obj
 .comment       0x000000000000004c       0x4d CMakeFiles/bootloader.dir/home/w0x7ce/pico-sdk/src/rp2_common/hardware_watchdog/watchdog.c.obj
 .comment       0x000000000000004c       0x4d CMakeFiles/bootloader.dir/home/w0x7ce/pico-sdk/src/rp2_common/hardware_xosc/xosc.c.obj
 .comment       0x000000000000004c       0x4d CMakeFiles/bootloader.dir/home/w0x7ce/pico-sdk/src/rp2_common/pico_runtime/runtime.c.obj
 .comment       0x000000000000004c       0x4d CMakeFiles/bootloader.dir/home/w0x7ce/pico-sdk/src/rp2_common/pico_printf/printf.c.obj
 .comment       0x000000000000004c       0x4d CMakeFiles/bootloader.dir/home/w0x7ce/pico-sdk/src/rp2_common/pico_bootrom/bootrom.c.obj
 .comment       0x000000000000004c       0x4d CMakeFiles/bootloader.dir/home/w0x7ce/pico-sdk/src/rp2_common/pico_double/double_init_rom.c.obj
 .comment       0x000000000000004c       0x4d CMakeFiles/bootloader.dir/home/w0x7ce/pico-sdk/src/rp2_common/pico_float/float_init_rom.c.obj
 .comment       0x000000000000004c       0x4d CMakeFiles/bootloader.dir/home/w0x7ce/pico-sdk/src/rp2_common/pico_standard_link/binary_info.c.obj
 .comment       0x000000000000004c       0x4d CMakeFiles/bootloader.dir/home/w0x7ce/pico-sdk/src/rp2_common/pico_stdio/stdio.c.obj
 .comment       0x000000000000004c       0x4d CMakeFiles/bootloader.dir/home/w0x7ce/pico-sdk/src/rp2_common/hardware_dma/dma.c.obj
 .comment       0x000000000000004c       0x4d CMakeFiles/bootloader.dir/home/w0x7ce/pico-sdk/src/rp2_common/hardware_flash/flash.c.obj
 .comment       0x000000000000004c       0x4d CMakeFiles/bootloader.dir/home/w0x7ce/pico-sdk/src/rp2_common/cmsis/stub/CMSIS/Device/RaspberryPi/RP2040/Source/system_RP2040.c.obj

.debug_frame    0x0000000000000000       0x54
 .debug_frame   0x0000000000000000       0x2c /opt/gcc-arm-none-eabi-9-2020-q2-update/bin/../lib/gcc/arm-none-eabi/9.3.1/../../../../arm-none-eabi/lib/thumb/v6-m/nofp/libc.a(lib_a-memcmp.o)
 .debug_frame   0x000000000000002c       0x28 /opt/gcc-arm-none-eabi-9-2020-q2-update/bin/../lib/gcc/arm-none-eabi/9.3.1/../../../../arm-none-eabi/lib/thumb/v6-m/nofp/libc.a(lib_a-strlen-stub.o)
