Archive member included to satisfy reference by file (symbol)

/usr/lib/gcc/arm-none-eabi/13.2.1/thumb/v6-m/nofp/libgcc.a(_dvmd_tls.o)
                              CMakeFiles/rp2040_ssd1306.dir/home/w0x7ce/pico-sdk/src/rp2_common/pico_divider/divider.S.obj (__aeabi_idiv0)
/usr/lib/gcc/arm-none-eabi/13.2.1/../../../arm-none-eabi/lib/thumb/v6-m/nofp/libc.a(libc_a-rand.o)
                              CMakeFiles/rp2040_ssd1306.dir/main.cpp.obj (rand)
/usr/lib/gcc/arm-none-eabi/13.2.1/../../../arm-none-eabi/lib/thumb/v6-m/nofp/libc.a(libc_a-random.o)
                              CMakeFiles/rp2040_ssd1306.dir/main.cpp.obj (random)
/usr/lib/gcc/arm-none-eabi/13.2.1/../../../arm-none-eabi/lib/thumb/v6-m/nofp/libc.a(libc_a-calloc.o)
                              CMakeFiles/rp2040_ssd1306.dir/home/w0x7ce/pico-sdk/src/rp2_common/pico_malloc/pico_malloc.c.obj (calloc)
/usr/lib/gcc/arm-none-eabi/13.2.1/../../../arm-none-eabi/lib/thumb/v6-m/nofp/libc.a(libc_a-impure.o)
                              /usr/lib/gcc/arm-none-eabi/13.2.1/../../../arm-none-eabi/lib/thumb/v6-m/nofp/libc.a(libc_a-rand.o) (_impure_ptr)
/usr/lib/gcc/arm-none-eabi/13.2.1/../../../arm-none-eabi/lib/thumb/v6-m/nofp/libc.a(libc_a-callocr.o)
                              /usr/lib/gcc/arm-none-eabi/13.2.1/../../../arm-none-eabi/lib/thumb/v6-m/nofp/libc.a(libc_a-calloc.o) (_calloc_r)
/usr/lib/gcc/arm-none-eabi/13.2.1/../../../arm-none-eabi/lib/thumb/v6-m/nofp/libc.a(libc_a-realloc.o)
                              CMakeFiles/rp2040_ssd1306.dir/home/w0x7ce/pico-sdk/src/rp2_common/pico_malloc/pico_malloc.c.obj (realloc)
/usr/lib/gcc/arm-none-eabi/13.2.1/../../../arm-none-eabi/lib/thumb/v6-m/nofp/libc.a(libc_a-mallocr.o)
                              /usr/lib/gcc/arm-none-eabi/13.2.1/../../../arm-none-eabi/lib/thumb/v6-m/nofp/libc.a(libc_a-callocr.o) (_malloc_r)
/usr/lib/gcc/arm-none-eabi/13.2.1/../../../arm-none-eabi/lib/thumb/v6-m/nofp/libc.a(libc_a-freer.o)
                              /usr/lib/gcc/arm-none-eabi/13.2.1/../../../arm-none-eabi/lib/thumb/v6-m/nofp/libc.a(libc_a-mallocr.o) (_free_r)
/usr/lib/gcc/arm-none-eabi/13.2.1/../../../arm-none-eabi/lib/thumb/v6-m/nofp/libc.a(libc_a-malloc.o)
                              CMakeFiles/rp2040_ssd1306.dir/home/w0x7ce/pico-sdk/src/rp2_common/pico_malloc/pico_malloc.c.obj (malloc)
/usr/lib/gcc/arm-none-eabi/13.2.1/../../../arm-none-eabi/lib/thumb/v6-m/nofp/libc.a(libc_a-sysconf.o)
                              /usr/lib/gcc/arm-none-eabi/13.2.1/../../../arm-none-eabi/lib/thumb/v6-m/nofp/libc.a(libc_a-mallocr.o) (sysconf)
/usr/lib/gcc/arm-none-eabi/13.2.1/../../../arm-none-eabi/lib/thumb/v6-m/nofp/libc.a(libc_a-init.o)
                              /usr/lib/gcc/arm-none-eabi/13.2.1/../../../arm-none-eabi/lib/thumb/v6-m/nofp/crt0.o (__libc_init_array)
/usr/lib/gcc/arm-none-eabi/13.2.1/../../../arm-none-eabi/lib/thumb/v6-m/nofp/libc.a(libc_a-reallocr.o)
                              /usr/lib/gcc/arm-none-eabi/13.2.1/../../../arm-none-eabi/lib/thumb/v6-m/nofp/libc.a(libc_a-realloc.o) (_realloc_r)
/usr/lib/gcc/arm-none-eabi/13.2.1/../../../arm-none-eabi/lib/thumb/v6-m/nofp/libc.a(libc_a-mlock.o)
                              /usr/lib/gcc/arm-none-eabi/13.2.1/../../../arm-none-eabi/lib/thumb/v6-m/nofp/libc.a(libc_a-mallocr.o) (__malloc_lock)
/usr/lib/gcc/arm-none-eabi/13.2.1/../../../arm-none-eabi/lib/thumb/v6-m/nofp/libc.a(libc_a-findfp.o)
                              /usr/lib/gcc/arm-none-eabi/13.2.1/../../../arm-none-eabi/lib/thumb/v6-m/nofp/libc.a(libc_a-impure.o) (__sf)
/usr/lib/gcc/arm-none-eabi/13.2.1/../../../arm-none-eabi/lib/thumb/v6-m/nofp/libc.a(libc_a-atexit.o)
                              /usr/lib/gcc/arm-none-eabi/13.2.1/../../../arm-none-eabi/lib/thumb/v6-m/nofp/crt0.o (atexit)
/usr/lib/gcc/arm-none-eabi/13.2.1/../../../arm-none-eabi/lib/thumb/v6-m/nofp/libc.a(libc_a-strlen-stub.o)
                              CMakeFiles/rp2040_ssd1306.dir/home/w0x7ce/pico-sdk/src/rp2_common/pico_stdio/stdio.c.obj (strlen)
/usr/lib/gcc/arm-none-eabi/13.2.1/../../../arm-none-eabi/lib/thumb/v6-m/nofp/libc.a(libc_a-sbrkr.o)
                              /usr/lib/gcc/arm-none-eabi/13.2.1/../../../arm-none-eabi/lib/thumb/v6-m/nofp/libc.a(libc_a-mallocr.o) (_sbrk_r)
/usr/lib/gcc/arm-none-eabi/13.2.1/../../../arm-none-eabi/lib/thumb/v6-m/nofp/libc.a(libc_a-fini.o)
                              /usr/lib/gcc/arm-none-eabi/13.2.1/../../../arm-none-eabi/lib/thumb/v6-m/nofp/crt0.o (__libc_fini_array)
/usr/lib/gcc/arm-none-eabi/13.2.1/../../../arm-none-eabi/lib/thumb/v6-m/nofp/libc.a(libc_a-fwalk.o)
                              /usr/lib/gcc/arm-none-eabi/13.2.1/../../../arm-none-eabi/lib/thumb/v6-m/nofp/libc.a(libc_a-findfp.o) (_fwalk_sglue)
/usr/lib/gcc/arm-none-eabi/13.2.1/../../../arm-none-eabi/lib/thumb/v6-m/nofp/libc.a(libc_a-memmove.o)
                              /usr/lib/gcc/arm-none-eabi/13.2.1/../../../arm-none-eabi/lib/thumb/v6-m/nofp/libc.a(libc_a-reallocr.o) (memmove)
[...]
Memory Configuration

Name             Origin             Length             Attributes
FLASH            0x10000000         0x00200000         xr
RAM              0x20000000         0x00040000         xrw
SCRATCH_X        0x20040000         0x00001000         xrw
SCRATCH_Y        0x20041000         0x00001000         xrw
*default*        0x00000000         0xffffffff

Linker script and memory map

LOAD /usr/lib/gcc/arm-none-eabi/13.2.1/thumb/v6-m/nofp/crti.o
LOAD /usr/lib/gcc/arm-none-eabi/13.2.1/thumb/v6-m/nofp/crtbegin.o
LOAD /usr/lib/gcc/arm-none-eabi/13.2.1/../../../arm-none-eabi/lib/thumb/v6-m/nofp/crt0.o

.flash_begin    0x10000000        0x0
                0x10000000                        __flash_binary_start = .

.boot2          0x10000000      0x100
                0x10000000                        __boot2_start__ = .
 *(.boot2)
 .boot2         0x10000000      0x100 /tmp/ccafWIdL.o
                0x10000100                        __boot2_end__ = .
                0x00000001                        ASSERT (((__boot2_end__ - __boot2_start__) == 0x100), ERROR: Pico second stage bootloader must be 256 bytes in size)

.text           0x10000100     0x3e50
                0x10000100                        __logical_binary_start = .
 *(.vectors)
 .vectors       0x10000100       0xd4 CMakeFiles/rp2040_ssd1306.dir/home/w0x7ce/pico-sdk/src/rp2_common/pico_standard_link/crt0.S.obj
                0x10000100                __vectors
                0x10000100                __VECTOR_TABLE
                0x100001c0                __default_isrs_start
                0x100001c0                isr_invalid
                0x100001c2                isr_nmi
                0x100001c4                isr_hardfault
                0x100001c6                isr_svcall
                0x100001c8                isr_pendsv
                0x100001ca                isr_systick
                0x100001cc                isr_irq4
                0x100001cc                isr_irq5
                0x100001cc                isr_irq2
                0x100001cc                isr_irq3
                0x100001cc                isr_irq0
                0x100001cc                isr_irq1
                0x100001cc                __default_isrs_end
                0x100001cc                isr_irq31
                0x100001cc                isr_irq30
                0x100001cc                isr_irq27
                0x100001cc                isr_irq28
                0x100001cc                isr_irq29
                0x100001cc                isr_irq26
                0x100001cc                isr_irq25
                0x100001cc                isr_irq20
                0x100001cc                isr_irq22
                0x100001cc                isr_irq21
                0x100001cc                isr_irq24
                0x100001cc                isr_irq23
                0x100001cc                isr_irq19
                0x100001cc                isr_irq14
                0x100001cc                isr_irq13
                0x100001cc                isr_irq16
                0x100001cc                isr_irq18
                0x100001cc                isr_irq15
                0x100001cc                isr_irq17
                0x100001cc                isr_irq12
                0x100001cc                isr_irq10
                0x100001cc                isr_irq11
                0x100001cc                __unhandled_user_irq
                0x100001cc                isr_irq8
                0x100001cc                isr_irq9
                0x100001cc                isr_irq6
                0x100001cc                isr_irq7
                0x100001d2                unhandled_user_irq_num_in_r0
 *(.binary_info_header)
 .binary_info_header
                0x100001d4       0x14 CMakeFiles/rp2040_ssd1306.dir/home/w0x7ce/pico-sdk/src/rp2_common/pico_standard_link/crt0.S.obj
                0x100001e8                        __binary_info_header_end = .
 *(.reset)
 .reset         0x100001e8       0xa0 CMakeFiles/rp2040_ssd1306.dir/home/w0x7ce/pico-sdk/src/rp2_common/pico_standard_link/crt0.S.obj
                0x100001e8                _entry_point
 .reset         0x10000288       0x30 CMakeFiles/rp2040_ssd1306.dir/home/w0x7ce/pico-sdk/src/rp2_common/pico_standard_link/binary_info.c.obj
 *(.init)
 .init          0x100002b8        0x4 /usr/lib/gcc/arm-none-eabi/13.2.1/thumb/v6-m/nofp/crti.o
                0x100002b8                _init
 *(EXCLUDE_FILE(*libm.a: *libc.a:*lib_a-mem*.o *libgcc.a:) .text*)
 .text          0x100002bc       0x98 /usr/lib/gcc/arm-none-eabi/13.2.1/thumb/v6-m/nofp/crtbegin.o
 .text._Z28u8x8_gpio_and_delay_templateP11u8x8_structhhPv
                0x10000354      0x108 CMakeFiles/rp2040_ssd1306.dir/main.cpp.obj
                0x10000354                u8x8_gpio_and_delay_template(u8x8_struct*, unsigned char, unsigned char, void*)
 .text._Z21u8x8_byte_pico_hw_spiP11u8x8_structhhPv
                0x1000045c       0xa8 CMakeFiles/rp2040_ssd1306.dir/main.cpp.obj
                0x1000045c                u8x8_byte_pico_hw_spi(u8x8_struct*, unsigned char, unsigned char, void*)
 .text._Z14fireworks_showv
                0x10000504      0x2a8 CMakeFiles/rp2040_ssd1306.dir/main.cpp.obj
                0x10000504                fireworks_show()
 .text._Z10setup_OLEDv
                0x100007ac       0x44 CMakeFiles/rp2040_ssd1306.dir/main.cpp.obj
                0x100007ac                setup_OLED()
 .text._Z9OLED_Taskv
                0x100007f0       0x20 CMakeFiles/rp2040_ssd1306.dir/main.cpp.obj
                0x100007f0                OLED_Task()
 .text.startup.main
                0x10000810        0xc CMakeFiles/rp2040_ssd1306.dir/main.cpp.obj
                0x10000810                main
 .text.u8x8_ascii_next
                0x1000081c       0x14 CMakeFiles/rp2040_ssd1306.dir/libs/U8g2/csrc/u8x8_8x8.c.obj
                0x1000081c                u8x8_ascii_next
 .text.u8x8_utf8_init
                0x10000830        0x8 CMakeFiles/rp2040_ssd1306.dir/libs/U8g2/csrc/u8x8_8x8.c.obj
                0x10000830                u8x8_utf8_init
 .text.u8g2_draw_l90_r0
                0x10000838       0x14 CMakeFiles/rp2040_ssd1306.dir/libs/U8g2/csrc/u8g2_setup.c.obj
                0x10000838                u8g2_draw_l90_r0
 .text.u8g2_update_dimension_r0
                0x1000084c       0x40 CMakeFiles/rp2040_ssd1306.dir/libs/U8g2/csrc/u8g2_setup.c.obj
                0x1000084c                u8g2_update_dimension_r0
 .text.u8g2_update_page_win_r0
                0x1000088c       0x7c CMakeFiles/rp2040_ssd1306.dir/libs/U8g2/csrc/u8g2_setup.c.obj
                0x1000088c                u8g2_update_page_win_r0
 .text.u8g2_SetupBuffer
                0x10000908       0x50 CMakeFiles/rp2040_ssd1306.dir/libs/U8g2/csrc/u8g2_setup.c.obj
                0x10000908                u8g2_SetupBuffer
 .text.u8x8_Setup
                0x10000958       0x2c CMakeFiles/rp2040_ssd1306.dir/libs/U8g2/csrc/u8x8_setup.c.obj
                0x10000958                u8x8_Setup
 .text.u8g2_Setup_ssd1306_128x64_noname_f
                0x10000984       0x40 CMakeFiles/rp2040_ssd1306.dir/libs/U8g2/csrc/u8g2_d_setup.c.obj
                0x10000984                u8g2_Setup_ssd1306_128x64_noname_f
 .text.u8x8_d_helper_display_setup_memory
                0x100009c4        0xc CMakeFiles/rp2040_ssd1306.dir/libs/U8g2/csrc/u8x8_display.c.obj
                0x100009c4                u8x8_d_helper_display_setup_memory
 .text.u8x8_d_helper_display_init
                0x100009d0       0x60 CMakeFiles/rp2040_ssd1306.dir/libs/U8g2/csrc/u8x8_display.c.obj
                0x100009d0                u8x8_d_helper_display_init
 .text.u8x8_DrawTile
                0x10000a30       0x20 CMakeFiles/rp2040_ssd1306.dir/libs/U8g2/csrc/u8x8_display.c.obj
                0x10000a30                u8x8_DrawTile
 .text.u8x8_SetupMemory
                0x10000a50       0x10 CMakeFiles/rp2040_ssd1306.dir/libs/U8g2/csrc/u8x8_display.c.obj
                0x10000a50                u8x8_SetupMemory
 .text.u8x8_InitDisplay
                0x10000a60       0x10 CMakeFiles/rp2040_ssd1306.dir/libs/U8g2/csrc/u8x8_display.c.obj
                0x10000a60                u8x8_InitDisplay
 .text.u8x8_SetPowerSave
                0x10000a70       0x10 CMakeFiles/rp2040_ssd1306.dir/libs/U8g2/csrc/u8x8_display.c.obj
                0x10000a70                u8x8_SetPowerSave
 .text.u8x8_SetContrast
                0x10000a80       0x10 CMakeFiles/rp2040_ssd1306.dir/libs/U8g2/csrc/u8x8_display.c.obj
                0x10000a80                u8x8_SetContrast
 .text.u8x8_RefreshDisplay
                0x10000a90       0x10 CMakeFiles/rp2040_ssd1306.dir/libs/U8g2/csrc/u8x8_display.c.obj
                0x10000a90                u8x8_RefreshDisplay
 .text.u8x8_cad_SendCmd
                0x10000aa0       0x10 CMakeFiles/rp2040_ssd1306.dir/libs/U8g2/csrc/u8x8_cad.c.obj
                0x10000aa0                u8x8_cad_SendCmd
 .text.u8x8_cad_SendArg
                0x10000ab0       0x10 CMakeFiles/rp2040_ssd1306.dir/libs/U8g2/csrc/u8x8_cad.c.obj
                0x10000ab0                u8x8_cad_SendArg
 .text.u8x8_cad_SendData
                0x10000ac0       0x10 CMakeFiles/rp2040_ssd1306.dir/libs/U8g2/csrc/u8x8_cad.c.obj
                0x10000ac0                u8x8_cad_SendData
 .text.u8x8_cad_StartTransfer
                0x10000ad0       0x10 CMakeFiles/rp2040_ssd1306.dir/libs/U8g2/csrc/u8x8_cad.c.obj
                0x10000ad0                u8x8_cad_StartTransfer
 .text.u8x8_cad_EndTransfer
                0x10000ae0       0x10 CMakeFiles/rp2040_ssd1306.dir/libs/U8g2/csrc/u8x8_cad.c.obj
                0x10000ae0                u8x8_cad_EndTransfer
 .text.u8x8_cad_SendSequence
                0x10000af0       0x68 CMakeFiles/rp2040_ssd1306.dir/libs/U8g2/csrc/u8x8_cad.c.obj
                0x10000af0                u8x8_cad_SendSequence
 .text.u8x8_cad_001
                0x10000b58       0x68 CMakeFiles/rp2040_ssd1306.dir/libs/U8g2/csrc/u8x8_cad.c.obj
                0x10000b58                u8x8_cad_001
 .text.u8x8_byte_SetDC
                0x10000bc0       0x10 CMakeFiles/rp2040_ssd1306.dir/libs/U8g2/csrc/u8x8_byte.c.obj
                0x10000bc0                u8x8_byte_SetDC
 .text.u8x8_byte_SendBytes
                0x10000bd0       0x10 CMakeFiles/rp2040_ssd1306.dir/libs/U8g2/csrc/u8x8_byte.c.obj
                0x10000bd0                u8x8_byte_SendBytes
 .text.u8x8_byte_SendByte
                0x10000be0       0x14 CMakeFiles/rp2040_ssd1306.dir/libs/U8g2/csrc/u8x8_byte.c.obj
                0x10000be0                u8x8_byte_SendByte
 .text.u8g2_font_get_word
                0x10000bf4       0x10 CMakeFiles/rp2040_ssd1306.dir/libs/U8g2/csrc/u8g2_font.c.obj
 .text.u8g2_font_calc_vref_font
                0x10000c04        0x4 CMakeFiles/rp2040_ssd1306.dir/libs/U8g2/csrc/u8g2_font.c.obj
                0x10000c04                u8g2_font_calc_vref_font
 .text.u8g2_font_get_word.constprop.0
                0x10000c08       0x10 CMakeFiles/rp2040_ssd1306.dir/libs/U8g2/csrc/u8g2_font.c.obj
 .text.u8g2_font_get_word.constprop.1
                0x10000c18       0x10 CMakeFiles/rp2040_ssd1306.dir/libs/U8g2/csrc/u8g2_font.c.obj
 .text.u8g2_add_vector_y
                0x10000c28       0x24 CMakeFiles/rp2040_ssd1306.dir/libs/U8g2/csrc/u8g2_font.c.obj
                0x10000c28                u8g2_add_vector_y
 .text.u8g2_add_vector_x
                0x10000c4c       0x24 CMakeFiles/rp2040_ssd1306.dir/libs/U8g2/csrc/u8g2_font.c.obj
                0x10000c4c                u8g2_add_vector_x
 .text.u8g2_font_decode_glyph
                0x10000c70      0x4b0 CMakeFiles/rp2040_ssd1306.dir/libs/U8g2/csrc/u8g2_font.c.obj
                0x10000c70                u8g2_font_decode_glyph
 .text.u8g2_font_get_glyph_data
                0x10001120       0x88 CMakeFiles/rp2040_ssd1306.dir/libs/U8g2/csrc/u8g2_font.c.obj
                0x10001120                u8g2_font_get_glyph_data
 .text.u8g2_string_width
                0x100011a8      0x220 CMakeFiles/rp2040_ssd1306.dir/libs/U8g2/csrc/u8g2_font.c.obj
 .text.u8g2_draw_string
                0x100013c8      0x110 CMakeFiles/rp2040_ssd1306.dir/libs/U8g2/csrc/u8g2_font.c.obj
 .text.u8g2_DrawStr
                0x100014d8       0x10 CMakeFiles/rp2040_ssd1306.dir/libs/U8g2/csrc/u8g2_font.c.obj
                0x100014d8                u8g2_DrawStr
 .text.u8g2_SetFontPosBaseline
                0x100014e8        0xc CMakeFiles/rp2040_ssd1306.dir/libs/U8g2/csrc/u8g2_font.c.obj
                0x100014e8                u8g2_SetFontPosBaseline
 .text.u8g2_SetFont
                0x100014f4       0xfc CMakeFiles/rp2040_ssd1306.dir/libs/U8g2/csrc/u8g2_font.c.obj
                0x100014f4                u8g2_SetFont
 .text.u8g2_GetStrWidth
                0x100015f0       0x10 CMakeFiles/rp2040_ssd1306.dir/libs/U8g2/csrc/u8g2_font.c.obj
                0x100015f0                u8g2_GetStrWidth
 .text.u8x8_gpio_call
                0x10001600        0xc CMakeFiles/rp2040_ssd1306.dir/libs/U8g2/csrc/u8x8_gpio.c.obj
                0x10001600                u8x8_gpio_call
 .text.u8g2_draw_hv_line_2dir
                0x1000160c       0x18 CMakeFiles/rp2040_ssd1306.dir/libs/U8g2/csrc/u8g2_hvline.c.obj
                0x1000160c                u8g2_draw_hv_line_2dir
 .text.u8g2_DrawHVLine
                0x10001624       0xdc CMakeFiles/rp2040_ssd1306.dir/libs/U8g2/csrc/u8g2_hvline.c.obj
                0x10001624                u8g2_DrawHVLine
 .text.u8g2_send_buffer
                0x10001700       0x50 CMakeFiles/rp2040_ssd1306.dir/libs/U8g2/csrc/u8g2_buffer.c.obj
 .text.u8g2_ClearBuffer
                0x10001750       0x18 CMakeFiles/rp2040_ssd1306.dir/libs/U8g2/csrc/u8g2_buffer.c.obj
                0x10001750                u8g2_ClearBuffer
 .text.u8g2_SendBuffer
                0x10001768       0x10 CMakeFiles/rp2040_ssd1306.dir/libs/U8g2/csrc/u8g2_buffer.c.obj
                0x10001768                u8g2_SendBuffer
 .text.u8g2_DrawHXBM
                0x10001778       0xa4 CMakeFiles/rp2040_ssd1306.dir/libs/U8g2/csrc/u8g2_bitmap.c.obj
                0x10001778                u8g2_DrawHXBM
 .text.u8g2_DrawXBM
                0x1000181c       0x68 CMakeFiles/rp2040_ssd1306.dir/libs/U8g2/csrc/u8g2_bitmap.c.obj
                0x1000181c                u8g2_DrawXBM
 .text.u8g2_m_16_8_f
                0x10001884        0xc CMakeFiles/rp2040_ssd1306.dir/libs/U8g2/csrc/u8g2_d_memory.c.obj
                0x10001884                u8g2_m_16_8_f
 .text.u8g2_ll_hvline_vertical_top_lsb
                0x10001890      0x1ac CMakeFiles/rp2040_ssd1306.dir/libs/U8g2/csrc/u8g2_ll_hvline.c.obj
                0x10001890                u8g2_ll_hvline_vertical_top_lsb
 .text.u8g2_IsIntersection
                0x10001a3c       0x54 CMakeFiles/rp2040_ssd1306.dir/libs/U8g2/csrc/u8g2_intersection.c.obj
                0x10001a3c                u8g2_IsIntersection
 .text.u8x8_d_ssd1306_128x64_noname
                0x10001a90      0x110 CMakeFiles/rp2040_ssd1306.dir/libs/U8g2/csrc/u8x8_d_ssd1306_128x64_noname.c.obj
                0x10001a90                u8x8_d_ssd1306_128x64_noname
 .text.gpio_set_function
                0x10001ba0       0x30 CMakeFiles/rp2040_ssd1306.dir/home/w0x7ce/pico-sdk/src/rp2_common/hardware_gpio/gpio.c.obj
                0x10001ba0                gpio_set_function
 .text.gpio_set_pulls
                0x10001bd0       0x24 CMakeFiles/rp2040_ssd1306.dir/home/w0x7ce/pico-sdk/src/rp2_common/hardware_gpio/gpio.c.obj
                0x10001bd0                gpio_set_pulls
 .text.gpio_init
                0x10001bf4       0x3c CMakeFiles/rp2040_ssd1306.dir/home/w0x7ce/pico-sdk/src/rp2_common/hardware_gpio/gpio.c.obj
                0x10001bf4                gpio_init
 .text.running_on_fpga
                0x10001c30       0x10 CMakeFiles/rp2040_ssd1306.dir/home/w0x7ce/pico-sdk/src/rp2_common/pico_platform/platform.c.obj
                0x10001c30                running_on_fpga
 .text.hw_claim_or_assert
                0x10001c40       0x44 CMakeFiles/rp2040_ssd1306.dir/home/w0x7ce/pico-sdk/src/rp2_common/hardware_claim/claim.c.obj
                0x10001c40                hw_claim_or_assert
 .text.hw_claim_unused_from_range
                0x10001c84       0x9c CMakeFiles/rp2040_ssd1306.dir/home/w0x7ce/pico-sdk/src/rp2_common/hardware_claim/claim.c.obj
                0x10001c84                hw_claim_unused_from_range
 .text.spin_locks_reset
                0x10001d20       0x1c CMakeFiles/rp2040_ssd1306.dir/home/w0x7ce/pico-sdk/src/rp2_common/hardware_sync/sync.c.obj
                0x10001d20                spin_locks_reset
 .text.next_striped_spin_lock_num
                0x10001d3c       0x18 CMakeFiles/rp2040_ssd1306.dir/home/w0x7ce/pico-sdk/src/rp2_common/hardware_sync/sync.c.obj
                0x10001d3c                next_striped_spin_lock_num
 .text.irq_set_enabled
                0x10001d54       0x24 CMakeFiles/rp2040_ssd1306.dir/home/w0x7ce/pico-sdk/src/rp2_common/hardware_irq/irq.c.obj
                0x10001d54                irq_set_enabled
 .text.irq_get_vtable_handler
                0x10001d78       0x10 CMakeFiles/rp2040_ssd1306.dir/home/w0x7ce/pico-sdk/src/rp2_common/hardware_irq/irq.c.obj
                0x10001d78                irq_get_vtable_handler
 .text.irq_set_exclusive_handler
                0x10001d88       0x54 CMakeFiles/rp2040_ssd1306.dir/home/w0x7ce/pico-sdk/src/rp2_common/hardware_irq/irq.c.obj
                0x10001d88                irq_set_exclusive_handler
 .text.irq_remove_handler
                0x10001ddc      0x1c4 CMakeFiles/rp2040_ssd1306.dir/home/w0x7ce/pico-sdk/src/rp2_common/hardware_irq/irq.c.obj
                0x10001ddc                irq_remove_handler
 .text.irq_add_tail_to_free_list
                0x10001fa0       0xb4 CMakeFiles/rp2040_ssd1306.dir/home/w0x7ce/pico-sdk/src/rp2_common/hardware_irq/irq.c.obj
                0x10001fa0                irq_add_tail_to_free_list
 .text.irq_init_priorities
                0x10002054       0x24 CMakeFiles/rp2040_ssd1306.dir/home/w0x7ce/pico-sdk/src/rp2_common/hardware_irq/irq.c.obj
                0x10002054                irq_init_priorities
 .text.lock_init
                0x10002078       0x10 CMakeFiles/rp2040_ssd1306.dir/home/w0x7ce/pico-sdk/src/common/pico_sync/lock_core.c.obj
                0x10002078                lock_init
 .text.mutex_init
                0x10002088       0x1c CMakeFiles/rp2040_ssd1306.dir/home/w0x7ce/pico-sdk/src/common/pico_sync/mutex.c.obj
                0x10002088                mutex_init
 .text.recursive_mutex_init
                0x100020a4       0x1c CMakeFiles/rp2040_ssd1306.dir/home/w0x7ce/pico-sdk/src/common/pico_sync/mutex.c.obj
                0x100020a4                recursive_mutex_init
 .text.timer_pool_entry_comparator
                0x100020c0       0x34 CMakeFiles/rp2040_ssd1306.dir/home/w0x7ce/pico-sdk/src/common/pico_time/time.c.obj
                0x100020c0                timer_pool_entry_comparator
 .text.sleep_until_callback
                0x100020f4       0x30 CMakeFiles/rp2040_ssd1306.dir/home/w0x7ce/pico-sdk/src/common/pico_time/time.c.obj
 .text.add_alarm_under_lock.isra.0
                0x10002124      0x100 CMakeFiles/rp2040_ssd1306.dir/home/w0x7ce/pico-sdk/src/common/pico_time/time.c.obj
 .text.alarm_pool_alarm_callback
                0x10002224      0x1c0 CMakeFiles/rp2040_ssd1306.dir/home/w0x7ce/pico-sdk/src/common/pico_time/time.c.obj
 .text.alarm_pool_init_default
                0x100023e4       0x6c CMakeFiles/rp2040_ssd1306.dir/home/w0x7ce/pico-sdk/src/common/pico_time/time.c.obj
                0x100023e4                alarm_pool_init_default
 .text.alarm_pool_add_alarm_at
                0x10002450      0x17c CMakeFiles/rp2040_ssd1306.dir/home/w0x7ce/pico-sdk/src/common/pico_time/time.c.obj
                0x10002450                alarm_pool_add_alarm_at
 .text.sleep_until
                0x100025cc       0xc4 CMakeFiles/rp2040_ssd1306.dir/home/w0x7ce/pico-sdk/src/common/pico_time/time.c.obj
                0x100025cc                sleep_until
 .text.sleep_us
                0x10002690       0x28 CMakeFiles/rp2040_ssd1306.dir/home/w0x7ce/pico-sdk/src/common/pico_time/time.c.obj
                0x10002690                sleep_us
 .text.sleep_ms
                0x100026b8       0x38 CMakeFiles/rp2040_ssd1306.dir/home/w0x7ce/pico-sdk/src/common/pico_time/time.c.obj
                0x100026b8                sleep_ms
 .text.best_effort_wfe_or_timeout
                0x100026f0       0xcc CMakeFiles/rp2040_ssd1306.dir/home/w0x7ce/pico-sdk/src/common/pico_time/time.c.obj
                0x100026f0                best_effort_wfe_or_timeout
 .text.hardware_alarm_irq_handler
                0x100027bc       0xbc CMakeFiles/rp2040_ssd1306.dir/home/w0x7ce/pico-sdk/src/rp2_common/hardware_timer/timer.c.obj
 .text.hardware_alarm_claim
                0x10002878       0x18 CMakeFiles/rp2040_ssd1306.dir/home/w0x7ce/pico-sdk/src/rp2_common/hardware_timer/timer.c.obj
                0x10002878                hardware_alarm_claim
 .text.time_us_64
                0x10002890       0x14 CMakeFiles/rp2040_ssd1306.dir/home/w0x7ce/pico-sdk/src/rp2_common/hardware_timer/timer.c.obj
                0x10002890                time_us_64
 .text.busy_wait_us
                0x100028a4       0x68 CMakeFiles/rp2040_ssd1306.dir/home/w0x7ce/pico-sdk/src/rp2_common/hardware_timer/timer.c.obj
                0x100028a4                busy_wait_us
 .text.busy_wait_until
                0x1000290c       0x20 CMakeFiles/rp2040_ssd1306.dir/home/w0x7ce/pico-sdk/src/rp2_common/hardware_timer/timer.c.obj
                0x1000290c                busy_wait_until
 .text.hardware_alarm_set_callback
                0x1000292c       0x8c CMakeFiles/rp2040_ssd1306.dir/home/w0x7ce/pico-sdk/src/rp2_common/hardware_timer/timer.c.obj
                0x1000292c                hardware_alarm_set_callback
 .text.hardware_alarm_set_target
                0x100029b8       0xd0 CMakeFiles/rp2040_ssd1306.dir/home/w0x7ce/pico-sdk/src/rp2_common/hardware_timer/timer.c.obj
                0x100029b8                hardware_alarm_set_target
 .text.hardware_alarm_cancel
                0x10002a88       0x3c CMakeFiles/rp2040_ssd1306.dir/home/w0x7ce/pico-sdk/src/rp2_common/hardware_timer/timer.c.obj
                0x10002a88                hardware_alarm_cancel
 .text.ph_merge_nodes
                0x10002ac4       0x58 CMakeFiles/rp2040_ssd1306.dir/home/w0x7ce/pico-sdk/src/common/pico_util/pheap.c.obj
 .text.ph_post_alloc_init
                0x10002b1c       0x3c CMakeFiles/rp2040_ssd1306.dir/home/w0x7ce/pico-sdk/src/common/pico_util/pheap.c.obj
                0x10002b1c                ph_post_alloc_init
 .text.ph_merge_two_pass
                0x10002b58       0x8c CMakeFiles/rp2040_ssd1306.dir/home/w0x7ce/pico-sdk/src/common/pico_util/pheap.c.obj
                0x10002b58                ph_merge_two_pass
 .text.ph_remove_any_head
                0x10002be4      0x100 CMakeFiles/rp2040_ssd1306.dir/home/w0x7ce/pico-sdk/src/common/pico_util/pheap.c.obj
 .text.ph_remove_head
                0x10002ce4      0x104 CMakeFiles/rp2040_ssd1306.dir/home/w0x7ce/pico-sdk/src/common/pico_util/pheap.c.obj
                0x10002ce4                ph_remove_head
 .text.ph_remove_and_free_node
                0x10002de8       0x78 CMakeFiles/rp2040_ssd1306.dir/home/w0x7ce/pico-sdk/src/common/pico_util/pheap.c.obj
                0x10002de8                ph_remove_and_free_node
 .text.uart_init
                0x10002e60      0x18c CMakeFiles/rp2040_ssd1306.dir/home/w0x7ce/pico-sdk/src/rp2_common/hardware_uart/uart.c.obj
                0x10002e60                uart_init
 .text.clocks_init
                0x10002fec      0x2c8 CMakeFiles/rp2040_ssd1306.dir/home/w0x7ce/pico-sdk/src/rp2_common/hardware_clocks/clocks.c.obj
                0x10002fec                clocks_init
 .text.clock_get_hz
                0x100032b4        0xc CMakeFiles/rp2040_ssd1306.dir/home/w0x7ce/pico-sdk/src/rp2_common/hardware_clocks/clocks.c.obj
                0x100032b4                clock_get_hz
 .text.pll_init
                0x100032c0       0xa4 CMakeFiles/rp2040_ssd1306.dir/home/w0x7ce/pico-sdk/src/rp2_common/hardware_pll/pll.c.obj
                0x100032c0                pll_init
 .text.watchdog_start_tick
                0x10003364       0x10 CMakeFiles/rp2040_ssd1306.dir/home/w0x7ce/pico-sdk/src/rp2_common/hardware_watchdog/watchdog.c.obj
                0x10003364                watchdog_start_tick
 .text.xosc_init
                0x10003374       0x28 CMakeFiles/rp2040_ssd1306.dir/home/w0x7ce/pico-sdk/src/rp2_common/hardware_xosc/xosc.c.obj
                0x10003374                xosc_init
 .text.runtime_init
                0x1000339c       0xf0 CMakeFiles/rp2040_ssd1306.dir/home/w0x7ce/pico-sdk/src/rp2_common/pico_runtime/runtime.c.obj
                0x1000339c                runtime_init
 .text._exit    0x1000348c        0x4 CMakeFiles/rp2040_ssd1306.dir/home/w0x7ce/pico-sdk/src/rp2_common/pico_runtime/runtime.c.obj
                0x1000348c                _exit
 .text.exit     0x10003490        0x8 CMakeFiles/rp2040_ssd1306.dir/home/w0x7ce/pico-sdk/src/rp2_common/pico_runtime/runtime.c.obj
                0x10003490                exit
 .text.panic    0x10003498       0x30 CMakeFiles/rp2040_ssd1306.dir/home/w0x7ce/pico-sdk/src/rp2_common/pico_runtime/runtime.c.obj
                0x10003498                panic
 .text.hard_assertion_failure
                0x100034c8        0xc CMakeFiles/rp2040_ssd1306.dir/home/w0x7ce/pico-sdk/src/rp2_common/pico_runtime/runtime.c.obj
                0x100034c8                hard_assertion_failure
 .text._out_char
                0x100034d4       0x10 CMakeFiles/rp2040_ssd1306.dir/home/w0x7ce/pico-sdk/src/rp2_common/pico_printf/printf.c.obj
 .text.weak_raw_vprintf
                0x100034e4       0x30 CMakeFiles/rp2040_ssd1306.dir/home/w0x7ce/pico-sdk/src/rp2_common/pico_printf/printf.c.obj
                0x100034e4                weak_raw_vprintf
 .text          0x10003514       0x10 CMakeFiles/rp2040_ssd1306.dir/home/w0x7ce/pico-sdk/src/rp2_common/pico_bit_ops/bit_ops_aeabi.S.obj
 .text.rom_func_lookup
                0x10003524       0x10 CMakeFiles/rp2040_ssd1306.dir/home/w0x7ce/pico-sdk/src/rp2_common/pico_bootrom/bootrom.c.obj
                0x10003524                rom_func_lookup
 .text.rom_data_lookup
                0x10003534       0x10 CMakeFiles/rp2040_ssd1306.dir/home/w0x7ce/pico-sdk/src/rp2_common/pico_bootrom/bootrom.c.obj
                0x10003534                rom_data_lookup
 .text.rom_funcs_lookup
                0x10003544       0x44 CMakeFiles/rp2040_ssd1306.dir/home/w0x7ce/pico-sdk/src/rp2_common/pico_bootrom/bootrom.c.obj
                0x10003544                rom_funcs_lookup
 .text.__wrap___aeabi_idiv
                0x10003588       0x50 CMakeFiles/rp2040_ssd1306.dir/home/w0x7ce/pico-sdk/src/rp2_common/pico_divider/divider.S.obj
                0x10003588                __wrap___aeabi_idivmod
                0x10003588                __wrap___aeabi_idiv
                0x10003588                divmod_s32s32
                0x10003588                div_s32s32
                0x10003590                divmod_s32s32_unsafe
                0x100035bc                divmod_s32s32_savestate
 .text.__wrap___aeabi_uidiv
                0x100035d8       0x4c CMakeFiles/rp2040_ssd1306.dir/home/w0x7ce/pico-sdk/src/rp2_common/pico_divider/divider.S.obj
                0x100035d8                __wrap___aeabi_uidiv
                0x100035d8                __wrap___aeabi_uidivmod
                0x100035d8                div_u32u32
                0x100035d8                divmod_u32u32
                0x100035e0                divmod_u32u32_unsafe
                0x10003608                divmod_u32u32_savestate
 .text.__aeabi_double_init
                0x10003624       0x98 CMakeFiles/rp2040_ssd1306.dir/home/w0x7ce/pico-sdk/src/rp2_common/pico_double/double_init_rom.c.obj
                0x10003624                __aeabi_double_init
 .text.double_table_shim_on_use_helper
                0x100036bc       0x2c CMakeFiles/rp2040_ssd1306.dir/home/w0x7ce/pico-sdk/src/rp2_common/pico_double/double_v1_rom_shim.S.obj
                0x100036bc                double_table_shim_on_use_helper
 .text.__aeabi_lmul
                0x100036e8       0x32 CMakeFiles/rp2040_ssd1306.dir/home/w0x7ce/pico-sdk/src/rp2_common/pico_int64_ops/pico_int64_ops_aeabi.S.obj
                0x100036e8                __wrap___aeabi_lmul
 *fill*         0x1000371a        0x2 
 .text.__aeabi_float_init
                0x1000371c       0x64 CMakeFiles/rp2040_ssd1306.dir/home/w0x7ce/pico-sdk/src/rp2_common/pico_float/float_init_rom.c.obj
                0x1000371c                __aeabi_float_init
 .text.float_table_shim_on_use_helper
                0x10003780       0x2c CMakeFiles/rp2040_ssd1306.dir/home/w0x7ce/pico-sdk/src/rp2_common/pico_float/float_v1_rom_shim.S.obj
                0x10003780                float_table_shim_on_use_helper
 .text          0x100037ac       0x10 CMakeFiles/rp2040_ssd1306.dir/home/w0x7ce/pico-sdk/src/rp2_common/pico_mem_ops/mem_ops_aeabi.S.obj
                0x100037ac                __aeabi_mem_init
 .text.memset   0x100037bc        0xc CMakeFiles/rp2040_ssd1306.dir/home/w0x7ce/pico-sdk/src/rp2_common/pico_mem_ops/mem_ops_aeabi.S.obj
                0x100037bc                __wrap_memset
 .text.memcpy   0x100037c8        0xc CMakeFiles/rp2040_ssd1306.dir/home/w0x7ce/pico-sdk/src/rp2_common/pico_mem_ops/mem_ops_aeabi.S.obj
                0x100037c8                __wrap___aeabi_memcpy
                0x100037c8                __wrap_memcpy
 .text.stdio_out_chars_crlf
                0x100037d4       0x94 CMakeFiles/rp2040_ssd1306.dir/home/w0x7ce/pico-sdk/src/rp2_common/pico_stdio/stdio.c.obj
 .text.__wrap_putchar
                0x10003868       0x98 CMakeFiles/rp2040_ssd1306.dir/home/w0x7ce/pico-sdk/src/rp2_common/pico_stdio/stdio.c.obj
                0x10003868                __wrap_putchar
 .text.__wrap_puts
                0x10003900       0xe0 CMakeFiles/rp2040_ssd1306.dir/home/w0x7ce/pico-sdk/src/rp2_common/pico_stdio/stdio.c.obj
                0x10003900                __wrap_puts
 .text.stdio_set_driver_enabled
                0x100039e0       0x30 CMakeFiles/rp2040_ssd1306.dir/home/w0x7ce/pico-sdk/src/rp2_common/pico_stdio/stdio.c.obj
                0x100039e0                stdio_set_driver_enabled
 .text.stdio_init_all
                0x10003a10        0xc CMakeFiles/rp2040_ssd1306.dir/home/w0x7ce/pico-sdk/src/rp2_common/pico_stdio/stdio.c.obj
                0x10003a10                stdio_init_all
 .text.stdio_uart_out_chars
                0x10003a1c       0x4c CMakeFiles/rp2040_ssd1306.dir/home/w0x7ce/pico-sdk/src/rp2_common/pico_stdio_uart/stdio_uart.c.obj
 .text.stdio_uart_in_chars
                0x10003a68       0x90 CMakeFiles/rp2040_ssd1306.dir/home/w0x7ce/pico-sdk/src/rp2_common/pico_stdio_uart/stdio_uart.c.obj
                0x10003a68                stdio_uart_in_chars
 .text.on_uart_rx
                0x10003af8       0x28 CMakeFiles/rp2040_ssd1306.dir/home/w0x7ce/pico-sdk/src/rp2_common/pico_stdio_uart/stdio_uart.c.obj
 .text.stdio_uart_set_chars_available_callback
                0x10003b20       0x8c CMakeFiles/rp2040_ssd1306.dir/home/w0x7ce/pico-sdk/src/rp2_common/pico_stdio_uart/stdio_uart.c.obj
 .text.stdio_uart_init
                0x10003bac       0x48 CMakeFiles/rp2040_ssd1306.dir/home/w0x7ce/pico-sdk/src/rp2_common/pico_stdio_uart/stdio_uart.c.obj
                0x10003bac                stdio_uart_init
 .text.spi_init
                0x10003bf4      0x14c CMakeFiles/rp2040_ssd1306.dir/home/w0x7ce/pico-sdk/src/rp2_common/hardware_spi/spi.c.obj
                0x10003bf4                spi_init
 .text.dma_claim_unused_channel
                0x10003d40       0x24 CMakeFiles/rp2040_ssd1306.dir/home/w0x7ce/pico-sdk/src/rp2_common/hardware_dma/dma.c.obj
                0x10003d40                dma_claim_unused_channel
 .text          0x10003d64       0x48 /usr/lib/gcc/arm-none-eabi/13.2.1/../../../arm-none-eabi/lib/thumb/v6-m/nofp/libc.a(libc_a-rand.o)
                0x10003d64                srand
                0x10003d78                rand
 .text          0x10003dac       0x48 /usr/lib/gcc/arm-none-eabi/13.2.1/../../../arm-none-eabi/lib/thumb/v6-m/nofp/libc.a(libc_a-random.o)
                0x10003dac                srandom
                0x10003dc0                random
 .text          0x10003df4       0x10 /usr/lib/gcc/arm-none-eabi/13.2.1/../../../arm-none-eabi/lib/thumb/v6-m/nofp/libc.a(libc_a-atexit.o)
                0x10003df4                atexit
 .text          0x10003e04       0x5c /usr/lib/gcc/arm-none-eabi/13.2.1/../../../arm-none-eabi/lib/thumb/v6-m/nofp/libc.a(libc_a-strlen-stub.o)
                0x10003e04                strlen
 .text          0x10003e60       0x28 /usr/lib/gcc/arm-none-eabi/13.2.1/../../../arm-none-eabi/lib/thumb/v6-m/nofp/libc.a(libc_a-fini.o)
                0x10003e60                __libc_fini_array
 .text          0x10003e88       0x78 /usr/lib/gcc/arm-none-eabi/13.2.1/../../../arm-none-eabi/lib/thumb/v6-m/nofp/libc.a(libc_a-__atexit.o)
                0x10003e88                __register_exitproc
 .text.startup  0x10003f00       0x18 /usr/lib/gcc/arm-none-eabi/13.2.1/../../../arm-none-eabi/lib/thumb/v6-m/nofp/libc.a(libc_a-__call_atexit.o)
 *(.fini)
 .fini          0x10003f18        0x4 /usr/lib/gcc/arm-none-eabi/13.2.1/thumb/v6-m/nofp/crti.o
                0x10003f18                _fini
 *fill*         0x10003f1c        0x4 
 .fini.__stub   0x10003f20       0x30 linker stubs
 *crtbegin.o(.ctors)
 *crtbegin?.o(.ctors)
 *(EXCLUDE_FILE(*crtend.o *crtend?.o) .ctors)
 *(SORT_BY_NAME(.ctors.*))
 *(.ctors)
 *crtbegin.o(.dtors)
 *crtbegin?.o(.dtors)
 *(EXCLUDE_FILE(*crtend.o *crtend?.o) .dtors)
 *(SORT_BY_NAME(.dtors.*))
 *(.dtors)
 *(.eh_frame*)
 .eh_frame      0x10003f50        0x0 /usr/lib/gcc/arm-none-eabi/13.2.1/thumb/v6-m/nofp/crtbegin.o
                0x10003f50                        . = ALIGN (0x4)

.glue_7         0x10003f50        0x0
 .glue_7        0x10003f50        0x0 linker stubs

.glue_7t        0x10003f50        0x0
 .glue_7t       0x10003f50        0x0 linker stubs

.vfp11_veneer   0x10003f50        0x0
 .vfp11_veneer  0x10003f50        0x0 linker stubs

.v4_bx          0x10003f50        0x0
 .v4_bx         0x10003f50        0x0 linker stubs

.iplt           0x10003f50        0x0
 .iplt          0x10003f50        0x0 /usr/lib/gcc/arm-none-eabi/13.2.1/thumb/v6-m/nofp/crtbegin.o

.rodata         0x10003f50      0x6ec
 *(EXCLUDE_FILE(*libm.a: *libc.a:*lib_a-mem*.o *libgcc.a:) .rodata*)
 .rodata._Z28u8x8_gpio_and_delay_templateP11u8x8_structhhPv
                0x10003f50       0xb0 CMakeFiles/rp2040_ssd1306.dir/main.cpp.obj
 .rodata._Z21u8x8_byte_pico_hw_spiP11u8x8_structhhPv
                0x10004000       0x34 CMakeFiles/rp2040_ssd1306.dir/main.cpp.obj
 .rodata._Z14fireworks_showv.str1.4
                0x10004034       0xe6 CMakeFiles/rp2040_ssd1306.dir/main.cpp.obj
                                 0x11 (size before relaxing)
 *fill*         0x1000411a        0x2 
 .rodata._ZL19epd_bitmap_frame_09
                0x1000411c        0x8 CMakeFiles/rp2040_ssd1306.dir/main.cpp.obj
 .rodata._ZL19epd_bitmap_frame_08
                0x10004124        0x8 CMakeFiles/rp2040_ssd1306.dir/main.cpp.obj
 .rodata._ZL19epd_bitmap_frame_07
                0x1000412c        0x8 CMakeFiles/rp2040_ssd1306.dir/main.cpp.obj
 .rodata._ZL19epd_bitmap_frame_06
                0x10004134        0x8 CMakeFiles/rp2040_ssd1306.dir/main.cpp.obj
 .rodata._ZL19epd_bitmap_frame_05
                0x1000413c        0x8 CMakeFiles/rp2040_ssd1306.dir/main.cpp.obj
 .rodata._ZL19epd_bitmap_frame_04
                0x10004144        0x8 CMakeFiles/rp2040_ssd1306.dir/main.cpp.obj
 .rodata._ZL19epd_bitmap_frame_03
                0x1000414c        0x8 CMakeFiles/rp2040_ssd1306.dir/main.cpp.obj
 .rodata._ZL19epd_bitmap_frame_02
                0x10004154        0x8 CMakeFiles/rp2040_ssd1306.dir/main.cpp.obj
 .rodata._ZL19epd_bitmap_frame_01
                0x1000415c        0x8 CMakeFiles/rp2040_ssd1306.dir/main.cpp.obj
 .rodata.u8g2_cb_r0
                0x10004164        0xc CMakeFiles/rp2040_ssd1306.dir/libs/U8g2/csrc/u8g2_setup.c.obj
                0x10004164                u8g2_cb_r0
 .rodata.u8g2_font_6x13_tr
                0x10004170      0x420 CMakeFiles/rp2040_ssd1306.dir/libs/U8g2/csrc/u8g2_fonts.c.obj
                0x10004170                u8g2_font_6x13_tr
 .rodata.u8x8_ssd1306_128x64_noname_display_info
                0x10004590       0x18 CMakeFiles/rp2040_ssd1306.dir/libs/U8g2/csrc/u8x8_d_ssd1306_128x64_noname.c.obj
 .rodata.u8x8_d_ssd1306_128x64_noname_flip1_seq
                0x100045a8        0x7 CMakeFiles/rp2040_ssd1306.dir/libs/U8g2/csrc/u8x8_d_ssd1306_128x64_noname.c.obj
 *fill*         0x100045af        0x1 
 .rodata.u8x8_d_ssd1306_128x64_noname_flip0_seq
                0x100045b0        0x7 CMakeFiles/rp2040_ssd1306.dir/libs/U8g2/csrc/u8x8_d_ssd1306_128x64_noname.c.obj
 *fill*         0x100045b7        0x1 
 .rodata.u8x8_d_ssd1306_128x64_noname_powersave1_seq
                0x100045b8        0x5 CMakeFiles/rp2040_ssd1306.dir/libs/U8g2/csrc/u8x8_d_ssd1306_128x64_noname.c.obj
 *fill*         0x100045bd        0x3 
 .rodata.u8x8_d_ssd1306_128x64_noname_powersave0_seq
                0x100045c0        0x5 CMakeFiles/rp2040_ssd1306.dir/libs/U8g2/csrc/u8x8_d_ssd1306_128x64_noname.c.obj
 *fill*         0x100045c5        0x3 
 .rodata.u8x8_d_ssd1306_128x64_noname_init_seq
                0x100045c8       0x35 CMakeFiles/rp2040_ssd1306.dir/libs/U8g2/csrc/u8x8_d_ssd1306_128x64_noname.c.obj
 .rodata.hardware_alarm_claim.str1.4
                0x100045fd       0x22 CMakeFiles/rp2040_ssd1306.dir/home/w0x7ce/pico-sdk/src/rp2_common/hardware_timer/timer.c.obj
 .rodata.panic.str1.4
                0x100045fd       0x12 CMakeFiles/rp2040_ssd1306.dir/home/w0x7ce/pico-sdk/src/rp2_common/pico_runtime/runtime.c.obj
 .rodata.hard_assertion_failure.str1.4
                0x100045fd        0xc CMakeFiles/rp2040_ssd1306.dir/home/w0x7ce/pico-sdk/src/rp2_common/pico_runtime/runtime.c.obj
 .rodata.str1.4
                0x100045fd       0x44 CMakeFiles/rp2040_ssd1306.dir/home/w0x7ce/pico-sdk/src/rp2_common/pico_standard_link/binary_info.c.obj
 *fill*         0x100045fd        0x3 
 .rodata.__bi_81
                0x10004600        0xc CMakeFiles/rp2040_ssd1306.dir/home/w0x7ce/pico-sdk/src/rp2_common/pico_standard_link/binary_info.c.obj
 .rodata.__bi_75
                0x1000460c        0xc CMakeFiles/rp2040_ssd1306.dir/home/w0x7ce/pico-sdk/src/rp2_common/pico_standard_link/binary_info.c.obj
 .rodata.__bi_44
                0x10004618        0xc CMakeFiles/rp2040_ssd1306.dir/home/w0x7ce/pico-sdk/src/rp2_common/pico_standard_link/binary_info.c.obj
 .rodata.crlf_str.0
                0x10004624        0x2 CMakeFiles/rp2040_ssd1306.dir/home/w0x7ce/pico-sdk/src/rp2_common/pico_stdio/stdio.c.obj
 .rodata.str1.4
                0x10004626       0x2c CMakeFiles/rp2040_ssd1306.dir/home/w0x7ce/pico-sdk/src/rp2_common/pico_stdio_uart/stdio_uart.c.obj
 *fill*         0x10004626        0x2 
 .rodata.__bi_33.4
                0x10004628        0xc CMakeFiles/rp2040_ssd1306.dir/home/w0x7ce/pico-sdk/src/rp2_common/pico_stdio_uart/stdio_uart.c.obj
 .rodata.__bi_34.5
                0x10004634        0x8 CMakeFiles/rp2040_ssd1306.dir/home/w0x7ce/pico-sdk/src/rp2_common/pico_stdio_uart/stdio_uart.c.obj
 .rodata.dma_claim_unused_channel.str1.4
                0x1000463c       0x1e CMakeFiles/rp2040_ssd1306.dir/home/w0x7ce/pico-sdk/src/rp2_common/hardware_dma/dma.c.obj
                0x1000465c                        . = ALIGN (0x4)
 *(SORT_BY_ALIGNMENT(SORT_BY_NAME(.flashdata*)))
                0x1000465c                        . = ALIGN (0x4)

.ARM.extab
 *(.ARM.extab* .gnu.linkonce.armextab.*)
                0x1000463c                        __exidx_start = .

.ARM.exidx
 *(.ARM.exidx* .gnu.linkonce.armexidx.*)
                0x1000463c                        __exidx_end = .
                0x1000465c                        . = ALIGN (0x4)
                0x1000463c                        __binary_info_start = .

.binary_info    0x1000463c       0x24
 *(.binary_info.keep.*)
 .binary_info.keep.__bi_ptr81
                0x1000463c        0x4 CMakeFiles/rp2040_ssd1306.dir/home/w0x7ce/pico-sdk/src/rp2_common/pico_standard_link/binary_info.c.obj
 .binary_info.keep.__bi_ptr75
                0x10004640        0x4 CMakeFiles/rp2040_ssd1306.dir/home/w0x7ce/pico-sdk/src/rp2_common/pico_standard_link/binary_info.c.obj
 .binary_info.keep.__bi_ptr50
                0x10004644        0x4 CMakeFiles/rp2040_ssd1306.dir/home/w0x7ce/pico-sdk/src/rp2_common/pico_standard_link/binary_info.c.obj
 .binary_info.keep.__bi_ptr44
                0x10004648        0x4 CMakeFiles/rp2040_ssd1306.dir/home/w0x7ce/pico-sdk/src/rp2_common/pico_standard_link/binary_info.c.obj
 .binary_info.keep.__bi_ptr38
                0x1000464c        0x4 CMakeFiles/rp2040_ssd1306.dir/home/w0x7ce/pico-sdk/src/rp2_common/pico_standard_link/binary_info.c.obj
 .binary_info.keep.__bi_ptr30
                0x10004650        0x4 CMakeFiles/rp2040_ssd1306.dir/home/w0x7ce/pico-sdk/src/rp2_common/pico_standard_link/binary_info.c.obj
 .binary_info.keep.__bi_ptr22
                0x10004654        0x4 CMakeFiles/rp2040_ssd1306.dir/home/w0x7ce/pico-sdk/src/rp2_common/pico_standard_link/binary_info.c.obj
 *(.binary_info.*)
 .binary_info.__bi_ptr34
                0x10004658        0x4 CMakeFiles/rp2040_ssd1306.dir/home/w0x7ce/pico-sdk/src/rp2_common/pico_stdio_uart/stdio_uart.c.obj
 .binary_info.__bi_ptr33
                0x1000465c        0x4 CMakeFiles/rp2040_ssd1306.dir/home/w0x7ce/pico-sdk/src/rp2_common/pico_stdio_uart/stdio_uart.c.obj
                0x10004660                        __binary_info_end = .

.rel.dyn        0x10004660        0x0
 .rel.iplt      0x10004660        0x0 /usr/lib/gcc/arm-none-eabi/13.2.1/thumb/v6-m/nofp/crtbegin.o
                0x10004660                        . = ALIGN (0x4)

.ram_vector_table
                0x20000000       0xc0
 *(.ram_vector_table)
 .ram_vector_table
                0x20000000       0xc0 CMakeFiles/rp2040_ssd1306.dir/home/w0x7ce/pico-sdk/src/rp2_common/pico_runtime/runtime.c.obj
                0x20000000                ram_vector_table

.data           0x200000c0      0x2f0 load address 0x10004660
                0x200000c0                        __data_start__ = .
 *(vtable)
 *(.time_critical*)
 .time_critical.mutex_try_enter_block_until
                0x200000c0       0x9c CMakeFiles/rp2040_ssd1306.dir/home/w0x7ce/pico-sdk/src/common/pico_sync/mutex.c.obj
                0x200000c0                mutex_try_enter_block_until
 .time_critical.mutex_exit
                0x2000015c       0x28 CMakeFiles/rp2040_ssd1306.dir/home/w0x7ce/pico-sdk/src/common/pico_sync/mutex.c.obj
                0x2000015c                mutex_exit
 *(.text*)
 .text          0x20000184        0x4 /usr/lib/gcc/arm-none-eabi/13.2.1/thumb/v6-m/nofp/libgcc.a(_dvmd_tls.o)
                0x20000184                __aeabi_ldiv0
                0x20000184                __aeabi_idiv0
 .text.__stub   0x20000188       0x10 linker stubs
                0x20000198                        . = ALIGN (0x4)
 *(.rodata*)
                0x20000198                        . = ALIGN (0x4)
 *(.data*)
 .data.epd_bitmap_allArray
                0x20000198       0x24 CMakeFiles/rp2040_ssd1306.dir/main.cpp.obj
                0x20000198                epd_bitmap_allArray
 .data.striped_spin_lock_num
                0x200001bc        0x1 CMakeFiles/rp2040_ssd1306.dir/home/w0x7ce/pico-sdk/src/rp2_common/hardware_sync/sync.c.obj
 *fill*         0x200001bd        0x3 
 .data          0x200001c0       0x48 CMakeFiles/rp2040_ssd1306.dir/home/w0x7ce/pico-sdk/src/rp2_common/hardware_irq/irq_handler_chain.S.obj
                0x200001c0                irq_handler_chain_slots
                0x200001f0                irq_handler_chain_first_slot
                0x200001fa                irq_handler_chain_remove_tail
 .data.default_alarm_pool
                0x20000208       0x18 CMakeFiles/rp2040_ssd1306.dir/home/w0x7ce/pico-sdk/src/common/pico_time/time.c.obj
 .data.default_alarm_pool_heap
                0x20000220       0x10 CMakeFiles/rp2040_ssd1306.dir/home/w0x7ce/pico-sdk/src/common/pico_time/time.c.obj
 .data.aeabi_bits_funcs
                0x20000230       0x10 CMakeFiles/rp2040_ssd1306.dir/home/w0x7ce/pico-sdk/src/rp2_common/pico_bit_ops/bit_ops_aeabi.S.obj
                0x20000230                aeabi_bits_funcs
                0x20000240                aeabi_bits_funcs_end
 .data.aeabi_mem_funcs
                0x20000240       0x10 CMakeFiles/rp2040_ssd1306.dir/home/w0x7ce/pico-sdk/src/rp2_common/pico_mem_ops/mem_ops_aeabi.S.obj
                0x20000240                aeabi_mem_funcs
                0x20000250                aeabi_mem_funcs_end
 .data.stdio_uart
                0x20000250       0x18 CMakeFiles/rp2040_ssd1306.dir/home/w0x7ce/pico-sdk/src/rp2_common/pico_stdio_uart/stdio_uart.c.obj
                0x20000250                stdio_uart
 .data          0x20000268      0x128 /usr/lib/gcc/arm-none-eabi/13.2.1/../../../arm-none-eabi/lib/thumb/v6-m/nofp/libc.a(libc_a-impure.o)
                0x20000268                _impure_ptr
                0x20000270                _impure_data
                0x20000390                        . = ALIGN (0x4)
 *(.after_data.*)
                0x20000390                        . = ALIGN (0x4)
                0x20000390                        PROVIDE (__mutex_array_start = .)
 *(SORT_BY_NAME(.mutex_array.*))
 *(.mutex_array)
 .mutex_array   0x20000390        0x8 CMakeFiles/rp2040_ssd1306.dir/home/w0x7ce/pico-sdk/src/rp2_common/pico_stdio/stdio.c.obj
                0x20000398                        PROVIDE (__mutex_array_end = .)
                0x20000398                        . = ALIGN (0x4)
                0x20000398                        PROVIDE (__preinit_array_start = .)
 *(SORT_BY_NAME(.preinit_array.*))
 .preinit_array.00001
                0x20000398        0x4 CMakeFiles/rp2040_ssd1306.dir/home/w0x7ce/pico-sdk/src/rp2_common/pico_mem_ops/mem_ops_aeabi.S.obj
 .preinit_array.00010
                0x2000039c        0x4 CMakeFiles/rp2040_ssd1306.dir/home/w0x7ce/pico-sdk/src/rp2_common/pico_bit_ops/bit_ops_aeabi.S.obj
 .preinit_array.00020
                0x200003a0        0x4 CMakeFiles/rp2040_ssd1306.dir/home/w0x7ce/pico-sdk/src/rp2_common/pico_double/double_aeabi.S.obj
 .preinit_array.00020
                0x200003a4        0x4 CMakeFiles/rp2040_ssd1306.dir/home/w0x7ce/pico-sdk/src/rp2_common/pico_float/float_aeabi.S.obj
 *(.preinit_array)
                0x200003a8                        PROVIDE (__preinit_array_end = .)
                0x200003a8                        . = ALIGN (0x4)
                0x200003a8                        PROVIDE (__init_array_start = .)
 *(SORT_BY_NAME(.init_array.*))
 .init_array.00000
                0x200003a8        0x4 /usr/lib/gcc/arm-none-eabi/13.2.1/../../../arm-none-eabi/lib/thumb/v6-m/nofp/libc.a(libc_a-__call_atexit.o)
 *(.init_array)
 .init_array    0x200003ac        0x4 /usr/lib/gcc/arm-none-eabi/13.2.1/thumb/v6-m/nofp/crtbegin.o
                0x200003b0                        PROVIDE (__init_array_end = .)
                0x200003b0                        . = ALIGN (0x4)
                0x200003b0                        PROVIDE (__fini_array_start = .)
 *(SORT_BY_NAME(.fini_array.*))
 *(.fini_array)
                0x200003b0                        PROVIDE (__fini_array_end = .)
 *(.jcr)
                0x200003b0                        . = ALIGN (0x4)
                0x200003b0                        __data_end__ = .
                0x10004660                        __etext = LOADADDR (.data)

.tm_clone_table
                0x200003b0        0x0 load address 0x10004950
 .tm_clone_table
                0x200003b0        0x0 /usr/lib/gcc/arm-none-eabi/13.2.1/thumb/v6-m/nofp/crtbegin.o
 .tm_clone_table
                0x200003b0        0x0 /usr/lib/gcc/arm-none-eabi/13.2.1/thumb/v6-m/nofp/crtend.o

.igot.plt       0x200003b0        0x0 load address 0x10004950
 .igot.plt      0x200003b0        0x0 /usr/lib/gcc/arm-none-eabi/13.2.1/thumb/v6-m/nofp/crtbegin.o

.uninitialized_data
                0x200003b0        0x0 load address 0x10004950
                0x200003b0                        . = ALIGN (0x4)
 *(.uninitialized_data*)

.scratch_x      0x20040000        0x0 load address 0x10004950
                0x20040000                        __scratch_x_start__ = .
 *(.scratch_x.*)
                0x20040000                        . = ALIGN (0x4)
                0x20040000                        __scratch_x_end__ = .
                0x10004950                        __scratch_x_source__ = LOADADDR (.scratch_x)

.scratch_y      0x20041000        0x0 load address 0x10004950
                0x20041000                        __scratch_y_start__ = .
 *(.scratch_y.*)
                0x20041000                        . = ALIGN (0x4)
                0x20041000                        __scratch_y_end__ = .
                0x10004950                        __scratch_y_source__ = LOADADDR (.scratch_y)

.bss            0x200003b0      0xb6c
                0x200003b0                        . = ALIGN (0x4)
                0x200003b0                        __bss_start__ = .
 *(SORT_BY_ALIGNMENT(SORT_BY_NAME(.bss*)))
 .bss.configured_freq
                0x200003b0       0x28 CMakeFiles/rp2040_ssd1306.dir/home/w0x7ce/pico-sdk/src/rp2_common/hardware_clocks/clocks.c.obj
 .bss.default_alarm_pool_entries
                0x200003d8      0x100 CMakeFiles/rp2040_ssd1306.dir/home/w0x7ce/pico-sdk/src/common/pico_time/time.c.obj
 .bss.sd_table  0x200004d8      0x100 CMakeFiles/rp2040_ssd1306.dir/home/w0x7ce/pico-sdk/src/rp2_common/pico_double/double_init_rom.c.obj
                0x200004d8                sd_table
 .bss.sf_table  0x200005d8      0x100 CMakeFiles/rp2040_ssd1306.dir/home/w0x7ce/pico-sdk/src/rp2_common/pico_float/float_init_rom.c.obj
                0x200005d8                sf_table
 .bss           0x200006d8       0x1c /usr/lib/gcc/arm-none-eabi/13.2.1/thumb/v6-m/nofp/crtbegin.o
 .bss           0x200006f4      0x13c /usr/lib/gcc/arm-none-eabi/13.2.1/../../../arm-none-eabi/lib/thumb/v6-m/nofp/libc.a(libc_a-findfp.o)
                0x200006f4                __stdio_exit_handler
                0x200006f8                __sf
 .bss           0x20000830      0x190 /usr/lib/gcc/arm-none-eabi/13.2.1/../../../arm-none-eabi/lib/thumb/v6-m/nofp/libc.a(libc_a-__atexit.o)
                0x20000830                __atexit0
 .bss           0x200009c0        0x4 /usr/lib/gcc/arm-none-eabi/13.2.1/../../../arm-none-eabi/lib/thumb/v6-m/nofp/libc.a(libc_a-__call_atexit.o)
                0x200009c0                __atexit
 .bss.alarm_callbacks
                0x200009c4       0x10 CMakeFiles/rp2040_ssd1306.dir/home/w0x7ce/pico-sdk/src/rp2_common/hardware_timer/timer.c.obj
 .bss.buf.189   0x200009d4      0x400 CMakeFiles/rp2040_ssd1306.dir/libs/U8g2/csrc/u8g2_d_memory.c.obj
 .bss.chars_available_callback
                0x20000dd4        0x4 CMakeFiles/rp2040_ssd1306.dir/home/w0x7ce/pico-sdk/src/rp2_common/pico_stdio_uart/stdio_uart.c.obj
 .bss.chars_available_param
                0x20000dd8        0x4 CMakeFiles/rp2040_ssd1306.dir/home/w0x7ce/pico-sdk/src/rp2_common/pico_stdio_uart/stdio_uart.c.obj
 .bss.default_alarm_pool_entry_ids_high
                0x20000ddc       0x10 CMakeFiles/rp2040_ssd1306.dir/home/w0x7ce/pico-sdk/src/common/pico_time/time.c.obj
 .bss.default_alarm_pool_heap_nodes
                0x20000dec       0x30 CMakeFiles/rp2040_ssd1306.dir/home/w0x7ce/pico-sdk/src/common/pico_time/time.c.obj
 .bss.dma_spi0_cfg
                0x20000e1c        0x4 CMakeFiles/rp2040_ssd1306.dir/main.cpp.obj
                0x20000e1c                dma_spi0_cfg
 .bss.drivers   0x20000e20        0x4 CMakeFiles/rp2040_ssd1306.dir/home/w0x7ce/pico-sdk/src/rp2_common/pico_stdio/stdio.c.obj
 .bss.filter    0x20000e24        0x4 CMakeFiles/rp2040_ssd1306.dir/home/w0x7ce/pico-sdk/src/rp2_common/pico_stdio/stdio.c.obj
 .bss.lazy_vsnprintf
                0x20000e28        0x4 CMakeFiles/rp2040_ssd1306.dir/home/w0x7ce/pico-sdk/src/rp2_common/pico_printf/printf.c.obj
 .bss.pools     0x20000e2c       0x10 CMakeFiles/rp2040_ssd1306.dir/home/w0x7ce/pico-sdk/src/common/pico_time/time.c.obj
 .bss.sf_clz_func
                0x20000e3c        0x4 CMakeFiles/rp2040_ssd1306.dir/home/w0x7ce/pico-sdk/src/rp2_common/pico_double/double_init_rom.c.obj
                0x20000e3c                sf_clz_func
 .bss.sleep_notifier
                0x20000e40        0x4 CMakeFiles/rp2040_ssd1306.dir/home/w0x7ce/pico-sdk/src/common/pico_time/time.c.obj
 .bss.sprite_img
                0x20000e44        0xa CMakeFiles/rp2040_ssd1306.dir/main.cpp.obj
                0x20000e44                sprite_img
 *fill*         0x20000e4e        0x2 
 .bss.sprite_x  0x20000e50        0xa CMakeFiles/rp2040_ssd1306.dir/main.cpp.obj
                0x20000e50                sprite_x
 *fill*         0x20000e5a        0x2 
 .bss.sprite_y  0x20000e5c        0xa CMakeFiles/rp2040_ssd1306.dir/main.cpp.obj
                0x20000e5c                sprite_y
 *fill*         0x20000e66        0x2 
 .bss.target_hi
                0x20000e68       0x10 CMakeFiles/rp2040_ssd1306.dir/home/w0x7ce/pico-sdk/src/rp2_common/hardware_timer/timer.c.obj
 .bss.u8g2      0x20000e78       0x94 CMakeFiles/rp2040_ssd1306.dir/main.cpp.obj
                0x20000e78                u8g2
 .bss.uart_char_to_line_feed
                0x20000f0c        0x4 CMakeFiles/rp2040_ssd1306.dir/home/w0x7ce/pico-sdk/src/rp2_common/hardware_uart/uart.c.obj
                0x20000f0c                uart_char_to_line_feed
 .bss.uart_instance
                0x20000f10        0x4 CMakeFiles/rp2040_ssd1306.dir/home/w0x7ce/pico-sdk/src/rp2_common/pico_stdio_uart/stdio_uart.c.obj
 .bss._claimed  0x20000f14        0x2 CMakeFiles/rp2040_ssd1306.dir/home/w0x7ce/pico-sdk/src/rp2_common/hardware_dma/dma.c.obj
 .bss.claimed   0x20000f16        0x1 CMakeFiles/rp2040_ssd1306.dir/home/w0x7ce/pico-sdk/src/rp2_common/hardware_timer/timer.c.obj
 .bss.dma_spi0_tx
                0x20000f17        0x1 CMakeFiles/rp2040_ssd1306.dir/main.cpp.obj
                0x20000f17                dma_spi0_tx
 .bss.irq_hander_chain_free_slot_head
                0x20000f18        0x1 CMakeFiles/rp2040_ssd1306.dir/home/w0x7ce/pico-sdk/src/rp2_common/hardware_irq/irq.c.obj
 .bss.timer_callbacks_pending
                0x20000f19        0x1 CMakeFiles/rp2040_ssd1306.dir/home/w0x7ce/pico-sdk/src/rp2_common/hardware_timer/timer.c.obj
 *(COMMON)
                0x20000f1c                        . = ALIGN (0x4)
 *fill*         0x20000f1a        0x2 
                0x20000f1c                        __bss_end__ = .

.heap           0x20000f1c      0x800
                0x20000f1c                        __end__ = .
                0x20000f1c                        end = __end__
 *(.heap*)
 .heap          0x20000f1c      0x800 CMakeFiles/rp2040_ssd1306.dir/home/w0x7ce/pico-sdk/src/rp2_common/pico_standard_link/crt0.S.obj
                0x2000171c                        __HeapLimit = .

.stack1_dummy
 *(.stack1*)

.stack_dummy    0x20041000      0x800
 *(.stack*)
 .stack         0x20041000      0x800 CMakeFiles/rp2040_ssd1306.dir/home/w0x7ce/pico-sdk/src/rp2_common/pico_standard_link/crt0.S.obj

.flash_end      0x10004950        0x0
                0x10004950                        PROVIDE (__flash_binary_end = .)
                0x20040000                        __StackLimit = (ORIGIN (RAM) + LENGTH (RAM))
                0x20041000                        __StackOneTop = (ORIGIN (SCRATCH_X) + LENGTH (SCRATCH_X))
                0x20042000                        __StackTop = (ORIGIN (SCRATCH_Y) + LENGTH (SCRATCH_Y))
                0x20041000                        __StackOneBottom = (__StackOneTop - SIZEOF (.stack1_dummy))
                0x20041800                        __StackBottom = (__StackTop - SIZEOF (.stack_dummy))
                0x20042000                        PROVIDE (__stack = __StackTop)
                0x00000001                        ASSERT ((__StackLimit >= __HeapLimit), region RAM overflowed)
                0x00000001                        ASSERT (((__binary_info_header_end - __logical_binary_start) <= 0x100), Binary info must be in first 256 bytes of the binary)
LOAD CMakeFiles/rp2040_ssd1306.dir/main.cpp.obj
LOAD CMakeFiles/rp2040_ssd1306.dir/libs/U8g2/csrc/u8x8_8x8.c.obj
LOAD CMakeFiles/rp2040_ssd1306.dir/libs/U8g2/csrc/u8g2_setup.c.obj
LOAD CMakeFiles/rp2040_ssd1306.dir/libs/U8g2/csrc/u8x8_setup.c.obj
LOAD CMakeFiles/rp2040_ssd1306.dir/libs/U8g2/csrc/u8g2_d_setup.c.obj
LOAD CMakeFiles/rp2040_ssd1306.dir/libs/U8g2/csrc/u8x8_display.c.obj
LOAD CMakeFiles/rp2040_ssd1306.dir/libs/U8g2/csrc/u8x8_cad.c.obj
LOAD CMakeFiles/rp2040_ssd1306.dir/libs/U8g2/csrc/u8x8_byte.c.obj
LOAD CMakeFiles/rp2040_ssd1306.dir/libs/U8g2/csrc/u8g2_font.c.obj
LOAD CMakeFiles/rp2040_ssd1306.dir/libs/U8g2/csrc/u8g2_fonts.c.obj
LOAD CMakeFiles/rp2040_ssd1306.dir/libs/U8g2/csrc/u8x8_gpio.c.obj
LOAD CMakeFiles/rp2040_ssd1306.dir/libs/U8g2/csrc/u8g2_hvline.c.obj
LOAD CMakeFiles/rp2040_ssd1306.dir/libs/U8g2/csrc/u8g2_buffer.c.obj
LOAD CMakeFiles/rp2040_ssd1306.dir/libs/U8g2/csrc/u8g2_bitmap.c.obj
LOAD CMakeFiles/rp2040_ssd1306.dir/libs/U8g2/csrc/u8g2_d_memory.c.obj
LOAD CMakeFiles/rp2040_ssd1306.dir/libs/U8g2/csrc/u8g2_ll_hvline.c.obj
LOAD CMakeFiles/rp2040_ssd1306.dir/libs/U8g2/csrc/u8g2_intersection.c.obj
LOAD CMakeFiles/rp2040_ssd1306.dir/libs/U8g2/csrc/u8g2_cleardisplay.c.obj
LOAD CMakeFiles/rp2040_ssd1306.dir/libs/U8g2/csrc/u8x8_d_ssd1306_128x64_noname.c.obj
LOAD CMakeFiles/rp2040_ssd1306.dir/home/w0x7ce/pico-sdk/src/rp2_common/pico_stdlib/stdlib.c.obj
LOAD CMakeFiles/rp2040_ssd1306.dir/home/w0x7ce/pico-sdk/src/rp2_common/hardware_gpio/gpio.c.obj
LOAD CMakeFiles/rp2040_ssd1306.dir/home/w0x7ce/pico-sdk/src/rp2_common/pico_platform/platform.c.obj
LOAD CMakeFiles/rp2040_ssd1306.dir/home/w0x7ce/pico-sdk/src/rp2_common/hardware_claim/claim.c.obj
LOAD CMakeFiles/rp2040_ssd1306.dir/home/w0x7ce/pico-sdk/src/rp2_common/hardware_sync/sync.c.obj
LOAD CMakeFiles/rp2040_ssd1306.dir/home/w0x7ce/pico-sdk/src/rp2_common/hardware_irq/irq.c.obj
LOAD CMakeFiles/rp2040_ssd1306.dir/home/w0x7ce/pico-sdk/src/rp2_common/hardware_irq/irq_handler_chain.S.obj
LOAD CMakeFiles/rp2040_ssd1306.dir/home/w0x7ce/pico-sdk/src/common/pico_sync/sem.c.obj
LOAD CMakeFiles/rp2040_ssd1306.dir/home/w0x7ce/pico-sdk/src/common/pico_sync/lock_core.c.obj
LOAD CMakeFiles/rp2040_ssd1306.dir/home/w0x7ce/pico-sdk/src/common/pico_sync/mutex.c.obj
LOAD CMakeFiles/rp2040_ssd1306.dir/home/w0x7ce/pico-sdk/src/common/pico_sync/critical_section.c.obj
LOAD CMakeFiles/rp2040_ssd1306.dir/home/w0x7ce/pico-sdk/src/common/pico_time/time.c.obj
LOAD CMakeFiles/rp2040_ssd1306.dir/home/w0x7ce/pico-sdk/src/common/pico_time/timeout_helper.c.obj
LOAD CMakeFiles/rp2040_ssd1306.dir/home/w0x7ce/pico-sdk/src/rp2_common/hardware_timer/timer.c.obj
LOAD CMakeFiles/rp2040_ssd1306.dir/home/w0x7ce/pico-sdk/src/common/pico_util/datetime.c.obj
LOAD CMakeFiles/rp2040_ssd1306.dir/home/w0x7ce/pico-sdk/src/common/pico_util/pheap.c.obj
LOAD CMakeFiles/rp2040_ssd1306.dir/home/w0x7ce/pico-sdk/src/common/pico_util/queue.c.obj
LOAD CMakeFiles/rp2040_ssd1306.dir/home/w0x7ce/pico-sdk/src/rp2_common/hardware_uart/uart.c.obj
LOAD CMakeFiles/rp2040_ssd1306.dir/home/w0x7ce/pico-sdk/src/rp2_common/hardware_clocks/clocks.c.obj
LOAD CMakeFiles/rp2040_ssd1306.dir/home/w0x7ce/pico-sdk/src/rp2_common/hardware_pll/pll.c.obj
LOAD CMakeFiles/rp2040_ssd1306.dir/home/w0x7ce/pico-sdk/src/rp2_common/hardware_vreg/vreg.c.obj
LOAD CMakeFiles/rp2040_ssd1306.dir/home/w0x7ce/pico-sdk/src/rp2_common/hardware_watchdog/watchdog.c.obj
LOAD CMakeFiles/rp2040_ssd1306.dir/home/w0x7ce/pico-sdk/src/rp2_common/hardware_xosc/xosc.c.obj
LOAD CMakeFiles/rp2040_ssd1306.dir/home/w0x7ce/pico-sdk/src/rp2_common/hardware_divider/divider.S.obj
LOAD CMakeFiles/rp2040_ssd1306.dir/home/w0x7ce/pico-sdk/src/rp2_common/pico_runtime/runtime.c.obj
LOAD CMakeFiles/rp2040_ssd1306.dir/home/w0x7ce/pico-sdk/src/rp2_common/pico_printf/printf.c.obj
LOAD CMakeFiles/rp2040_ssd1306.dir/home/w0x7ce/pico-sdk/src/rp2_common/pico_bit_ops/bit_ops_aeabi.S.obj
LOAD CMakeFiles/rp2040_ssd1306.dir/home/w0x7ce/pico-sdk/src/rp2_common/pico_bootrom/bootrom.c.obj
LOAD CMakeFiles/rp2040_ssd1306.dir/home/w0x7ce/pico-sdk/src/rp2_common/pico_divider/divider.S.obj
LOAD CMakeFiles/rp2040_ssd1306.dir/home/w0x7ce/pico-sdk/src/rp2_common/pico_double/double_aeabi.S.obj
LOAD CMakeFiles/rp2040_ssd1306.dir/home/w0x7ce/pico-sdk/src/rp2_common/pico_double/double_init_rom.c.obj
LOAD CMakeFiles/rp2040_ssd1306.dir/home/w0x7ce/pico-sdk/src/rp2_common/pico_double/double_math.c.obj
LOAD CMakeFiles/rp2040_ssd1306.dir/home/w0x7ce/pico-sdk/src/rp2_common/pico_double/double_v1_rom_shim.S.obj
LOAD CMakeFiles/rp2040_ssd1306.dir/home/w0x7ce/pico-sdk/src/rp2_common/pico_int64_ops/pico_int64_ops_aeabi.S.obj
LOAD CMakeFiles/rp2040_ssd1306.dir/home/w0x7ce/pico-sdk/src/rp2_common/pico_float/float_aeabi.S.obj
LOAD CMakeFiles/rp2040_ssd1306.dir/home/w0x7ce/pico-sdk/src/rp2_common/pico_float/float_init_rom.c.obj
LOAD CMakeFiles/rp2040_ssd1306.dir/home/w0x7ce/pico-sdk/src/rp2_common/pico_float/float_math.c.obj
LOAD CMakeFiles/rp2040_ssd1306.dir/home/w0x7ce/pico-sdk/src/rp2_common/pico_float/float_v1_rom_shim.S.obj
LOAD CMakeFiles/rp2040_ssd1306.dir/home/w0x7ce/pico-sdk/src/rp2_common/pico_malloc/pico_malloc.c.obj
LOAD CMakeFiles/rp2040_ssd1306.dir/home/w0x7ce/pico-sdk/src/rp2_common/pico_mem_ops/mem_ops_aeabi.S.obj
LOAD CMakeFiles/rp2040_ssd1306.dir/home/w0x7ce/pico-sdk/src/rp2_common/pico_standard_link/crt0.S.obj
LOAD CMakeFiles/rp2040_ssd1306.dir/home/w0x7ce/pico-sdk/src/rp2_common/pico_standard_link/new_delete.cpp.obj
LOAD CMakeFiles/rp2040_ssd1306.dir/home/w0x7ce/pico-sdk/src/rp2_common/pico_standard_link/binary_info.c.obj
LOAD CMakeFiles/rp2040_ssd1306.dir/home/w0x7ce/pico-sdk/src/rp2_common/pico_stdio/stdio.c.obj
LOAD CMakeFiles/rp2040_ssd1306.dir/home/w0x7ce/pico-sdk/src/rp2_common/pico_stdio_uart/stdio_uart.c.obj
LOAD CMakeFiles/rp2040_ssd1306.dir/home/w0x7ce/pico-sdk/src/rp2_common/hardware_spi/spi.c.obj
LOAD CMakeFiles/rp2040_ssd1306.dir/home/w0x7ce/pico-sdk/src/rp2_common/hardware_dma/dma.c.obj
LOAD /tmp/ccafWIdL.o
LOAD /usr/lib/gcc/arm-none-eabi/13.2.1/../../../arm-none-eabi/lib/thumb/v6-m/nofp/libstdc++.a
LOAD /usr/lib/gcc/arm-none-eabi/13.2.1/../../../arm-none-eabi/lib/thumb/v6-m/nofp/libm.a
START GROUP
LOAD /usr/lib/gcc/arm-none-eabi/13.2.1/thumb/v6-m/nofp/libgcc.a
LOAD /usr/lib/gcc/arm-none-eabi/13.2.1/../../../arm-none-eabi/lib/thumb/v6-m/nofp/libc.a
END GROUP
START GROUP
LOAD /usr/lib/gcc/arm-none-eabi/13.2.1/thumb/v6-m/nofp/libgcc.a
LOAD /usr/lib/gcc/arm-none-eabi/13.2.1/../../../arm-none-eabi/lib/thumb/v6-m/nofp/libc.a
LOAD /usr/lib/gcc/arm-none-eabi/13.2.1/../../../arm-none-eabi/lib/thumb/v6-m/nofp/libnosys.a
END GROUP
LOAD /usr/lib/gcc/arm-none-eabi/13.2.1/thumb/v6-m/nofp/crtend.o
LOAD /usr/lib/gcc/arm-none-eabi/13.2.1/thumb/v6-m/nofp/crtn.o
OUTPUT(rp2040_ssd1306.elf elf32-littlearm)
LOAD linker stubs

.ARM.attributes
                0x00000000       0x28
 .ARM.attributes
                0x00000000       0x1e /usr/lib/gcc/arm-none-eabi/13.2.1/thumb/v6-m/nofp/crti.o
 .ARM.attributes
                0x0000001e       0x2c /usr/lib/gcc/arm-none-eabi/13.2.1/thumb/v6-m/nofp/crtbegin.o
 .ARM.attributes
                0x0000004a       0x2c CMakeFiles/rp2040_ssd1306.dir/main.cpp.obj
 .ARM.attributes
                0x00000076       0x2c CMakeFiles/rp2040_ssd1306.dir/libs/U8g2/csrc/u8x8_8x8.c.obj
 .ARM.attributes
                0x000000a2       0x2c CMakeFiles/rp2040_ssd1306.dir/libs/U8g2/csrc/u8g2_setup.c.obj
 .ARM.attributes
                0x000000ce       0x2c CMakeFiles/rp2040_ssd1306.dir/libs/U8g2/csrc/u8x8_setup.c.obj
 .ARM.attributes
                0x000000fa       0x2c CMakeFiles/rp2040_ssd1306.dir/libs/U8g2/csrc/u8g2_d_setup.c.obj
 .ARM.attributes
                0x00000126       0x2c CMakeFiles/rp2040_ssd1306.dir/libs/U8g2/csrc/u8x8_display.c.obj
 .ARM.attributes
                0x00000152       0x2c CMakeFiles/rp2040_ssd1306.dir/libs/U8g2/csrc/u8x8_cad.c.obj
 .ARM.attributes
                0x0000017e       0x2c CMakeFiles/rp2040_ssd1306.dir/libs/U8g2/csrc/u8x8_byte.c.obj
 .ARM.attributes
                0x000001aa       0x2c CMakeFiles/rp2040_ssd1306.dir/libs/U8g2/csrc/u8g2_font.c.obj
 .ARM.attributes
                0x000001d6       0x2c CMakeFiles/rp2040_ssd1306.dir/libs/U8g2/csrc/u8g2_fonts.c.obj
 .ARM.attributes
                0x00000202       0x2c CMakeFiles/rp2040_ssd1306.dir/libs/U8g2/csrc/u8x8_gpio.c.obj
 .ARM.attributes
                0x0000022e       0x2c CMakeFiles/rp2040_ssd1306.dir/libs/U8g2/csrc/u8g2_hvline.c.obj
 .ARM.attributes
                0x0000025a       0x2c CMakeFiles/rp2040_ssd1306.dir/libs/U8g2/csrc/u8g2_buffer.c.obj
 .ARM.attributes
                0x00000286       0x2c CMakeFiles/rp2040_ssd1306.dir/libs/U8g2/csrc/u8g2_bitmap.c.obj
 .ARM.attributes
                0x000002b2       0x2c CMakeFiles/rp2040_ssd1306.dir/libs/U8g2/csrc/u8g2_d_memory.c.obj
 .ARM.attributes
                0x000002de       0x2c CMakeFiles/rp2040_ssd1306.dir/libs/U8g2/csrc/u8g2_ll_hvline.c.obj
 .ARM.attributes
                0x0000030a       0x2c CMakeFiles/rp2040_ssd1306.dir/libs/U8g2/csrc/u8g2_intersection.c.obj
 .ARM.attributes
                0x00000336       0x2c CMakeFiles/rp2040_ssd1306.dir/libs/U8g2/csrc/u8x8_d_ssd1306_128x64_noname.c.obj
 .ARM.attributes
                0x00000362       0x2c CMakeFiles/rp2040_ssd1306.dir/home/w0x7ce/pico-sdk/src/rp2_common/hardware_gpio/gpio.c.obj
 .ARM.attributes
                0x0000038e       0x2c CMakeFiles/rp2040_ssd1306.dir/home/w0x7ce/pico-sdk/src/rp2_common/pico_platform/platform.c.obj
 .ARM.attributes
                0x000003ba       0x2c CMakeFiles/rp2040_ssd1306.dir/home/w0x7ce/pico-sdk/src/rp2_common/hardware_claim/claim.c.obj
 .ARM.attributes
                0x000003e6       0x2c CMakeFiles/rp2040_ssd1306.dir/home/w0x7ce/pico-sdk/src/rp2_common/hardware_sync/sync.c.obj
 .ARM.attributes
                0x00000412       0x2c CMakeFiles/rp2040_ssd1306.dir/home/w0x7ce/pico-sdk/src/rp2_common/hardware_irq/irq.c.obj
 .ARM.attributes
                0x0000043e       0x22 CMakeFiles/rp2040_ssd1306.dir/home/w0x7ce/pico-sdk/src/rp2_common/hardware_irq/irq_handler_chain.S.obj
 .ARM.attributes
                0x00000460       0x2c CMakeFiles/rp2040_ssd1306.dir/home/w0x7ce/pico-sdk/src/common/pico_sync/lock_core.c.obj
 .ARM.attributes
                0x0000048c       0x2c CMakeFiles/rp2040_ssd1306.dir/home/w0x7ce/pico-sdk/src/common/pico_sync/mutex.c.obj
 .ARM.attributes
                0x000004b8       0x2c CMakeFiles/rp2040_ssd1306.dir/home/w0x7ce/pico-sdk/src/common/pico_time/time.c.obj
 .ARM.attributes
                0x000004e4       0x2c CMakeFiles/rp2040_ssd1306.dir/home/w0x7ce/pico-sdk/src/rp2_common/hardware_timer/timer.c.obj
 .ARM.attributes
                0x00000510       0x2c CMakeFiles/rp2040_ssd1306.dir/home/w0x7ce/pico-sdk/src/common/pico_util/pheap.c.obj
 .ARM.attributes
                0x0000053c       0x2c CMakeFiles/rp2040_ssd1306.dir/home/w0x7ce/pico-sdk/src/rp2_common/hardware_uart/uart.c.obj
 .ARM.attributes
                0x00000568       0x2c CMakeFiles/rp2040_ssd1306.dir/home/w0x7ce/pico-sdk/src/rp2_common/hardware_clocks/clocks.c.obj
 .ARM.attributes
                0x00000594       0x2c CMakeFiles/rp2040_ssd1306.dir/home/w0x7ce/pico-sdk/src/rp2_common/hardware_pll/pll.c.obj
 .ARM.attributes
                0x000005c0       0x2c CMakeFiles/rp2040_ssd1306.dir/home/w0x7ce/pico-sdk/src/rp2_common/hardware_watchdog/watchdog.c.obj
 .ARM.attributes
                0x000005ec       0x2c CMakeFiles/rp2040_ssd1306.dir/home/w0x7ce/pico-sdk/src/rp2_common/hardware_xosc/xosc.c.obj
 .ARM.attributes
                0x00000618       0x2c CMakeFiles/rp2040_ssd1306.dir/home/w0x7ce/pico-sdk/src/rp2_common/pico_runtime/runtime.c.obj
 .ARM.attributes
                0x00000644       0x2c CMakeFiles/rp2040_ssd1306.dir/home/w0x7ce/pico-sdk/src/rp2_common/pico_printf/printf.c.obj
 .ARM.attributes
                0x00000670       0x22 CMakeFiles/rp2040_ssd1306.dir/home/w0x7ce/pico-sdk/src/rp2_common/pico_bit_ops/bit_ops_aeabi.S.obj
 .ARM.attributes
                0x00000692       0x2c CMakeFiles/rp2040_ssd1306.dir/home/w0x7ce/pico-sdk/src/rp2_common/pico_bootrom/bootrom.c.obj
 .ARM.attributes
                0x000006be       0x22 CMakeFiles/rp2040_ssd1306.dir/home/w0x7ce/pico-sdk/src/rp2_common/pico_divider/divider.S.obj
 .ARM.attributes
                0x000006e0       0x22 CMakeFiles/rp2040_ssd1306.dir/home/w0x7ce/pico-sdk/src/rp2_common/pico_double/double_aeabi.S.obj
 .ARM.attributes
                0x00000702       0x2c CMakeFiles/rp2040_ssd1306.dir/home/w0x7ce/pico-sdk/src/rp2_common/pico_double/double_init_rom.c.obj
 .ARM.attributes
                0x0000072e       0x22 CMakeFiles/rp2040_ssd1306.dir/home/w0x7ce/pico-sdk/src/rp2_common/pico_double/double_v1_rom_shim.S.obj
 .ARM.attributes
                0x00000750       0x22 CMakeFiles/rp2040_ssd1306.dir/home/w0x7ce/pico-sdk/src/rp2_common/pico_int64_ops/pico_int64_ops_aeabi.S.obj
 .ARM.attributes
                0x00000772       0x22 CMakeFiles/rp2040_ssd1306.dir/home/w0x7ce/pico-sdk/src/rp2_common/pico_float/float_aeabi.S.obj
 .ARM.attributes
                0x00000794       0x2c CMakeFiles/rp2040_ssd1306.dir/home/w0x7ce/pico-sdk/src/rp2_common/pico_float/float_init_rom.c.obj
 .ARM.attributes
                0x000007c0       0x22 CMakeFiles/rp2040_ssd1306.dir/home/w0x7ce/pico-sdk/src/rp2_common/pico_float/float_v1_rom_shim.S.obj
 .ARM.attributes
                0x000007e2       0x22 CMakeFiles/rp2040_ssd1306.dir/home/w0x7ce/pico-sdk/src/rp2_common/pico_mem_ops/mem_ops_aeabi.S.obj
 .ARM.attributes
                0x00000804       0x22 CMakeFiles/rp2040_ssd1306.dir/home/w0x7ce/pico-sdk/src/rp2_common/pico_standard_link/crt0.S.obj
 .ARM.attributes
                0x00000826       0x2c CMakeFiles/rp2040_ssd1306.dir/home/w0x7ce/pico-sdk/src/rp2_common/pico_standard_link/binary_info.c.obj
 .ARM.attributes
                0x00000852       0x2c CMakeFiles/rp2040_ssd1306.dir/home/w0x7ce/pico-sdk/src/rp2_common/pico_stdio/stdio.c.obj
 .ARM.attributes
                0x0000087e       0x2c CMakeFiles/rp2040_ssd1306.dir/home/w0x7ce/pico-sdk/src/rp2_common/pico_stdio_uart/stdio_uart.c.obj
 .ARM.attributes
                0x000008aa       0x2c CMakeFiles/rp2040_ssd1306.dir/home/w0x7ce/pico-sdk/src/rp2_common/hardware_spi/spi.c.obj
 .ARM.attributes
                0x000008d6       0x2c CMakeFiles/rp2040_ssd1306.dir/home/w0x7ce/pico-sdk/src/rp2_common/hardware_dma/dma.c.obj
 .ARM.attributes
                0x00000902       0x22 /tmp/ccafWIdL.o
 .ARM.attributes
                0x00000924       0x1e /usr/lib/gcc/arm-none-eabi/13.2.1/thumb/v6-m/nofp/libgcc.a(_dvmd_tls.o)
 .ARM.attributes
                0x00000942       0x2c /usr/lib/gcc/arm-none-eabi/13.2.1/../../../arm-none-eabi/lib/thumb/v6-m/nofp/libc.a(libc_a-rand.o)
 .ARM.attributes
                0x0000096e       0x2c /usr/lib/gcc/arm-none-eabi/13.2.1/../../../arm-none-eabi/lib/thumb/v6-m/nofp/libc.a(libc_a-random.o)
 .ARM.attributes
                0x0000099a       0x2c /usr/lib/gcc/arm-none-eabi/13.2.1/../../../arm-none-eabi/lib/thumb/v6-m/nofp/libc.a(libc_a-impure.o)
 .ARM.attributes
                0x000009c6       0x2c /usr/lib/gcc/arm-none-eabi/13.2.1/../../../arm-none-eabi/lib/thumb/v6-m/nofp/libc.a(libc_a-findfp.o)
 .ARM.attributes
                0x000009f2       0x2c /usr/lib/gcc/arm-none-eabi/13.2.1/../../../arm-none-eabi/lib/thumb/v6-m/nofp/libc.a(libc_a-atexit.o)
 .ARM.attributes
                0x00000a1e       0x2c /usr/lib/gcc/arm-none-eabi/13.2.1/../../../arm-none-eabi/lib/thumb/v6-m/nofp/libc.a(libc_a-strlen-stub.o)
 .ARM.attributes
                0x00000a4a       0x2c /usr/lib/gcc/arm-none-eabi/13.2.1/../../../arm-none-eabi/lib/thumb/v6-m/nofp/libc.a(libc_a-fini.o)
 .ARM.attributes
                0x00000a76       0x2c /usr/lib/gcc/arm-none-eabi/13.2.1/../../../arm-none-eabi/lib/thumb/v6-m/nofp/libc.a(libc_a-__atexit.o)
 .ARM.attributes
                0x00000aa2       0x2c /usr/lib/gcc/arm-none-eabi/13.2.1/../../../arm-none-eabi/lib/thumb/v6-m/nofp/libc.a(libc_a-__call_atexit.o)
 .ARM.attributes
                0x00000ace       0x2c /usr/lib/gcc/arm-none-eabi/13.2.1/thumb/v6-m/nofp/crtend.o

.comment        0x00000000       0x26
 .comment       0x00000000       0x26 /usr/lib/gcc/arm-none-eabi/13.2.1/thumb/v6-m/nofp/crtbegin.o
                                 0x27 (size before relaxing)
 .comment       0x00000026       0x27 CMakeFiles/rp2040_ssd1306.dir/main.cpp.obj
 .comment       0x00000026       0x27 CMakeFiles/rp2040_ssd1306.dir/libs/U8g2/csrc/u8x8_8x8.c.obj
 .comment       0x00000026       0x27 CMakeFiles/rp2040_ssd1306.dir/libs/U8g2/csrc/u8g2_setup.c.obj
 .comment       0x00000026       0x27 CMakeFiles/rp2040_ssd1306.dir/libs/U8g2/csrc/u8x8_setup.c.obj
 .comment       0x00000026       0x27 CMakeFiles/rp2040_ssd1306.dir/libs/U8g2/csrc/u8g2_d_setup.c.obj
 .comment       0x00000026       0x27 CMakeFiles/rp2040_ssd1306.dir/libs/U8g2/csrc/u8x8_display.c.obj
 .comment       0x00000026       0x27 CMakeFiles/rp2040_ssd1306.dir/libs/U8g2/csrc/u8x8_cad.c.obj
 .comment       0x00000026       0x27 CMakeFiles/rp2040_ssd1306.dir/libs/U8g2/csrc/u8x8_byte.c.obj
 .comment       0x00000026       0x27 CMakeFiles/rp2040_ssd1306.dir/libs/U8g2/csrc/u8g2_font.c.obj
 .comment       0x00000026       0x27 CMakeFiles/rp2040_ssd1306.dir/libs/U8g2/csrc/u8g2_fonts.c.obj
 .comment       0x00000026       0x27 CMakeFiles/rp2040_ssd1306.dir/libs/U8g2/csrc/u8x8_gpio.c.obj
 .comment       0x00000026       0x27 CMakeFiles/rp2040_ssd1306.dir/libs/U8g2/csrc/u8g2_hvline.c.obj
 .comment       0x00000026       0x27 CMakeFiles/rp2040_ssd1306.dir/libs/U8g2/csrc/u8g2_buffer.c.obj
 .comment       0x00000026       0x27 CMakeFiles/rp2040_ssd1306.dir/libs/U8g2/csrc/u8g2_bitmap.c.obj
 .comment       0x00000026       0x27 CMakeFiles/rp2040_ssd1306.dir/libs/U8g2/csrc/u8g2_d_memory.c.obj
 .comment       0x00000026       0x27 CMakeFiles/rp2040_ssd1306.dir/libs/U8g2/csrc/u8g2_ll_hvline.c.obj
 .comment       0x00000026       0x27 CMakeFiles/rp2040_ssd1306.dir/libs/U8g2/csrc/u8g2_intersection.c.obj
 .comment       0x00000026       0x27 CMakeFiles/rp2040_ssd1306.dir/libs/U8g2/csrc/u8x8_d_ssd1306_128x64_noname.c.obj
 .comment       0x00000026       0x27 CMakeFiles/rp2040_ssd1306.dir/home/w0x7ce/pico-sdk/src/rp2_common/hardware_gpio/gpio.c.obj
 .comment       0x00000026       0x27 CMakeFiles/rp2040_ssd1306.dir/home/w0x7ce/pico-sdk/src/rp2_common/pico_platform/platform.c.obj
 .comment       0x00000026       0x27 CMakeFiles/rp2040_ssd1306.dir/home/w0x7ce/pico-sdk/src/rp2_common/hardware_claim/claim.c.obj
 .comment       0x00000026       0x27 CMakeFiles/rp2040_ssd1306.dir/home/w0x7ce/pico-sdk/src/rp2_common/hardware_sync/sync.c.obj
 .comment       0x00000026       0x27 CMakeFiles/rp2040_ssd1306.dir/home/w0x7ce/pico-sdk/src/rp2_common/hardware_irq/irq.c.obj
 .comment       0x00000026       0x27 CMakeFiles/rp2040_ssd1306.dir/home/w0x7ce/pico-sdk/src/common/pico_sync/lock_core.c.obj
 .comment       0x00000026       0x27 CMakeFiles/rp2040_ssd1306.dir/home/w0x7ce/pico-sdk/src/common/pico_sync/mutex.c.obj
 .comment       0x00000026       0x27 CMakeFiles/rp2040_ssd1306.dir/home/w0x7ce/pico-sdk/src/common/pico_time/time.c.obj
 .comment       0x00000026       0x27 CMakeFiles/rp2040_ssd1306.dir/home/w0x7ce/pico-sdk/src/rp2_common/hardware_timer/timer.c.obj
 .comment       0x00000026       0x27 CMakeFiles/rp2040_ssd1306.dir/home/w0x7ce/pico-sdk/src/common/pico_util/pheap.c.obj
 .comment       0x00000026       0x27 CMakeFiles/rp2040_ssd1306.dir/home/w0x7ce/pico-sdk/src/rp2_common/hardware_uart/uart.c.obj
 .comment       0x00000026       0x27 CMakeFiles/rp2040_ssd1306.dir/home/w0x7ce/pico-sdk/src/rp2_common/hardware_clocks/clocks.c.obj
 .comment       0x00000026       0x27 CMakeFiles/rp2040_ssd1306.dir/home/w0x7ce/pico-sdk/src/rp2_common/hardware_pll/pll.c.obj
 .comment       0x00000026       0x27 CMakeFiles/rp2040_ssd1306.dir/home/w0x7ce/pico-sdk/src/rp2_common/hardware_watchdog/watchdog.c.obj
 .comment       0x00000026       0x27 CMakeFiles/rp2040_ssd1306.dir/home/w0x7ce/pico-sdk/src/rp2_common/hardware_xosc/xosc.c.obj
 .comment       0x00000026       0x27 CMakeFiles/rp2040_ssd1306.dir/home/w0x7ce/pico-sdk/src/rp2_common/pico_runtime/runtime.c.obj
 .comment       0x00000026       0x27 CMakeFiles/rp2040_ssd1306.dir/home/w0x7ce/pico-sdk/src/rp2_common/pico_printf/printf.c.obj
 .comment       0x00000026       0x27 CMakeFiles/rp2040_ssd1306.dir/home/w0x7ce/pico-sdk/src/rp2_common/pico_bootrom/bootrom.c.obj
 .comment       0x00000026       0x27 CMakeFiles/rp2040_ssd1306.dir/home/w0x7ce/pico-sdk/src/rp2_common/pico_double/double_init_rom.c.obj
 .comment       0x00000026       0x27 CMakeFiles/rp2040_ssd1306.dir/home/w0x7ce/pico-sdk/src/rp2_common/pico_float/float_init_rom.c.obj
 .comment       0x00000026       0x27 CMakeFiles/rp2040_ssd1306.dir/home/w0x7ce/pico-sdk/src/rp2_common/pico_standard_link/binary_info.c.obj
 .comment       0x00000026       0x27 CMakeFiles/rp2040_ssd1306.dir/home/w0x7ce/pico-sdk/src/rp2_common/pico_stdio/stdio.c.obj
 .comment       0x00000026       0x27 CMakeFiles/rp2040_ssd1306.dir/home/w0x7ce/pico-sdk/src/rp2_common/pico_stdio_uart/stdio_uart.c.obj
 .comment       0x00000026       0x27 CMakeFiles/rp2040_ssd1306.dir/home/w0x7ce/pico-sdk/src/rp2_common/hardware_spi/spi.c.obj
 .comment       0x00000026       0x27 CMakeFiles/rp2040_ssd1306.dir/home/w0x7ce/pico-sdk/src/rp2_common/hardware_dma/dma.c.obj
 .comment       0x00000026       0x27 /usr/lib/gcc/arm-none-eabi/13.2.1/../../../arm-none-eabi/lib/thumb/v6-m/nofp/libc.a(libc_a-rand.o)
 .comment       0x00000026       0x27 /usr/lib/gcc/arm-none-eabi/13.2.1/../../../arm-none-eabi/lib/thumb/v6-m/nofp/libc.a(libc_a-random.o)
 .comment       0x00000026       0x27 /usr/lib/gcc/arm-none-eabi/13.2.1/../../../arm-none-eabi/lib/thumb/v6-m/nofp/libc.a(libc_a-impure.o)
 .comment       0x00000026       0x27 /usr/lib/gcc/arm-none-eabi/13.2.1/../../../arm-none-eabi/lib/thumb/v6-m/nofp/libc.a(libc_a-findfp.o)
 .comment       0x00000026       0x27 /usr/lib/gcc/arm-none-eabi/13.2.1/../../../arm-none-eabi/lib/thumb/v6-m/nofp/libc.a(libc_a-atexit.o)
 .comment       0x00000026       0x27 /usr/lib/gcc/arm-none-eabi/13.2.1/../../../arm-none-eabi/lib/thumb/v6-m/nofp/libc.a(libc_a-strlen-stub.o)
 .comment       0x00000026       0x27 /usr/lib/gcc/arm-none-eabi/13.2.1/../../../arm-none-eabi/lib/thumb/v6-m/nofp/libc.a(libc_a-fini.o)
 .comment       0x00000026       0x27 /usr/lib/gcc/arm-none-eabi/13.2.1/../../../arm-none-eabi/lib/thumb/v6-m/nofp/libc.a(libc_a-__atexit.o)
 .comment       0x00000026       0x27 /usr/lib/gcc/arm-none-eabi/13.2.1/../../../arm-none-eabi/lib/thumb/v6-m/nofp/libc.a(libc_a-__call_atexit.o)
 .comment       0x00000026       0x27 /usr/lib/gcc/arm-none-eabi/13.2.1/thumb/v6-m/nofp/crtend.o

.debug_line     0x00000000     0x1100
 .debug_line    0x00000000       0x4a /usr/lib/gcc/arm-none-eabi/13.2.1/thumb/v6-m/nofp/libgcc.a(_dvmd_tls.o)
 .debug_line    0x0000004a      0x191 /usr/lib/gcc/arm-none-eabi/13.2.1/../../../arm-none-eabi/lib/thumb/v6-m/nofp/libc.a(libc_a-rand.o)
 .debug_line    0x000001db      0x192 /usr/lib/gcc/arm-none-eabi/13.2.1/../../../arm-none-eabi/lib/thumb/v6-m/nofp/libc.a(libc_a-random.o)
 .debug_line    0x0000036d       0xe7 /usr/lib/gcc/arm-none-eabi/13.2.1/../../../arm-none-eabi/lib/thumb/v6-m/nofp/libc.a(libc_a-impure.o)
 .debug_line    0x00000454      0x58a /usr/lib/gcc/arm-none-eabi/13.2.1/../../../arm-none-eabi/lib/thumb/v6-m/nofp/libc.a(libc_a-findfp.o)
 .debug_line    0x000009de       0xc6 /usr/lib/gcc/arm-none-eabi/13.2.1/../../../arm-none-eabi/lib/thumb/v6-m/nofp/libc.a(libc_a-atexit.o)
 .debug_line    0x00000aa4      0x1aa /usr/lib/gcc/arm-none-eabi/13.2.1/../../../arm-none-eabi/lib/thumb/v6-m/nofp/libc.a(libc_a-strlen-stub.o)
 .debug_line    0x00000c4e       0xd1 /usr/lib/gcc/arm-none-eabi/13.2.1/../../../arm-none-eabi/lib/thumb/v6-m/nofp/libc.a(libc_a-fini.o)
 .debug_line    0x00000d1f      0x163 /usr/lib/gcc/arm-none-eabi/13.2.1/../../../arm-none-eabi/lib/thumb/v6-m/nofp/libc.a(libc_a-__atexit.o)
 .debug_line    0x00000e82      0x27e /usr/lib/gcc/arm-none-eabi/13.2.1/../../../arm-none-eabi/lib/thumb/v6-m/nofp/libc.a(libc_a-__call_atexit.o)

.debug_line_str
                0x00000000       0x97
 .debug_line_str
                0x00000000       0x97 /usr/lib/gcc/arm-none-eabi/13.2.1/thumb/v6-m/nofp/libgcc.a(_dvmd_tls.o)

.debug_info     0x00000000     0x2c65
 .debug_info    0x00000000       0x3c /usr/lib/gcc/arm-none-eabi/13.2.1/thumb/v6-m/nofp/libgcc.a(_dvmd_tls.o)
 .debug_info    0x0000003c      0x76a /usr/lib/gcc/arm-none-eabi/13.2.1/../../../arm-none-eabi/lib/thumb/v6-m/nofp/libc.a(libc_a-rand.o)
 .debug_info    0x000007a6      0x76c /usr/lib/gcc/arm-none-eabi/13.2.1/../../../arm-none-eabi/lib/thumb/v6-m/nofp/libc.a(libc_a-random.o)
 .debug_info    0x00000f12      0x729 /usr/lib/gcc/arm-none-eabi/13.2.1/../../../arm-none-eabi/lib/thumb/v6-m/nofp/libc.a(libc_a-impure.o)
 .debug_info    0x0000163b      0xea9 /usr/lib/gcc/arm-none-eabi/13.2.1/../../../arm-none-eabi/lib/thumb/v6-m/nofp/libc.a(libc_a-findfp.o)
 .debug_info    0x000024e4      0x11e /usr/lib/gcc/arm-none-eabi/13.2.1/../../../arm-none-eabi/lib/thumb/v6-m/nofp/libc.a(libc_a-atexit.o)
 .debug_info    0x00002602       0xeb /usr/lib/gcc/arm-none-eabi/13.2.1/../../../arm-none-eabi/lib/thumb/v6-m/nofp/libc.a(libc_a-strlen-stub.o)
 .debug_info    0x000026ed       0xf7 /usr/lib/gcc/arm-none-eabi/13.2.1/../../../arm-none-eabi/lib/thumb/v6-m/nofp/libc.a(libc_a-fini.o)
 .debug_info    0x000027e4      0x1fd /usr/lib/gcc/arm-none-eabi/13.2.1/../../../arm-none-eabi/lib/thumb/v6-m/nofp/libc.a(libc_a-__atexit.o)
 .debug_info    0x000029e1      0x284 /usr/lib/gcc/arm-none-eabi/13.2.1/../../../arm-none-eabi/lib/thumb/v6-m/nofp/libc.a(libc_a-__call_atexit.o)

.debug_abbrev   0x00000000      0xf0b
 .debug_abbrev  0x00000000       0x26 /usr/lib/gcc/arm-none-eabi/13.2.1/thumb/v6-m/nofp/libgcc.a(_dvmd_tls.o)
 .debug_abbrev  0x00000026      0x1f4 /usr/lib/gcc/arm-none-eabi/13.2.1/../../../arm-none-eabi/lib/thumb/v6-m/nofp/libc.a(libc_a-rand.o)
 .debug_abbrev  0x0000021a      0x1f4 /usr/lib/gcc/arm-none-eabi/13.2.1/../../../arm-none-eabi/lib/thumb/v6-m/nofp/libc.a(libc_a-random.o)
 .debug_abbrev  0x0000040e      0x185 /usr/lib/gcc/arm-none-eabi/13.2.1/../../../arm-none-eabi/lib/thumb/v6-m/nofp/libc.a(libc_a-impure.o)
 .debug_abbrev  0x00000593      0x430 /usr/lib/gcc/arm-none-eabi/13.2.1/../../../arm-none-eabi/lib/thumb/v6-m/nofp/libc.a(libc_a-findfp.o)
 .debug_abbrev  0x000009c3       0xbe /usr/lib/gcc/arm-none-eabi/13.2.1/../../../arm-none-eabi/lib/thumb/v6-m/nofp/libc.a(libc_a-atexit.o)
 .debug_abbrev  0x00000a81       0x90 /usr/lib/gcc/arm-none-eabi/13.2.1/../../../arm-none-eabi/lib/thumb/v6-m/nofp/libc.a(libc_a-strlen-stub.o)
 .debug_abbrev  0x00000b11       0xc9 /usr/lib/gcc/arm-none-eabi/13.2.1/../../../arm-none-eabi/lib/thumb/v6-m/nofp/libc.a(libc_a-fini.o)
 .debug_abbrev  0x00000bda      0x157 /usr/lib/gcc/arm-none-eabi/13.2.1/../../../arm-none-eabi/lib/thumb/v6-m/nofp/libc.a(libc_a-__atexit.o)
 .debug_abbrev  0x00000d31      0x1da /usr/lib/gcc/arm-none-eabi/13.2.1/../../../arm-none-eabi/lib/thumb/v6-m/nofp/libc.a(libc_a-__call_atexit.o)

.debug_aranges  0x00000000      0x140
 .debug_aranges
                0x00000000       0x20 /usr/lib/gcc/arm-none-eabi/13.2.1/thumb/v6-m/nofp/libgcc.a(_dvmd_tls.o)
 .debug_aranges
                0x00000020       0x20 /usr/lib/gcc/arm-none-eabi/13.2.1/../../../arm-none-eabi/lib/thumb/v6-m/nofp/libc.a(libc_a-rand.o)
 .debug_aranges
                0x00000040       0x20 /usr/lib/gcc/arm-none-eabi/13.2.1/../../../arm-none-eabi/lib/thumb/v6-m/nofp/libc.a(libc_a-random.o)
 .debug_aranges
                0x00000060       0x18 /usr/lib/gcc/arm-none-eabi/13.2.1/../../../arm-none-eabi/lib/thumb/v6-m/nofp/libc.a(libc_a-impure.o)
 .debug_aranges
                0x00000078       0x20 /usr/lib/gcc/arm-none-eabi/13.2.1/../../../arm-none-eabi/lib/thumb/v6-m/nofp/libc.a(libc_a-findfp.o)
 .debug_aranges
                0x00000098       0x20 /usr/lib/gcc/arm-none-eabi/13.2.1/../../../arm-none-eabi/lib/thumb/v6-m/nofp/libc.a(libc_a-atexit.o)
 .debug_aranges
                0x000000b8       0x20 /usr/lib/gcc/arm-none-eabi/13.2.1/../../../arm-none-eabi/lib/thumb/v6-m/nofp/libc.a(libc_a-strlen-stub.o)
 .debug_aranges
                0x000000d8       0x20 /usr/lib/gcc/arm-none-eabi/13.2.1/../../../arm-none-eabi/lib/thumb/v6-m/nofp/libc.a(libc_a-fini.o)
 .debug_aranges
                0x000000f8       0x20 /usr/lib/gcc/arm-none-eabi/13.2.1/../../../arm-none-eabi/lib/thumb/v6-m/nofp/libc.a(libc_a-__atexit.o)
 .debug_aranges
                0x00000118       0x28 /usr/lib/gcc/arm-none-eabi/13.2.1/../../../arm-none-eabi/lib/thumb/v6-m/nofp/libc.a(libc_a-__call_atexit.o)

.debug_str      0x00000000      0x9ba
 .debug_str     0x00000000      0x9ba /usr/lib/gcc/arm-none-eabi/13.2.1/thumb/v6-m/nofp/libgcc.a(_dvmd_tls.o)
                                 0xbf (size before relaxing)
 .debug_str     0x000009ba      0x4b5 /usr/lib/gcc/arm-none-eabi/13.2.1/../../../arm-none-eabi/lib/thumb/v6-m/nofp/libc.a(libc_a-rand.o)
 .debug_str     0x000009ba      0x4bb /usr/lib/gcc/arm-none-eabi/13.2.1/../../../arm-none-eabi/lib/thumb/v6-m/nofp/libc.a(libc_a-random.o)
 .debug_str     0x000009ba      0x4a5 /usr/lib/gcc/arm-none-eabi/13.2.1/../../../arm-none-eabi/lib/thumb/v6-m/nofp/libc.a(libc_a-impure.o)
 .debug_str     0x000009ba      0x6a8 /usr/lib/gcc/arm-none-eabi/13.2.1/../../../arm-none-eabi/lib/thumb/v6-m/nofp/libc.a(libc_a-findfp.o)
 .debug_str     0x000009ba      0x1ca /usr/lib/gcc/arm-none-eabi/13.2.1/../../../arm-none-eabi/lib/thumb/v6-m/nofp/libc.a(libc_a-atexit.o)
 .debug_str     0x000009ba      0x1aa /usr/lib/gcc/arm-none-eabi/13.2.1/../../../arm-none-eabi/lib/thumb/v6-m/nofp/libc.a(libc_a-strlen-stub.o)
 .debug_str     0x000009ba      0x1c4 /usr/lib/gcc/arm-none-eabi/13.2.1/../../../arm-none-eabi/lib/thumb/v6-m/nofp/libc.a(libc_a-fini.o)
 .debug_str     0x000009ba      0x235 /usr/lib/gcc/arm-none-eabi/13.2.1/../../../arm-none-eabi/lib/thumb/v6-m/nofp/libc.a(libc_a-__atexit.o)
 .debug_str     0x000009ba      0x257 /usr/lib/gcc/arm-none-eabi/13.2.1/../../../arm-none-eabi/lib/thumb/v6-m/nofp/libc.a(libc_a-__call_atexit.o)

.debug_loclists
                0x00000000      0x529
 .debug_loclists
                0x00000000       0x36 /usr/lib/gcc/arm-none-eabi/13.2.1/../../../arm-none-eabi/lib/thumb/v6-m/nofp/libc.a(libc_a-rand.o)
 .debug_loclists
                0x00000036       0x36 /usr/lib/gcc/arm-none-eabi/13.2.1/../../../arm-none-eabi/lib/thumb/v6-m/nofp/libc.a(libc_a-random.o)
 .debug_loclists
                0x0000006c      0x1dd /usr/lib/gcc/arm-none-eabi/13.2.1/../../../arm-none-eabi/lib/thumb/v6-m/nofp/libc.a(libc_a-findfp.o)
 .debug_loclists
                0x00000249       0x2b /usr/lib/gcc/arm-none-eabi/13.2.1/../../../arm-none-eabi/lib/thumb/v6-m/nofp/libc.a(libc_a-atexit.o)
 .debug_loclists
                0x00000274       0x57 /usr/lib/gcc/arm-none-eabi/13.2.1/../../../arm-none-eabi/lib/thumb/v6-m/nofp/libc.a(libc_a-strlen-stub.o)
 .debug_loclists
                0x000002cb       0x2c /usr/lib/gcc/arm-none-eabi/13.2.1/../../../arm-none-eabi/lib/thumb/v6-m/nofp/libc.a(libc_a-fini.o)
 .debug_loclists
                0x000002f7       0xff /usr/lib/gcc/arm-none-eabi/13.2.1/../../../arm-none-eabi/lib/thumb/v6-m/nofp/libc.a(libc_a-__atexit.o)
 .debug_loclists
                0x000003f6      0x133 /usr/lib/gcc/arm-none-eabi/13.2.1/../../../arm-none-eabi/lib/thumb/v6-m/nofp/libc.a(libc_a-__call_atexit.o)

.debug_frame    0x00000000      0x284
 .debug_frame   0x00000000       0x38 /usr/lib/gcc/arm-none-eabi/13.2.1/../../../arm-none-eabi/lib/thumb/v6-m/nofp/libc.a(libc_a-rand.o)
 .debug_frame   0x00000038       0x38 /usr/lib/gcc/arm-none-eabi/13.2.1/../../../arm-none-eabi/lib/thumb/v6-m/nofp/libc.a(libc_a-random.o)
 .debug_frame   0x00000070      0x110 /usr/lib/gcc/arm-none-eabi/13.2.1/../../../arm-none-eabi/lib/thumb/v6-m/nofp/libc.a(libc_a-findfp.o)
 .debug_frame   0x00000180       0x28 /usr/lib/gcc/arm-none-eabi/13.2.1/../../../arm-none-eabi/lib/thumb/v6-m/nofp/libc.a(libc_a-atexit.o)
 .debug_frame   0x000001a8       0x28 /usr/lib/gcc/arm-none-eabi/13.2.1/../../../arm-none-eabi/lib/thumb/v6-m/nofp/libc.a(libc_a-strlen-stub.o)
 .debug_frame   0x000001d0       0x2c /usr/lib/gcc/arm-none-eabi/13.2.1/../../../arm-none-eabi/lib/thumb/v6-m/nofp/libc.a(libc_a-fini.o)
 .debug_frame   0x000001fc       0x34 /usr/lib/gcc/arm-none-eabi/13.2.1/../../../arm-none-eabi/lib/thumb/v6-m/nofp/libc.a(libc_a-__atexit.o)
 .debug_frame   0x00000230       0x54 /usr/lib/gcc/arm-none-eabi/13.2.1/../../../arm-none-eabi/lib/thumb/v6-m/nofp/libc.a(libc_a-__call_atexit.o)

.debug_rnglists
                0x00000000       0x9d
 .debug_rnglists
                0x00000000       0x6d /usr/lib/gcc/arm-none-eabi/13.2.1/../../../arm-none-eabi/lib/thumb/v6-m/nofp/libc.a(libc_a-findfp.o)
 .debug_rnglists
                0x0000006d       0x30 /usr/lib/gcc/arm-none-eabi/13.2.1/../../../arm-none-eabi/lib/thumb/v6-m/nofp/libc.a(libc_a-__call_atexit.o)
